Archive member included to satisfy reference by file (symbol)

/usr/lib/gcc/arm-none-eabi/10.3.1/../../../arm-none-eabi/lib/thumb/v7-m/nofp/libg_nano.a(lib_a-atexit.o)
                              /usr/lib/gcc/arm-none-eabi/10.3.1/../../../arm-none-eabi/lib/thumb/v7-m/nofp/crt0.o (atexit)
/usr/lib/gcc/arm-none-eabi/10.3.1/../../../arm-none-eabi/lib/thumb/v7-m/nofp/libg_nano.a(lib_a-atoi.o)
                              CMakeFiles/Pusher_Motor.dir/Core/Src/cli.c.obj (atoi)
/usr/lib/gcc/arm-none-eabi/10.3.1/../../../arm-none-eabi/lib/thumb/v7-m/nofp/libg_nano.a(lib_a-ctype_.o)
                              CMakeFiles/Pusher_Motor.dir/Core/Src/cli.c.obj (_ctype_)
/usr/lib/gcc/arm-none-eabi/10.3.1/../../../arm-none-eabi/lib/thumb/v7-m/nofp/libg_nano.a(lib_a-errno.o)
                              CMakeFiles/Pusher_Motor.dir/Core/Src/sysmem.c.obj (__errno)
/usr/lib/gcc/arm-none-eabi/10.3.1/../../../arm-none-eabi/lib/thumb/v7-m/nofp/libg_nano.a(lib_a-exit.o)
                              /usr/lib/gcc/arm-none-eabi/10.3.1/../../../arm-none-eabi/lib/thumb/v7-m/nofp/crt0.o (exit)
/usr/lib/gcc/arm-none-eabi/10.3.1/../../../arm-none-eabi/lib/thumb/v7-m/nofp/libg_nano.a(lib_a-fini.o)
                              /usr/lib/gcc/arm-none-eabi/10.3.1/../../../arm-none-eabi/lib/thumb/v7-m/nofp/crt0.o (__libc_fini_array)
/usr/lib/gcc/arm-none-eabi/10.3.1/../../../arm-none-eabi/lib/thumb/v7-m/nofp/libg_nano.a(lib_a-impure.o)
                              /usr/lib/gcc/arm-none-eabi/10.3.1/../../../arm-none-eabi/lib/thumb/v7-m/nofp/libg_nano.a(lib_a-exit.o) (_global_impure_ptr)
/usr/lib/gcc/arm-none-eabi/10.3.1/../../../arm-none-eabi/lib/thumb/v7-m/nofp/libg_nano.a(lib_a-init.o)
                              /usr/lib/gcc/arm-none-eabi/10.3.1/../../../arm-none-eabi/lib/thumb/v7-m/nofp/crt0.o (__libc_init_array)
/usr/lib/gcc/arm-none-eabi/10.3.1/../../../arm-none-eabi/lib/thumb/v7-m/nofp/libg_nano.a(lib_a-memmove.o)
                              CMakeFiles/Pusher_Motor.dir/Core/Src/cli.c.obj (memmove)
/usr/lib/gcc/arm-none-eabi/10.3.1/../../../arm-none-eabi/lib/thumb/v7-m/nofp/libg_nano.a(lib_a-memset.o)
                              /usr/lib/gcc/arm-none-eabi/10.3.1/../../../arm-none-eabi/lib/thumb/v7-m/nofp/crt0.o (memset)
/usr/lib/gcc/arm-none-eabi/10.3.1/../../../arm-none-eabi/lib/thumb/v7-m/nofp/libg_nano.a(lib_a-sprintf.o)
                              CMakeFiles/Pusher_Motor.dir/Core/Src/cli.c.obj (sprintf)
/usr/lib/gcc/arm-none-eabi/10.3.1/../../../arm-none-eabi/lib/thumb/v7-m/nofp/libg_nano.a(lib_a-strchr.o)
                              CMakeFiles/Pusher_Motor.dir/Core/Src/cli.c.obj (strchr)
/usr/lib/gcc/arm-none-eabi/10.3.1/../../../arm-none-eabi/lib/thumb/v7-m/nofp/libg_nano.a(lib_a-strcmp.o)
                              CMakeFiles/Pusher_Motor.dir/Core/Src/cli.c.obj (strcmp)
/usr/lib/gcc/arm-none-eabi/10.3.1/../../../arm-none-eabi/lib/thumb/v7-m/nofp/libg_nano.a(lib_a-strlen-stub.o)
                              CMakeFiles/Pusher_Motor.dir/Core/Src/cli.c.obj (strlen)
/usr/lib/gcc/arm-none-eabi/10.3.1/../../../arm-none-eabi/lib/thumb/v7-m/nofp/libg_nano.a(lib_a-strncpy.o)
                              CMakeFiles/Pusher_Motor.dir/Core/Src/cli.c.obj (strncpy)
/usr/lib/gcc/arm-none-eabi/10.3.1/../../../arm-none-eabi/lib/thumb/v7-m/nofp/libg_nano.a(lib_a-strtol.o)
                              /usr/lib/gcc/arm-none-eabi/10.3.1/../../../arm-none-eabi/lib/thumb/v7-m/nofp/libg_nano.a(lib_a-atoi.o) (_strtol_r)
/usr/lib/gcc/arm-none-eabi/10.3.1/../../../arm-none-eabi/lib/thumb/v7-m/nofp/libg_nano.a(lib_a-__atexit.o)
                              /usr/lib/gcc/arm-none-eabi/10.3.1/../../../arm-none-eabi/lib/thumb/v7-m/nofp/libg_nano.a(lib_a-atexit.o) (__register_exitproc)
/usr/lib/gcc/arm-none-eabi/10.3.1/../../../arm-none-eabi/lib/thumb/v7-m/nofp/libg_nano.a(lib_a-__call_atexit.o)
                              /usr/lib/gcc/arm-none-eabi/10.3.1/../../../arm-none-eabi/lib/thumb/v7-m/nofp/libg_nano.a(lib_a-__atexit.o) (__call_exitprocs)
/usr/lib/gcc/arm-none-eabi/10.3.1/../../../arm-none-eabi/lib/thumb/v7-m/nofp/libg_nano.a(lib_a-nano-svfprintf.o)
                              /usr/lib/gcc/arm-none-eabi/10.3.1/../../../arm-none-eabi/lib/thumb/v7-m/nofp/libg_nano.a(lib_a-sprintf.o) (_svfprintf_r)
/usr/lib/gcc/arm-none-eabi/10.3.1/../../../arm-none-eabi/lib/thumb/v7-m/nofp/libg_nano.a(lib_a-nano-vfprintf_i.o)
                              /usr/lib/gcc/arm-none-eabi/10.3.1/../../../arm-none-eabi/lib/thumb/v7-m/nofp/libg_nano.a(lib_a-nano-svfprintf.o) (_printf_i)
/usr/lib/gcc/arm-none-eabi/10.3.1/../../../arm-none-eabi/lib/thumb/v7-m/nofp/libg_nano.a(lib_a-memchr-stub.o)
                              /usr/lib/gcc/arm-none-eabi/10.3.1/../../../arm-none-eabi/lib/thumb/v7-m/nofp/libg_nano.a(lib_a-nano-svfprintf.o) (memchr)
/usr/lib/gcc/arm-none-eabi/10.3.1/../../../arm-none-eabi/lib/thumb/v7-m/nofp/libg_nano.a(lib_a-memcpy.o)
[...]
Memory Configuration

Name             Origin             Length             Attributes
RAM              0x0000000020000000 0x0000000000005000 xrw
FLASH            0x0000000008000000 0x0000000000010000 xr
*default*        0x0000000000000000 0xffffffffffffffff

Linker script and memory map

LOAD /usr/lib/gcc/arm-none-eabi/10.3.1/thumb/v7-m/nofp/crti.o
LOAD /usr/lib/gcc/arm-none-eabi/10.3.1/thumb/v7-m/nofp/crtbegin.o
LOAD /usr/lib/gcc/arm-none-eabi/10.3.1/../../../arm-none-eabi/lib/thumb/v7-m/nofp/crt0.o
LOAD cmake/stm32cubemx/CMakeFiles/STM32_Drivers.dir/__/__/Core/Src/system_stm32f1xx.c.obj
LOAD cmake/stm32cubemx/CMakeFiles/STM32_Drivers.dir/__/__/Drivers/STM32F1xx_HAL_Driver/Src/stm32f1xx_hal_gpio_ex.c.obj
LOAD cmake/stm32cubemx/CMakeFiles/STM32_Drivers.dir/__/__/Drivers/STM32F1xx_HAL_Driver/Src/stm32f1xx_hal_tim.c.obj
LOAD cmake/stm32cubemx/CMakeFiles/STM32_Drivers.dir/__/__/Drivers/STM32F1xx_HAL_Driver/Src/stm32f1xx_hal_tim_ex.c.obj
LOAD cmake/stm32cubemx/CMakeFiles/STM32_Drivers.dir/__/__/Drivers/STM32F1xx_HAL_Driver/Src/stm32f1xx_hal.c.obj
LOAD cmake/stm32cubemx/CMakeFiles/STM32_Drivers.dir/__/__/Drivers/STM32F1xx_HAL_Driver/Src/stm32f1xx_hal_rcc.c.obj
LOAD cmake/stm32cubemx/CMakeFiles/STM32_Drivers.dir/__/__/Drivers/STM32F1xx_HAL_Driver/Src/stm32f1xx_hal_rcc_ex.c.obj
LOAD cmake/stm32cubemx/CMakeFiles/STM32_Drivers.dir/__/__/Drivers/STM32F1xx_HAL_Driver/Src/stm32f1xx_hal_gpio.c.obj
LOAD cmake/stm32cubemx/CMakeFiles/STM32_Drivers.dir/__/__/Drivers/STM32F1xx_HAL_Driver/Src/stm32f1xx_hal_dma.c.obj
LOAD cmake/stm32cubemx/CMakeFiles/STM32_Drivers.dir/__/__/Drivers/STM32F1xx_HAL_Driver/Src/stm32f1xx_hal_cortex.c.obj
LOAD cmake/stm32cubemx/CMakeFiles/STM32_Drivers.dir/__/__/Drivers/STM32F1xx_HAL_Driver/Src/stm32f1xx_hal_pwr.c.obj
LOAD cmake/stm32cubemx/CMakeFiles/STM32_Drivers.dir/__/__/Drivers/STM32F1xx_HAL_Driver/Src/stm32f1xx_hal_flash.c.obj
LOAD cmake/stm32cubemx/CMakeFiles/STM32_Drivers.dir/__/__/Drivers/STM32F1xx_HAL_Driver/Src/stm32f1xx_hal_flash_ex.c.obj
LOAD cmake/stm32cubemx/CMakeFiles/STM32_Drivers.dir/__/__/Drivers/STM32F1xx_HAL_Driver/Src/stm32f1xx_hal_exti.c.obj
LOAD cmake/stm32cubemx/CMakeFiles/STM32_Drivers.dir/__/__/Drivers/STM32F1xx_HAL_Driver/Src/stm32f1xx_hal_uart.c.obj
LOAD CMakeFiles/Pusher_Motor.dir/Core/Src/main.c.obj
LOAD CMakeFiles/Pusher_Motor.dir/Core/Src/gpio.c.obj
LOAD CMakeFiles/Pusher_Motor.dir/Core/Src/tim.c.obj
LOAD CMakeFiles/Pusher_Motor.dir/Core/Src/usart.c.obj
LOAD CMakeFiles/Pusher_Motor.dir/Core/Src/stm32f1xx_it.c.obj
LOAD CMakeFiles/Pusher_Motor.dir/Core/Src/stm32f1xx_hal_msp.c.obj
LOAD CMakeFiles/Pusher_Motor.dir/Core/Src/sysmem.c.obj
LOAD CMakeFiles/Pusher_Motor.dir/Core/Src/syscalls.c.obj
LOAD CMakeFiles/Pusher_Motor.dir/Core/Src/pusher_motor.c.obj
LOAD CMakeFiles/Pusher_Motor.dir/Core/Src/cli.c.obj
LOAD CMakeFiles/Pusher_Motor.dir/Core/Src/flash_storage.c.obj
LOAD CMakeFiles/Pusher_Motor.dir/startup_stm32f103xb.s.obj
LOAD /usr/lib/gcc/arm-none-eabi/10.3.1/../../../arm-none-eabi/lib/thumb/v7-m/nofp/libm.a
START GROUP
LOAD /usr/lib/gcc/arm-none-eabi/10.3.1/thumb/v7-m/nofp/libgcc.a
LOAD /usr/lib/gcc/arm-none-eabi/10.3.1/../../../arm-none-eabi/lib/thumb/v7-m/nofp/libg_nano.a
LOAD /usr/lib/gcc/arm-none-eabi/10.3.1/../../../arm-none-eabi/lib/thumb/v7-m/nofp/libc_nano.a
END GROUP
START GROUP
LOAD /usr/lib/gcc/arm-none-eabi/10.3.1/thumb/v7-m/nofp/libgcc.a
LOAD /usr/lib/gcc/arm-none-eabi/10.3.1/../../../arm-none-eabi/lib/thumb/v7-m/nofp/libc_nano.a
END GROUP
LOAD /usr/lib/gcc/arm-none-eabi/10.3.1/thumb/v7-m/nofp/crtend.o
LOAD /usr/lib/gcc/arm-none-eabi/10.3.1/thumb/v7-m/nofp/crtn.o
                0x0000000020005000                _estack = (ORIGIN (RAM) + LENGTH (RAM))
                0x0000000000000200                _Min_Heap_Size = 0x200
                0x0000000000000400                _Min_Stack_Size = 0x400

.isr_vector     0x0000000008000000      0x10c
                0x0000000008000000                . = ALIGN (0x4)
 *(.isr_vector)
 .isr_vector    0x0000000008000000      0x10c CMakeFiles/Pusher_Motor.dir/startup_stm32f103xb.s.obj
                0x0000000008000000                g_pfnVectors
                0x000000000800010c                . = ALIGN (0x4)

.text           0x000000000800010c     0x4530
                0x000000000800010c                . = ALIGN (0x4)
 *(.text)
 .text          0x000000000800010c       0x88 /usr/lib/gcc/arm-none-eabi/10.3.1/thumb/v7-m/nofp/crtbegin.o
 .text          0x0000000008000194       0x10 /usr/lib/gcc/arm-none-eabi/10.3.1/../../../arm-none-eabi/lib/thumb/v7-m/nofp/libg_nano.a(lib_a-atoi.o)
                0x0000000008000194                atoi
                0x000000000800019c                _atoi_r
 .text          0x00000000080001a4        0xc /usr/lib/gcc/arm-none-eabi/10.3.1/../../../arm-none-eabi/lib/thumb/v7-m/nofp/libg_nano.a(lib_a-errno.o)
                0x00000000080001a4                __errno
 .text          0x00000000080001b0       0x48 /usr/lib/gcc/arm-none-eabi/10.3.1/../../../arm-none-eabi/lib/thumb/v7-m/nofp/libg_nano.a(lib_a-init.o)
                0x00000000080001b0                __libc_init_array
 .text          0x00000000080001f8       0xf8 /usr/lib/gcc/arm-none-eabi/10.3.1/../../../arm-none-eabi/lib/thumb/v7-m/nofp/libg_nano.a(lib_a-memmove.o)
                0x00000000080001f8                memmove
 .text          0x00000000080002f0       0xa4 /usr/lib/gcc/arm-none-eabi/10.3.1/../../../arm-none-eabi/lib/thumb/v7-m/nofp/libg_nano.a(lib_a-memset.o)
                0x00000000080002f0                memset
 .text          0x0000000008000394       0x80 /usr/lib/gcc/arm-none-eabi/10.3.1/../../../arm-none-eabi/lib/thumb/v7-m/nofp/libg_nano.a(lib_a-sprintf.o)
                0x0000000008000394                _siprintf_r
                0x0000000008000394                _sprintf_r
                0x00000000080003d0                sprintf
                0x00000000080003d0                siprintf
 .text          0x0000000008000414       0xcc /usr/lib/gcc/arm-none-eabi/10.3.1/../../../arm-none-eabi/lib/thumb/v7-m/nofp/libg_nano.a(lib_a-strchr.o)
                0x0000000008000414                strchr
 .text          0x00000000080004e0      0x1bc /usr/lib/gcc/arm-none-eabi/10.3.1/../../../arm-none-eabi/lib/thumb/v7-m/nofp/libg_nano.a(lib_a-strcmp.o)
                0x00000000080004e0                strcmp
 .text          0x000000000800069c       0x5c /usr/lib/gcc/arm-none-eabi/10.3.1/../../../arm-none-eabi/lib/thumb/v7-m/nofp/libg_nano.a(lib_a-strlen-stub.o)
                0x000000000800069c                strlen
 .text          0x00000000080006f8       0x68 /usr/lib/gcc/arm-none-eabi/10.3.1/../../../arm-none-eabi/lib/thumb/v7-m/nofp/libg_nano.a(lib_a-strncpy.o)
                0x00000000080006f8                strncpy
 .text          0x0000000008000760      0x190 /usr/lib/gcc/arm-none-eabi/10.3.1/../../../arm-none-eabi/lib/thumb/v7-m/nofp/libg_nano.a(lib_a-strtol.o)
                0x0000000008000880                _strtol_r
                0x0000000008000898                strtol_l
                0x00000000080008c4                strtol
 .text          0x00000000080008f0      0x3f4 /usr/lib/gcc/arm-none-eabi/10.3.1/../../../arm-none-eabi/lib/thumb/v7-m/nofp/libg_nano.a(lib_a-nano-svfprintf.o)
                0x00000000080008f0                __ssputs_r
                0x00000000080009b4                __ssprint_r
                0x0000000008000ab0                _svfprintf_r
                0x0000000008000ab0                _svfiprintf_r
 .text          0x0000000008000ce4      0x3d8 /usr/lib/gcc/arm-none-eabi/10.3.1/../../../arm-none-eabi/lib/thumb/v7-m/nofp/libg_nano.a(lib_a-nano-vfprintf_i.o)
                0x0000000008000ce4                _printf_common
                0x0000000008000e10                _printf_i
 .text          0x00000000080010bc       0x90 /usr/lib/gcc/arm-none-eabi/10.3.1/../../../arm-none-eabi/lib/thumb/v7-m/nofp/libg_nano.a(lib_a-memchr-stub.o)
                0x00000000080010bc                memchr
 .text          0x000000000800114c       0xec /usr/lib/gcc/arm-none-eabi/10.3.1/../../../arm-none-eabi/lib/thumb/v7-m/nofp/libg_nano.a(lib_a-memcpy.o)
                0x000000000800114c                memcpy
 .text          0x0000000008001238       0xcc /usr/lib/gcc/arm-none-eabi/10.3.1/../../../arm-none-eabi/lib/thumb/v7-m/nofp/libg_nano.a(lib_a-nano-freer.o)
                0x0000000008001238                _free_r
 .text          0x0000000008001304       0xb8 /usr/lib/gcc/arm-none-eabi/10.3.1/../../../arm-none-eabi/lib/thumb/v7-m/nofp/libg_nano.a(lib_a-nano-mallocr.o)
                0x0000000008001304                _malloc_r
 .text          0x00000000080013bc       0x50 /usr/lib/gcc/arm-none-eabi/10.3.1/../../../arm-none-eabi/lib/thumb/v7-m/nofp/libg_nano.a(lib_a-nano-reallocr.o)
                0x00000000080013bc                _realloc_r
 .text          0x000000000800140c       0x24 /usr/lib/gcc/arm-none-eabi/10.3.1/../../../arm-none-eabi/lib/thumb/v7-m/nofp/libg_nano.a(lib_a-sbrkr.o)
                0x000000000800140c                _sbrk_r
 .text          0x0000000008001430        0x8 /usr/lib/gcc/arm-none-eabi/10.3.1/../../../arm-none-eabi/lib/thumb/v7-m/nofp/libg_nano.a(lib_a-mlock.o)
                0x0000000008001430                __malloc_lock
                0x0000000008001434                __malloc_unlock
 .text          0x0000000008001438       0x14 /usr/lib/gcc/arm-none-eabi/10.3.1/../../../arm-none-eabi/lib/thumb/v7-m/nofp/libg_nano.a(lib_a-nano-msizer.o)
                0x0000000008001438                _malloc_usable_size_r
 *(.text*)
 .text.SystemInit
                0x000000000800144c        0xc cmake/stm32cubemx/CMakeFiles/STM32_Drivers.dir/__/__/Core/Src/system_stm32f1xx.c.obj
                0x000000000800144c                SystemInit
 .text.HAL_TIM_PWM_Init
                0x0000000008001458       0x9e cmake/stm32cubemx/CMakeFiles/STM32_Drivers.dir/__/__/Drivers/STM32F1xx_HAL_Driver/Src/stm32f1xx_hal_tim.c.obj
                0x0000000008001458                HAL_TIM_PWM_Init
 *fill*         0x00000000080014f6        0x2 
 .text.HAL_TIM_PWM_Start
                0x00000000080014f8      0x144 cmake/stm32cubemx/CMakeFiles/STM32_Drivers.dir/__/__/Drivers/STM32F1xx_HAL_Driver/Src/stm32f1xx_hal_tim.c.obj
                0x00000000080014f8                HAL_TIM_PWM_Start
 .text.HAL_TIM_PWM_ConfigChannel
                0x000000000800163c      0x184 cmake/stm32cubemx/CMakeFiles/STM32_Drivers.dir/__/__/Drivers/STM32F1xx_HAL_Driver/Src/stm32f1xx_hal_tim.c.obj
                0x000000000800163c                HAL_TIM_PWM_ConfigChannel
 .text.TIM_Base_SetConfig
                0x00000000080017c0       0xdc cmake/stm32cubemx/CMakeFiles/STM32_Drivers.dir/__/__/Drivers/STM32F1xx_HAL_Driver/Src/stm32f1xx_hal_tim.c.obj
                0x00000000080017c0                TIM_Base_SetConfig
 .text.TIM_OC1_SetConfig
                0x000000000800189c       0xcc cmake/stm32cubemx/CMakeFiles/STM32_Drivers.dir/__/__/Drivers/STM32F1xx_HAL_Driver/Src/stm32f1xx_hal_tim.c.obj
 .text.TIM_OC2_SetConfig
                0x0000000008001968       0xd4 cmake/stm32cubemx/CMakeFiles/STM32_Drivers.dir/__/__/Drivers/STM32F1xx_HAL_Driver/Src/stm32f1xx_hal_tim.c.obj
                0x0000000008001968                TIM_OC2_SetConfig
 .text.TIM_OC3_SetConfig
                0x0000000008001a3c       0xd4 cmake/stm32cubemx/CMakeFiles/STM32_Drivers.dir/__/__/Drivers/STM32F1xx_HAL_Driver/Src/stm32f1xx_hal_tim.c.obj
 .text.TIM_OC4_SetConfig
                0x0000000008001b10       0x9c cmake/stm32cubemx/CMakeFiles/STM32_Drivers.dir/__/__/Drivers/STM32F1xx_HAL_Driver/Src/stm32f1xx_hal_tim.c.obj
 .text.TIM_CCxChannelCmd
                0x0000000008001bac       0x48 cmake/stm32cubemx/CMakeFiles/STM32_Drivers.dir/__/__/Drivers/STM32F1xx_HAL_Driver/Src/stm32f1xx_hal_tim.c.obj
                0x0000000008001bac                TIM_CCxChannelCmd
 .text.HAL_TIMEx_MasterConfigSynchronization
                0x0000000008001bf4       0xbc cmake/stm32cubemx/CMakeFiles/STM32_Drivers.dir/__/__/Drivers/STM32F1xx_HAL_Driver/Src/stm32f1xx_hal_tim_ex.c.obj
                0x0000000008001bf4                HAL_TIMEx_MasterConfigSynchronization
 .text.HAL_Init
                0x0000000008001cb0       0x2c cmake/stm32cubemx/CMakeFiles/STM32_Drivers.dir/__/__/Drivers/STM32F1xx_HAL_Driver/Src/stm32f1xx_hal.c.obj
                0x0000000008001cb0                HAL_Init
 .text.HAL_InitTick
                0x0000000008001cdc       0x60 cmake/stm32cubemx/CMakeFiles/STM32_Drivers.dir/__/__/Drivers/STM32F1xx_HAL_Driver/Src/stm32f1xx_hal.c.obj
                0x0000000008001cdc                HAL_InitTick
 .text.HAL_IncTick
                0x0000000008001d3c       0x24 cmake/stm32cubemx/CMakeFiles/STM32_Drivers.dir/__/__/Drivers/STM32F1xx_HAL_Driver/Src/stm32f1xx_hal.c.obj
                0x0000000008001d3c                HAL_IncTick
 .text.HAL_GetTick
                0x0000000008001d60       0x14 cmake/stm32cubemx/CMakeFiles/STM32_Drivers.dir/__/__/Drivers/STM32F1xx_HAL_Driver/Src/stm32f1xx_hal.c.obj
                0x0000000008001d60                HAL_GetTick
 .text.HAL_RCC_OscConfig
                0x0000000008001d74      0x504 cmake/stm32cubemx/CMakeFiles/STM32_Drivers.dir/__/__/Drivers/STM32F1xx_HAL_Driver/Src/stm32f1xx_hal_rcc.c.obj
                0x0000000008001d74                HAL_RCC_OscConfig
 .text.HAL_RCC_ClockConfig
                0x0000000008002278      0x1d4 cmake/stm32cubemx/CMakeFiles/STM32_Drivers.dir/__/__/Drivers/STM32F1xx_HAL_Driver/Src/stm32f1xx_hal_rcc.c.obj
                0x0000000008002278                HAL_RCC_ClockConfig
 .text.HAL_RCC_GetSysClockFreq
                0x000000000800244c       0xa8 cmake/stm32cubemx/CMakeFiles/STM32_Drivers.dir/__/__/Drivers/STM32F1xx_HAL_Driver/Src/stm32f1xx_hal_rcc.c.obj
                0x000000000800244c                HAL_RCC_GetSysClockFreq
 .text.HAL_RCC_GetHCLKFreq
                0x00000000080024f4       0x14 cmake/stm32cubemx/CMakeFiles/STM32_Drivers.dir/__/__/Drivers/STM32F1xx_HAL_Driver/Src/stm32f1xx_hal_rcc.c.obj
                0x00000000080024f4                HAL_RCC_GetHCLKFreq
 .text.HAL_RCC_GetPCLK1Freq
                0x0000000008002508       0x28 cmake/stm32cubemx/CMakeFiles/STM32_Drivers.dir/__/__/Drivers/STM32F1xx_HAL_Driver/Src/stm32f1xx_hal_rcc.c.obj
                0x0000000008002508                HAL_RCC_GetPCLK1Freq
 .text.HAL_RCC_GetPCLK2Freq
                0x0000000008002530       0x28 cmake/stm32cubemx/CMakeFiles/STM32_Drivers.dir/__/__/Drivers/STM32F1xx_HAL_Driver/Src/stm32f1xx_hal_rcc.c.obj
                0x0000000008002530                HAL_RCC_GetPCLK2Freq
 .text.RCC_Delay
                0x0000000008002558       0x3c cmake/stm32cubemx/CMakeFiles/STM32_Drivers.dir/__/__/Drivers/STM32F1xx_HAL_Driver/Src/stm32f1xx_hal_rcc.c.obj
 .text.HAL_GPIO_Init
                0x0000000008002594      0x308 cmake/stm32cubemx/CMakeFiles/STM32_Drivers.dir/__/__/Drivers/STM32F1xx_HAL_Driver/Src/stm32f1xx_hal_gpio.c.obj
                0x0000000008002594                HAL_GPIO_Init
 .text.HAL_GPIO_ReadPin
                0x000000000800289c       0x2e cmake/stm32cubemx/CMakeFiles/STM32_Drivers.dir/__/__/Drivers/STM32F1xx_HAL_Driver/Src/stm32f1xx_hal_gpio.c.obj
                0x000000000800289c                HAL_GPIO_ReadPin
 .text.HAL_GPIO_WritePin
                0x00000000080028ca       0x30 cmake/stm32cubemx/CMakeFiles/STM32_Drivers.dir/__/__/Drivers/STM32F1xx_HAL_Driver/Src/stm32f1xx_hal_gpio.c.obj
                0x00000000080028ca                HAL_GPIO_WritePin
 *fill*         0x00000000080028fa        0x2 
 .text.HAL_GPIO_EXTI_IRQHandler
                0x00000000080028fc       0x30 cmake/stm32cubemx/CMakeFiles/STM32_Drivers.dir/__/__/Drivers/STM32F1xx_HAL_Driver/Src/stm32f1xx_hal_gpio.c.obj
                0x00000000080028fc                HAL_GPIO_EXTI_IRQHandler
 .text.HAL_GPIO_EXTI_Callback
                0x000000000800292c       0x14 cmake/stm32cubemx/CMakeFiles/STM32_Drivers.dir/__/__/Drivers/STM32F1xx_HAL_Driver/Src/stm32f1xx_hal_gpio.c.obj
                0x000000000800292c                HAL_GPIO_EXTI_Callback
 .text.__NVIC_SetPriorityGrouping
                0x0000000008002940       0x48 cmake/stm32cubemx/CMakeFiles/STM32_Drivers.dir/__/__/Drivers/STM32F1xx_HAL_Driver/Src/stm32f1xx_hal_cortex.c.obj
 .text.__NVIC_GetPriorityGrouping
                0x0000000008002988       0x1c cmake/stm32cubemx/CMakeFiles/STM32_Drivers.dir/__/__/Drivers/STM32F1xx_HAL_Driver/Src/stm32f1xx_hal_cortex.c.obj
 .text.__NVIC_EnableIRQ
                0x00000000080029a4       0x38 cmake/stm32cubemx/CMakeFiles/STM32_Drivers.dir/__/__/Drivers/STM32F1xx_HAL_Driver/Src/stm32f1xx_hal_cortex.c.obj
 .text.__NVIC_SetPriority
                0x00000000080029dc       0x54 cmake/stm32cubemx/CMakeFiles/STM32_Drivers.dir/__/__/Drivers/STM32F1xx_HAL_Driver/Src/stm32f1xx_hal_cortex.c.obj
 .text.NVIC_EncodePriority
                0x0000000008002a30       0x64 cmake/stm32cubemx/CMakeFiles/STM32_Drivers.dir/__/__/Drivers/STM32F1xx_HAL_Driver/Src/stm32f1xx_hal_cortex.c.obj
 .text.SysTick_Config
                0x0000000008002a94       0x44 cmake/stm32cubemx/CMakeFiles/STM32_Drivers.dir/__/__/Drivers/STM32F1xx_HAL_Driver/Src/stm32f1xx_hal_cortex.c.obj
 .text.HAL_NVIC_SetPriorityGrouping
                0x0000000008002ad8       0x16 cmake/stm32cubemx/CMakeFiles/STM32_Drivers.dir/__/__/Drivers/STM32F1xx_HAL_Driver/Src/stm32f1xx_hal_cortex.c.obj
                0x0000000008002ad8                HAL_NVIC_SetPriorityGrouping
 .text.HAL_NVIC_SetPriority
                0x0000000008002aee       0x38 cmake/stm32cubemx/CMakeFiles/STM32_Drivers.dir/__/__/Drivers/STM32F1xx_HAL_Driver/Src/stm32f1xx_hal_cortex.c.obj
                0x0000000008002aee                HAL_NVIC_SetPriority
 .text.HAL_NVIC_EnableIRQ
                0x0000000008002b26       0x1c cmake/stm32cubemx/CMakeFiles/STM32_Drivers.dir/__/__/Drivers/STM32F1xx_HAL_Driver/Src/stm32f1xx_hal_cortex.c.obj
                0x0000000008002b26                HAL_NVIC_EnableIRQ
 .text.HAL_SYSTICK_Config
                0x0000000008002b42       0x18 cmake/stm32cubemx/CMakeFiles/STM32_Drivers.dir/__/__/Drivers/STM32F1xx_HAL_Driver/Src/stm32f1xx_hal_cortex.c.obj
                0x0000000008002b42                HAL_SYSTICK_Config
 *fill*         0x0000000008002b5a        0x2 
 .text.HAL_FLASH_Program
                0x0000000008002b5c       0xe0 cmake/stm32cubemx/CMakeFiles/STM32_Drivers.dir/__/__/Drivers/STM32F1xx_HAL_Driver/Src/stm32f1xx_hal_flash.c.obj
                0x0000000008002b5c                HAL_FLASH_Program
 .text.HAL_FLASH_Unlock
                0x0000000008002c3c       0x4c cmake/stm32cubemx/CMakeFiles/STM32_Drivers.dir/__/__/Drivers/STM32F1xx_HAL_Driver/Src/stm32f1xx_hal_flash.c.obj
                0x0000000008002c3c                HAL_FLASH_Unlock
 .text.HAL_FLASH_Lock
                0x0000000008002c88       0x20 cmake/stm32cubemx/CMakeFiles/STM32_Drivers.dir/__/__/Drivers/STM32F1xx_HAL_Driver/Src/stm32f1xx_hal_flash.c.obj
                0x0000000008002c88                HAL_FLASH_Lock
 .text.FLASH_Program_HalfWord
                0x0000000008002ca8       0x38 cmake/stm32cubemx/CMakeFiles/STM32_Drivers.dir/__/__/Drivers/STM32F1xx_HAL_Driver/Src/stm32f1xx_hal_flash.c.obj
 .text.FLASH_WaitForLastOperation
                0x0000000008002ce0       0x8c cmake/stm32cubemx/CMakeFiles/STM32_Drivers.dir/__/__/Drivers/STM32F1xx_HAL_Driver/Src/stm32f1xx_hal_flash.c.obj
                0x0000000008002ce0                FLASH_WaitForLastOperation
 .text.FLASH_SetErrorCode
                0x0000000008002d6c       0xa0 cmake/stm32cubemx/CMakeFiles/STM32_Drivers.dir/__/__/Drivers/STM32F1xx_HAL_Driver/Src/stm32f1xx_hal_flash.c.obj
 .text.HAL_FLASHEx_Erase
                0x0000000008002e0c       0xd8 cmake/stm32cubemx/CMakeFiles/STM32_Drivers.dir/__/__/Drivers/STM32F1xx_HAL_Driver/Src/stm32f1xx_hal_flash_ex.c.obj
                0x0000000008002e0c                HAL_FLASHEx_Erase
 .text.FLASH_MassErase
                0x0000000008002ee4       0x38 cmake/stm32cubemx/CMakeFiles/STM32_Drivers.dir/__/__/Drivers/STM32F1xx_HAL_Driver/Src/stm32f1xx_hal_flash_ex.c.obj
 .text.FLASH_PageErase
                0x0000000008002f1c       0x40 cmake/stm32cubemx/CMakeFiles/STM32_Drivers.dir/__/__/Drivers/STM32F1xx_HAL_Driver/Src/stm32f1xx_hal_flash_ex.c.obj
                0x0000000008002f1c                FLASH_PageErase
 .text.HAL_UART_Init
                0x0000000008002f5c       0xa0 cmake/stm32cubemx/CMakeFiles/STM32_Drivers.dir/__/__/Drivers/STM32F1xx_HAL_Driver/Src/stm32f1xx_hal_uart.c.obj
                0x0000000008002f5c                HAL_UART_Init
 .text.HAL_UART_Transmit
                0x0000000008002ffc      0x116 cmake/stm32cubemx/CMakeFiles/STM32_Drivers.dir/__/__/Drivers/STM32F1xx_HAL_Driver/Src/stm32f1xx_hal_uart.c.obj
                0x0000000008002ffc                HAL_UART_Transmit
 .text.UART_WaitOnFlagUntilTimeout
                0x0000000008003112       0xb2 cmake/stm32cubemx/CMakeFiles/STM32_Drivers.dir/__/__/Drivers/STM32F1xx_HAL_Driver/Src/stm32f1xx_hal_uart.c.obj
 .text.UART_EndRxTransfer
                0x00000000080031c4       0xc4 cmake/stm32cubemx/CMakeFiles/STM32_Drivers.dir/__/__/Drivers/STM32F1xx_HAL_Driver/Src/stm32f1xx_hal_uart.c.obj
 .text.UART_SetConfig
                0x0000000008003288      0x11c cmake/stm32cubemx/CMakeFiles/STM32_Drivers.dir/__/__/Drivers/STM32F1xx_HAL_Driver/Src/stm32f1xx_hal_uart.c.obj
 .text.main     0x00000000080033a4       0x30 CMakeFiles/Pusher_Motor.dir/Core/Src/main.c.obj
                0x00000000080033a4                main
 .text.SystemClock_Config
                0x00000000080033d4       0x8a CMakeFiles/Pusher_Motor.dir/Core/Src/main.c.obj
                0x00000000080033d4                SystemClock_Config
 .text.Error_Handler
                0x000000000800345e        0xa CMakeFiles/Pusher_Motor.dir/Core/Src/main.c.obj
                0x000000000800345e                Error_Handler
 .text.MX_GPIO_Init
                0x0000000008003468       0xdc CMakeFiles/Pusher_Motor.dir/Core/Src/gpio.c.obj
                0x0000000008003468                MX_GPIO_Init
 .text.MX_TIM4_Init
                0x0000000008003544       0xb4 CMakeFiles/Pusher_Motor.dir/Core/Src/tim.c.obj
                0x0000000008003544                MX_TIM4_Init
 .text.HAL_TIM_PWM_MspInit
                0x00000000080035f8       0x3c CMakeFiles/Pusher_Motor.dir/Core/Src/tim.c.obj
                0x00000000080035f8                HAL_TIM_PWM_MspInit
 .text.HAL_TIM_MspPostInit
                0x0000000008003634       0x68 CMakeFiles/Pusher_Motor.dir/Core/Src/tim.c.obj
                0x0000000008003634                HAL_TIM_MspPostInit
 .text.MX_USART1_UART_Init
                0x000000000800369c       0x54 CMakeFiles/Pusher_Motor.dir/Core/Src/usart.c.obj
                0x000000000800369c                MX_USART1_UART_Init
 .text.HAL_UART_MspInit
                0x00000000080036f0      0x108 CMakeFiles/Pusher_Motor.dir/Core/Src/usart.c.obj
                0x00000000080036f0                HAL_UART_MspInit
 .text.NMI_Handler
                0x00000000080037f8        0x6 CMakeFiles/Pusher_Motor.dir/Core/Src/stm32f1xx_it.c.obj
                0x00000000080037f8                NMI_Handler
 .text.HardFault_Handler
                0x00000000080037fe        0x6 CMakeFiles/Pusher_Motor.dir/Core/Src/stm32f1xx_it.c.obj
                0x00000000080037fe                HardFault_Handler
 .text.MemManage_Handler
                0x0000000008003804        0x6 CMakeFiles/Pusher_Motor.dir/Core/Src/stm32f1xx_it.c.obj
                0x0000000008003804                MemManage_Handler
 .text.BusFault_Handler
                0x000000000800380a        0x6 CMakeFiles/Pusher_Motor.dir/Core/Src/stm32f1xx_it.c.obj
                0x000000000800380a                BusFault_Handler
 .text.UsageFault_Handler
                0x0000000008003810        0x6 CMakeFiles/Pusher_Motor.dir/Core/Src/stm32f1xx_it.c.obj
                0x0000000008003810                UsageFault_Handler
 .text.SVC_Handler
                0x0000000008003816        0xc CMakeFiles/Pusher_Motor.dir/Core/Src/stm32f1xx_it.c.obj
                0x0000000008003816                SVC_Handler
 .text.DebugMon_Handler
                0x0000000008003822        0xc CMakeFiles/Pusher_Motor.dir/Core/Src/stm32f1xx_it.c.obj
                0x0000000008003822                DebugMon_Handler
 .text.PendSV_Handler
                0x000000000800382e        0xc CMakeFiles/Pusher_Motor.dir/Core/Src/stm32f1xx_it.c.obj
                0x000000000800382e                PendSV_Handler
 .text.SysTick_Handler
                0x000000000800383a        0xc CMakeFiles/Pusher_Motor.dir/Core/Src/stm32f1xx_it.c.obj
                0x000000000800383a                SysTick_Handler
 *fill*         0x0000000008003846        0x2 
 .text.EXTI9_5_IRQHandler
                0x0000000008003848       0x24 CMakeFiles/Pusher_Motor.dir/Core/Src/stm32f1xx_it.c.obj
                0x0000000008003848                EXTI9_5_IRQHandler
 .text.HAL_MspInit
                0x000000000800386c       0x64 CMakeFiles/Pusher_Motor.dir/Core/Src/stm32f1xx_hal_msp.c.obj
                0x000000000800386c                HAL_MspInit
 .text._sbrk    0x00000000080038d0       0x6c CMakeFiles/Pusher_Motor.dir/Core/Src/sysmem.c.obj
                0x00000000080038d0                _sbrk
 .text.pusher_motor_init
                0x000000000800393c       0x78 CMakeFiles/Pusher_Motor.dir/Core/Src/pusher_motor.c.obj
                0x000000000800393c                pusher_motor_init
 .text.pusher_motor_start
                0x00000000080039b4       0x18 CMakeFiles/Pusher_Motor.dir/Core/Src/pusher_motor.c.obj
                0x00000000080039b4                pusher_motor_start
 .text.pusher_motor_loop
                0x00000000080039cc       0xb4 CMakeFiles/Pusher_Motor.dir/Core/Src/pusher_motor.c.obj
                0x00000000080039cc                pusher_motor_loop
 .text.pusher_motor_save_params
                0x0000000008003a80       0x2c CMakeFiles/Pusher_Motor.dir/Core/Src/pusher_motor.c.obj
                0x0000000008003a80                pusher_motor_save_params
 .text.rx_buf_write
                0x0000000008003aac       0x58 CMakeFiles/Pusher_Motor.dir/Core/Src/cli.c.obj
 .text.rx_buf_read
                0x0000000008003b04       0x60 CMakeFiles/Pusher_Motor.dir/Core/Src/cli.c.obj
 .text.tx_buf_write
                0x0000000008003b64       0x54 CMakeFiles/Pusher_Motor.dir/Core/Src/cli.c.obj
 .text.tx_buf_read
                0x0000000008003bb8       0x5c CMakeFiles/Pusher_Motor.dir/Core/Src/cli.c.obj
 .text.cli_putchar
                0x0000000008003c14       0x1a CMakeFiles/Pusher_Motor.dir/Core/Src/cli.c.obj
 .text.cli_puts
                0x0000000008003c2e       0x30 CMakeFiles/Pusher_Motor.dir/Core/Src/cli.c.obj
 *fill*         0x0000000008003c5e        0x2 
 .text.cli_process_tx
                0x0000000008003c60       0x48 CMakeFiles/Pusher_Motor.dir/Core/Src/cli.c.obj
 .text.cli_init
                0x0000000008003ca8       0xb8 CMakeFiles/Pusher_Motor.dir/Core/Src/cli.c.obj
                0x0000000008003ca8                cli_init
 .text.cli_send_string
                0x0000000008003d60       0x40 CMakeFiles/Pusher_Motor.dir/Core/Src/cli.c.obj
                0x0000000008003d60                cli_send_string
 .text.trim_string
                0x0000000008003da0       0xa4 CMakeFiles/Pusher_Motor.dir/Core/Src/cli.c.obj
 .text.parse_command
                0x0000000008003e44      0x198 CMakeFiles/Pusher_Motor.dir/Core/Src/cli.c.obj
 .text.cli_execute_command
                0x0000000008003fdc      0x208 CMakeFiles/Pusher_Motor.dir/Core/Src/cli.c.obj
                0x0000000008003fdc                cli_execute_command
 .text.cli_uart_readable
                0x00000000080041e4       0x34 CMakeFiles/Pusher_Motor.dir/Core/Src/cli.c.obj
 .text.cli_uart_read
                0x0000000008004218       0x28 CMakeFiles/Pusher_Motor.dir/Core/Src/cli.c.obj
 .text.cli_receive_data
                0x0000000008004240       0x2c CMakeFiles/Pusher_Motor.dir/Core/Src/cli.c.obj
 .text.cli_echo
                0x000000000800426c       0x58 CMakeFiles/Pusher_Motor.dir/Core/Src/cli.c.obj
 .text.handle_backspace
                0x00000000080042c4       0x38 CMakeFiles/Pusher_Motor.dir/Core/Src/cli.c.obj
 .text.process_input_line
                0x00000000080042fc       0x9c CMakeFiles/Pusher_Motor.dir/Core/Src/cli.c.obj
 .text.cli_process
                0x0000000008004398       0xb8 CMakeFiles/Pusher_Motor.dir/Core/Src/cli.c.obj
                0x0000000008004398                cli_process
 .text.CalculateChecksum
                0x0000000008004450       0x1c CMakeFiles/Pusher_Motor.dir/Core/Src/flash_storage.c.obj
 .text.FlashStorage_Read
                0x000000000800446c       0x38 CMakeFiles/Pusher_Motor.dir/Core/Src/flash_storage.c.obj
                0x000000000800446c                FlashStorage_Read
 .text.FlashStorage_Write
                0x00000000080044a4       0xd0 CMakeFiles/Pusher_Motor.dir/Core/Src/flash_storage.c.obj
                0x00000000080044a4                FlashStorage_Write
 .text.FlashStorage_IsValid
                0x0000000008004574       0x64 CMakeFiles/Pusher_Motor.dir/Core/Src/flash_storage.c.obj
                0x0000000008004574                FlashStorage_IsValid
 .text.Reset_Handler
                0x00000000080045d8       0x48 CMakeFiles/Pusher_Motor.dir/startup_stm32f103xb.s.obj
                0x00000000080045d8                Reset_Handler
 .text.Default_Handler
                0x0000000008004620        0x2 CMakeFiles/Pusher_Motor.dir/startup_stm32f103xb.s.obj
                0x0000000008004620                RTC_Alarm_IRQHandler
                0x0000000008004620                EXTI2_IRQHandler
                0x0000000008004620                TIM1_CC_IRQHandler
                0x0000000008004620                PVD_IRQHandler
                0x0000000008004620                EXTI3_IRQHandler
                0x0000000008004620                EXTI0_IRQHandler
                0x0000000008004620                I2C2_EV_IRQHandler
                0x0000000008004620                ADC1_2_IRQHandler
                0x0000000008004620                SPI1_IRQHandler
                0x0000000008004620                TAMPER_IRQHandler
                0x0000000008004620                DMA1_Channel4_IRQHandler
                0x0000000008004620                USART3_IRQHandler
                0x0000000008004620                RTC_IRQHandler
                0x0000000008004620                DMA1_Channel7_IRQHandler
                0x0000000008004620                CAN1_RX1_IRQHandler
                0x0000000008004620                TIM4_IRQHandler
                0x0000000008004620                I2C1_EV_IRQHandler
                0x0000000008004620                DMA1_Channel6_IRQHandler
                0x0000000008004620                TIM3_IRQHandler
                0x0000000008004620                RCC_IRQHandler
                0x0000000008004620                TIM1_TRG_COM_IRQHandler
                0x0000000008004620                DMA1_Channel1_IRQHandler
                0x0000000008004620                Default_Handler
                0x0000000008004620                EXTI15_10_IRQHandler
                0x0000000008004620                SPI2_IRQHandler
                0x0000000008004620                DMA1_Channel5_IRQHandler
                0x0000000008004620                EXTI4_IRQHandler
                0x0000000008004620                USB_LP_CAN1_RX0_IRQHandler
                0x0000000008004620                USB_HP_CAN1_TX_IRQHandler
                0x0000000008004620                DMA1_Channel3_IRQHandler
                0x0000000008004620                TIM1_UP_IRQHandler
                0x0000000008004620                WWDG_IRQHandler
                0x0000000008004620                TIM2_IRQHandler
                0x0000000008004620                TIM1_BRK_IRQHandler
                0x0000000008004620                EXTI1_IRQHandler
                0x0000000008004620                USART2_IRQHandler
                0x0000000008004620                I2C2_ER_IRQHandler
                0x0000000008004620                DMA1_Channel2_IRQHandler
                0x0000000008004620                CAN1_SCE_IRQHandler
                0x0000000008004620                FLASH_IRQHandler
                0x0000000008004620                USART1_IRQHandler
                0x0000000008004620                I2C1_ER_IRQHandler
                0x0000000008004620                USBWakeUp_IRQHandler
 *(.glue_7)
 .glue_7        0x0000000008004622        0x0 linker stubs
 *(.glue_7t)
 .glue_7t       0x0000000008004622        0x0 linker stubs
 *(.eh_frame)
 *fill*         0x0000000008004622        0x2 
 .eh_frame      0x0000000008004624        0x0 /usr/lib/gcc/arm-none-eabi/10.3.1/thumb/v7-m/nofp/crtbegin.o
 *(.init)
 .init          0x0000000008004624        0x4 /usr/lib/gcc/arm-none-eabi/10.3.1/thumb/v7-m/nofp/crti.o
                0x0000000008004624                _init
 .init          0x0000000008004628        0x8 /usr/lib/gcc/arm-none-eabi/10.3.1/thumb/v7-m/nofp/crtn.o
 *(.fini)
 .fini          0x0000000008004630        0x4 /usr/lib/gcc/arm-none-eabi/10.3.1/thumb/v7-m/nofp/crti.o
                0x0000000008004630                _fini
 .fini          0x0000000008004634        0x8 /usr/lib/gcc/arm-none-eabi/10.3.1/thumb/v7-m/nofp/crtn.o
                0x000000000800463c                . = ALIGN (0x4)
                0x000000000800463c                _etext = .

.vfp11_veneer   0x000000000800463c        0x0
 .vfp11_veneer  0x000000000800463c        0x0 linker stubs

.v4_bx          0x000000000800463c        0x0
 .v4_bx         0x000000000800463c        0x0 linker stubs

.iplt           0x000000000800463c        0x0
 .iplt          0x000000000800463c        0x0 /usr/lib/gcc/arm-none-eabi/10.3.1/thumb/v7-m/nofp/crtbegin.o

.rodata         0x000000000800463c      0x5ac
                0x000000000800463c                . = ALIGN (0x4)
 *(.rodata)
 .rodata        0x000000000800463c      0x440 CMakeFiles/Pusher_Motor.dir/Core/Src/cli.c.obj
 .rodata        0x0000000008004a7c      0x101 /usr/lib/gcc/arm-none-eabi/10.3.1/../../../arm-none-eabi/lib/thumb/v7-m/nofp/libg_nano.a(lib_a-ctype_.o)
                0x0000000008004a7c                _ctype_
 *(.rodata*)
 *fill*         0x0000000008004b7d        0x3 
 .rodata.AHBPrescTable
                0x0000000008004b80       0x10 cmake/stm32cubemx/CMakeFiles/STM32_Drivers.dir/__/__/Core/Src/system_stm32f1xx.c.obj
                0x0000000008004b80                AHBPrescTable
 .rodata.APBPrescTable
                0x0000000008004b90        0x8 cmake/stm32cubemx/CMakeFiles/STM32_Drivers.dir/__/__/Core/Src/system_stm32f1xx.c.obj
                0x0000000008004b90                APBPrescTable
 .rodata.aPLLMULFactorTable.1
                0x0000000008004b98       0x10 cmake/stm32cubemx/CMakeFiles/STM32_Drivers.dir/__/__/Drivers/STM32F1xx_HAL_Driver/Src/stm32f1xx_hal_rcc.c.obj
 .rodata.aPredivFactorTable.0
                0x0000000008004ba8        0x2 cmake/stm32cubemx/CMakeFiles/STM32_Drivers.dir/__/__/Drivers/STM32F1xx_HAL_Driver/Src/stm32f1xx_hal_rcc.c.obj
 *fill*         0x0000000008004baa        0x2 
 .rodata.str1.4
                0x0000000008004bac       0x13 /usr/lib/gcc/arm-none-eabi/10.3.1/../../../arm-none-eabi/lib/thumb/v7-m/nofp/libg_nano.a(lib_a-nano-svfprintf.o)
 *fill*         0x0000000008004bbf        0x1 
 .rodata.str1.4
                0x0000000008004bc0       0x25 /usr/lib/gcc/arm-none-eabi/10.3.1/../../../arm-none-eabi/lib/thumb/v7-m/nofp/libg_nano.a(lib_a-nano-vfprintf_i.o)
                0x0000000008004be8                . = ALIGN (0x4)
 *fill*         0x0000000008004be5        0x3 

.ARM.extab      0x0000000008004be8        0x0
                0x0000000008004be8                . = ALIGN (0x4)
 *(.ARM.extab* .gnu.linkonce.armextab.*)
                0x0000000008004be8                . = ALIGN (0x4)

.ARM            0x0000000008004be8        0x0
                0x0000000008004be8                . = ALIGN (0x4)
                0x0000000008004be8                __exidx_start = .
 *(.ARM.exidx*)
                0x0000000008004be8                __exidx_end = .
                0x0000000008004be8                . = ALIGN (0x4)

.preinit_array  0x0000000008004be8        0x0
                0x0000000008004be8                . = ALIGN (0x4)
                0x0000000008004be8                PROVIDE (__preinit_array_start = .)
 *(.preinit_array*)
                0x0000000008004be8                PROVIDE (__preinit_array_end = .)
                0x0000000008004be8                . = ALIGN (0x4)

.init_array     0x0000000008004be8        0x4
                0x0000000008004be8                . = ALIGN (0x4)
                0x0000000008004be8                PROVIDE (__init_array_start = .)
 *(SORT_BY_NAME(.init_array.*))
 *(.init_array*)
 .init_array    0x0000000008004be8        0x4 /usr/lib/gcc/arm-none-eabi/10.3.1/thumb/v7-m/nofp/crtbegin.o
                0x0000000008004bec                PROVIDE (__init_array_end = .)
                0x0000000008004bec                . = ALIGN (0x4)

.fini_array     0x0000000008004bec        0x4
                0x0000000008004bec                . = ALIGN (0x4)
                0x0000000008004bec                PROVIDE (__fini_array_start = .)
 *(SORT_BY_NAME(.fini_array.*))
 *(.fini_array*)
 .fini_array    0x0000000008004bec        0x4 /usr/lib/gcc/arm-none-eabi/10.3.1/thumb/v7-m/nofp/crtbegin.o
                0x0000000008004bf0                PROVIDE (__fini_array_end = .)
                0x0000000008004bf0                . = ALIGN (0x4)
                0x0000000008004bf0                _sidata = LOADADDR (.data)

.rel.dyn        0x0000000008004bf0        0x0
 .rel.iplt      0x0000000008004bf0        0x0 /usr/lib/gcc/arm-none-eabi/10.3.1/thumb/v7-m/nofp/crtbegin.o

.data           0x0000000020000000       0x7c load address 0x0000000008004bf0
                0x0000000020000000                . = ALIGN (0x4)
                0x0000000020000000                _sdata = .
 *(.data)
 .data          0x0000000020000000       0x64 /usr/lib/gcc/arm-none-eabi/10.3.1/../../../arm-none-eabi/lib/thumb/v7-m/nofp/libg_nano.a(lib_a-impure.o)
                0x0000000020000000                _impure_ptr
 *(.data*)
 .data.SystemCoreClock
                0x0000000020000064        0x4 cmake/stm32cubemx/CMakeFiles/STM32_Drivers.dir/__/__/Core/Src/system_stm32f1xx.c.obj
                0x0000000020000064                SystemCoreClock
 .data.uwTickPrio
                0x0000000020000068        0x4 cmake/stm32cubemx/CMakeFiles/STM32_Drivers.dir/__/__/Drivers/STM32F1xx_HAL_Driver/Src/stm32f1xx_hal.c.obj
                0x0000000020000068                uwTickPrio
 .data.uwTickFreq
                0x000000002000006c        0x1 cmake/stm32cubemx/CMakeFiles/STM32_Drivers.dir/__/__/Drivers/STM32F1xx_HAL_Driver/Src/stm32f1xx_hal.c.obj
                0x000000002000006c                uwTickFreq
 *fill*         0x000000002000006d        0x3 
 .data.MOTOR_DIRECTION_TIME_MS
                0x0000000020000070        0x4 CMakeFiles/Pusher_Motor.dir/Core/Src/pusher_motor.c.obj
                0x0000000020000070                MOTOR_DIRECTION_TIME_MS
 .data.MOTOR_PWM_DUTY
                0x0000000020000074        0x4 CMakeFiles/Pusher_Motor.dir/Core/Src/pusher_motor.c.obj
                0x0000000020000074                MOTOR_PWM_DUTY
 .data.MOTOR_PWM_DUTY_MAX
                0x0000000020000078        0x4 CMakeFiles/Pusher_Motor.dir/Core/Src/pusher_motor.c.obj
                0x0000000020000078                MOTOR_PWM_DUTY_MAX
 *(.RamFunc)
 *(.RamFunc*)
                0x000000002000007c                . = ALIGN (0x4)

.tm_clone_table
                0x000000002000007c        0x0 load address 0x0000000008004c6c
 .tm_clone_table
                0x000000002000007c        0x0 /usr/lib/gcc/arm-none-eabi/10.3.1/thumb/v7-m/nofp/crtbegin.o
 .tm_clone_table
                0x000000002000007c        0x0 /usr/lib/gcc/arm-none-eabi/10.3.1/thumb/v7-m/nofp/crtend.o

.igot.plt       0x000000002000007c        0x0 load address 0x0000000008004c6c
 .igot.plt      0x000000002000007c        0x0 /usr/lib/gcc/arm-none-eabi/10.3.1/thumb/v7-m/nofp/crtbegin.o

.tdata          0x000000002000007c        0x0 load address 0x0000000008004c6c
 *(.tdata .tdata.* .gnu.linkonce.td.*)
                0x000000002000007c                . = ALIGN (0x4)
                0x000000002000007c                _edata = .
                [!provide]                        PROVIDE (__data_end = .)
                [!provide]                        PROVIDE (__tdata_end = .)
                [!provide]                        PROVIDE (__tdata_start = ADDR (.tdata))
                [!provide]                        PROVIDE (__tdata_size = (__tdata_end - __tdata_start))
                [!provide]                        PROVIDE (__data_start = ADDR (.data))
                [!provide]                        PROVIDE (__data_size = (__data_end - __data_start))
                [!provide]                        PROVIDE (__tdata_source = LOADADDR (.tdata))
                [!provide]                        PROVIDE (__tdata_source_end = (LOADADDR (.tdata) + SIZEOF (.tdata)))
                [!provide]                        PROVIDE (__tdata_source_size = (__tdata_source_end - __tdata_source))
                [!provide]                        PROVIDE (__data_source = LOADADDR (.data))
                [!provide]                        PROVIDE (__data_source_end = __tdata_source_end)
                [!provide]                        PROVIDE (__data_source_size = (__data_source_end - __data_source))

.tbss           0x000000002000007c        0x0 load address 0x0000000008004c6c
                0x000000002000007c                _sbss = .
                0x000000002000007c                __bss_start__ = _sbss
 *(.tbss .tbss.*)
                0x000000002000007c                . = ALIGN (0x4)
                [!provide]                        PROVIDE (__tbss_end = .)
                [!provide]                        PROVIDE (__tbss_start = ADDR (.tbss))
                [!provide]                        PROVIDE (__tbss_size = (__tbss_end - __tbss_start))
                [!provide]                        PROVIDE (__tbss_offset = (ADDR (.tbss) - ADDR (.tdata)))
                [!provide]                        PROVIDE (__tls_base = __tdata_start)
                [!provide]                        PROVIDE (__tls_end = __tbss_end)
                [!provide]                        PROVIDE (__tls_size = (__tls_end - __tls_base))
                [!provide]                        PROVIDE (__tls_align = MAX (ALIGNOF (.tdata), ALIGNOF (.tbss)))
                [!provide]                        PROVIDE (__tls_size_align = (((__tls_size + __tls_align) - 0x1) & ~ ((__tls_align - 0x1))))
                [!provide]                        PROVIDE (__arm32_tls_tcb_offset = MAX (0x8, __tls_align))
                [!provide]                        PROVIDE (__arm64_tls_tcb_offset = MAX (0x10, __tls_align))

.bss            0x0000000020000080      0x704 load address 0x0000000008004c6c
 *(.bss)
 .bss           0x0000000020000080       0x1c /usr/lib/gcc/arm-none-eabi/10.3.1/thumb/v7-m/nofp/crtbegin.o
 .bss           0x000000002000009c        0x8 /usr/lib/gcc/arm-none-eabi/10.3.1/../../../arm-none-eabi/lib/thumb/v7-m/nofp/libg_nano.a(lib_a-nano-mallocr.o)
                0x000000002000009c                __malloc_free_list
                0x00000000200000a0                __malloc_sbrk_start
 .bss           0x00000000200000a4        0x4 /usr/lib/gcc/arm-none-eabi/10.3.1/../../../arm-none-eabi/lib/thumb/v7-m/nofp/libg_nano.a(lib_a-reent.o)
                0x00000000200000a4                errno
 *(.bss*)
 .bss.uwTick    0x00000000200000a8        0x4 cmake/stm32cubemx/CMakeFiles/STM32_Drivers.dir/__/__/Drivers/STM32F1xx_HAL_Driver/Src/stm32f1xx_hal.c.obj
                0x00000000200000a8                uwTick
 *fill*         0x00000000200000ac        0x4 
 .bss.pFlash    0x00000000200000b0       0x20 cmake/stm32cubemx/CMakeFiles/STM32_Drivers.dir/__/__/Drivers/STM32F1xx_HAL_Driver/Src/stm32f1xx_hal_flash.c.obj
                0x00000000200000b0                pFlash
 .bss.htim4     0x00000000200000d0       0x48 CMakeFiles/Pusher_Motor.dir/Core/Src/tim.c.obj
                0x00000000200000d0                htim4
 .bss.huart1    0x0000000020000118       0x48 CMakeFiles/Pusher_Motor.dir/Core/Src/usart.c.obj
                0x0000000020000118                huart1
 .bss.__sbrk_heap_end
                0x0000000020000160        0x4 CMakeFiles/Pusher_Motor.dir/Core/Src/sysmem.c.obj
 .bss.motor_state
                0x0000000020000164        0x1 CMakeFiles/Pusher_Motor.dir/Core/Src/pusher_motor.c.obj
                0x0000000020000164                motor_state
 *fill*         0x0000000020000165        0x3 
 .bss.motor_start_time
                0x0000000020000168        0x4 CMakeFiles/Pusher_Motor.dir/Core/Src/pusher_motor.c.obj
                0x0000000020000168                motor_start_time
 .bss.pusher_motor_start_flag
                0x000000002000016c        0x1 CMakeFiles/Pusher_Motor.dir/Core/Src/pusher_motor.c.obj
                0x000000002000016c                pusher_motor_start_flag
 .bss.pusher_motor_work_flag
                0x000000002000016d        0x1 CMakeFiles/Pusher_Motor.dir/Core/Src/pusher_motor.c.obj
                0x000000002000016d                pusher_motor_work_flag
 *fill*         0x000000002000016e        0x2 
 .bss.cli_config
                0x0000000020000170      0x108 CMakeFiles/Pusher_Motor.dir/Core/Src/cli.c.obj
                0x0000000020000170                cli_config
 .bss.rx_ring_buf
                0x0000000020000278      0x200 CMakeFiles/Pusher_Motor.dir/Core/Src/cli.c.obj
 .bss.rx_head   0x0000000020000478        0x2 CMakeFiles/Pusher_Motor.dir/Core/Src/cli.c.obj
 .bss.rx_tail   0x000000002000047a        0x2 CMakeFiles/Pusher_Motor.dir/Core/Src/cli.c.obj
 .bss.tx_buf    0x000000002000047c      0x100 CMakeFiles/Pusher_Motor.dir/Core/Src/cli.c.obj
 .bss.tx_head   0x000000002000057c        0x2 CMakeFiles/Pusher_Motor.dir/Core/Src/cli.c.obj
 .bss.tx_tail   0x000000002000057e        0x2 CMakeFiles/Pusher_Motor.dir/Core/Src/cli.c.obj
 .bss.cmd_buf   0x0000000020000580      0x200 CMakeFiles/Pusher_Motor.dir/Core/Src/cli.c.obj
 .bss.cmd_len   0x0000000020000780        0x2 CMakeFiles/Pusher_Motor.dir/Core/Src/cli.c.obj
 *(COMMON)
                0x0000000020000784                . = ALIGN (0x4)
 *fill*         0x0000000020000782        0x2 
                0x0000000020000784                _ebss = .
                0x0000000020000784                __bss_end__ = _ebss
                [!provide]                        PROVIDE (__bss_end = .)
                [!provide]                        PROVIDE (__non_tls_bss_start = ADDR (.bss))
                [!provide]                        PROVIDE (__bss_start = __tbss_start)
                [!provide]                        PROVIDE (__bss_size = (__bss_end - __bss_start))

._user_heap_stack
                0x0000000020000784      0x604 load address 0x0000000008004c6c
                0x0000000020000788                . = ALIGN (0x8)
 *fill*         0x0000000020000784        0x4 
                [!provide]                        PROVIDE (end = .)
                0x0000000020000788                PROVIDE (_end = .)
                0x0000000020000988                . = (. + _Min_Heap_Size)
 *fill*         0x0000000020000788      0x200 
                0x0000000020000d88                . = (. + _Min_Stack_Size)
 *fill*         0x0000000020000988      0x400 
                0x0000000020000d88                . = ALIGN (0x8)

/DISCARD/
 libc.a:*(*)
 libm.a:*(*)
 libgcc.a:*(*)
OUTPUT(Pusher_Motor.elf elf32-littlearm)
LOAD linker stubs

.ARM.attributes
                0x0000000000000000       0x29
 .ARM.attributes
                0x0000000000000000       0x1d /usr/lib/gcc/arm-none-eabi/10.3.1/thumb/v7-m/nofp/crti.o
 .ARM.attributes
                0x000000000000001d       0x2d /usr/lib/gcc/arm-none-eabi/10.3.1/thumb/v7-m/nofp/crtbegin.o
 .ARM.attributes
                0x000000000000004a       0x2d cmake/stm32cubemx/CMakeFiles/STM32_Drivers.dir/__/__/Core/Src/system_stm32f1xx.c.obj
 .ARM.attributes
                0x0000000000000077       0x2d cmake/stm32cubemx/CMakeFiles/STM32_Drivers.dir/__/__/Drivers/STM32F1xx_HAL_Driver/Src/stm32f1xx_hal_tim.c.obj
 .ARM.attributes
                0x00000000000000a4       0x2d cmake/stm32cubemx/CMakeFiles/STM32_Drivers.dir/__/__/Drivers/STM32F1xx_HAL_Driver/Src/stm32f1xx_hal_tim_ex.c.obj
 .ARM.attributes
                0x00000000000000d1       0x2d cmake/stm32cubemx/CMakeFiles/STM32_Drivers.dir/__/__/Drivers/STM32F1xx_HAL_Driver/Src/stm32f1xx_hal.c.obj
 .ARM.attributes
                0x00000000000000fe       0x2d cmake/stm32cubemx/CMakeFiles/STM32_Drivers.dir/__/__/Drivers/STM32F1xx_HAL_Driver/Src/stm32f1xx_hal_rcc.c.obj
 .ARM.attributes
                0x000000000000012b       0x2d cmake/stm32cubemx/CMakeFiles/STM32_Drivers.dir/__/__/Drivers/STM32F1xx_HAL_Driver/Src/stm32f1xx_hal_gpio.c.obj
 .ARM.attributes
                0x0000000000000158       0x2d cmake/stm32cubemx/CMakeFiles/STM32_Drivers.dir/__/__/Drivers/STM32F1xx_HAL_Driver/Src/stm32f1xx_hal_cortex.c.obj
 .ARM.attributes
                0x0000000000000185       0x2d cmake/stm32cubemx/CMakeFiles/STM32_Drivers.dir/__/__/Drivers/STM32F1xx_HAL_Driver/Src/stm32f1xx_hal_flash.c.obj
 .ARM.attributes
                0x00000000000001b2       0x2d cmake/stm32cubemx/CMakeFiles/STM32_Drivers.dir/__/__/Drivers/STM32F1xx_HAL_Driver/Src/stm32f1xx_hal_flash_ex.c.obj
 .ARM.attributes
                0x00000000000001df       0x2d cmake/stm32cubemx/CMakeFiles/STM32_Drivers.dir/__/__/Drivers/STM32F1xx_HAL_Driver/Src/stm32f1xx_hal_uart.c.obj
 .ARM.attributes
                0x000000000000020c       0x2d CMakeFiles/Pusher_Motor.dir/Core/Src/main.c.obj
 .ARM.attributes
                0x0000000000000239       0x2d CMakeFiles/Pusher_Motor.dir/Core/Src/gpio.c.obj
 .ARM.attributes
                0x0000000000000266       0x2d CMakeFiles/Pusher_Motor.dir/Core/Src/tim.c.obj
 .ARM.attributes
                0x0000000000000293       0x2d CMakeFiles/Pusher_Motor.dir/Core/Src/usart.c.obj
 .ARM.attributes
                0x00000000000002c0       0x2d CMakeFiles/Pusher_Motor.dir/Core/Src/stm32f1xx_it.c.obj
 .ARM.attributes
                0x00000000000002ed       0x2d CMakeFiles/Pusher_Motor.dir/Core/Src/stm32f1xx_hal_msp.c.obj
 .ARM.attributes
                0x000000000000031a       0x2d CMakeFiles/Pusher_Motor.dir/Core/Src/sysmem.c.obj
 .ARM.attributes
                0x0000000000000347       0x2d CMakeFiles/Pusher_Motor.dir/Core/Src/pusher_motor.c.obj
 .ARM.attributes
                0x0000000000000374       0x2d CMakeFiles/Pusher_Motor.dir/Core/Src/cli.c.obj
 .ARM.attributes
                0x00000000000003a1       0x2d CMakeFiles/Pusher_Motor.dir/Core/Src/flash_storage.c.obj
 .ARM.attributes
                0x00000000000003ce       0x21 CMakeFiles/Pusher_Motor.dir/startup_stm32f103xb.s.obj
 .ARM.attributes
                0x00000000000003ef       0x2d /usr/lib/gcc/arm-none-eabi/10.3.1/../../../arm-none-eabi/lib/thumb/v7-m/nofp/libg_nano.a(lib_a-atoi.o)
 .ARM.attributes
                0x000000000000041c       0x2d /usr/lib/gcc/arm-none-eabi/10.3.1/../../../arm-none-eabi/lib/thumb/v7-m/nofp/libg_nano.a(lib_a-ctype_.o)
 .ARM.attributes
                0x0000000000000449       0x2d /usr/lib/gcc/arm-none-eabi/10.3.1/../../../arm-none-eabi/lib/thumb/v7-m/nofp/libg_nano.a(lib_a-errno.o)
 .ARM.attributes
                0x0000000000000476       0x2d /usr/lib/gcc/arm-none-eabi/10.3.1/../../../arm-none-eabi/lib/thumb/v7-m/nofp/libg_nano.a(lib_a-impure.o)
 .ARM.attributes
                0x00000000000004a3       0x2d /usr/lib/gcc/arm-none-eabi/10.3.1/../../../arm-none-eabi/lib/thumb/v7-m/nofp/libg_nano.a(lib_a-init.o)
 .ARM.attributes
                0x00000000000004d0       0x2d /usr/lib/gcc/arm-none-eabi/10.3.1/../../../arm-none-eabi/lib/thumb/v7-m/nofp/libg_nano.a(lib_a-memmove.o)
 .ARM.attributes
                0x00000000000004fd       0x2d /usr/lib/gcc/arm-none-eabi/10.3.1/../../../arm-none-eabi/lib/thumb/v7-m/nofp/libg_nano.a(lib_a-memset.o)
 .ARM.attributes
                0x000000000000052a       0x2d /usr/lib/gcc/arm-none-eabi/10.3.1/../../../arm-none-eabi/lib/thumb/v7-m/nofp/libg_nano.a(lib_a-sprintf.o)
 .ARM.attributes
                0x0000000000000557       0x2d /usr/lib/gcc/arm-none-eabi/10.3.1/../../../arm-none-eabi/lib/thumb/v7-m/nofp/libg_nano.a(lib_a-strchr.o)
 .ARM.attributes
                0x0000000000000584       0x1b /usr/lib/gcc/arm-none-eabi/10.3.1/../../../arm-none-eabi/lib/thumb/v7-m/nofp/libg_nano.a(lib_a-strcmp.o)
 .ARM.attributes
                0x000000000000059f       0x2d /usr/lib/gcc/arm-none-eabi/10.3.1/../../../arm-none-eabi/lib/thumb/v7-m/nofp/libg_nano.a(lib_a-strlen-stub.o)
 .ARM.attributes
                0x00000000000005cc       0x2d /usr/lib/gcc/arm-none-eabi/10.3.1/../../../arm-none-eabi/lib/thumb/v7-m/nofp/libg_nano.a(lib_a-strncpy.o)
 .ARM.attributes
                0x00000000000005f9       0x2d /usr/lib/gcc/arm-none-eabi/10.3.1/../../../arm-none-eabi/lib/thumb/v7-m/nofp/libg_nano.a(lib_a-strtol.o)
 .ARM.attributes
                0x0000000000000626       0x2d /usr/lib/gcc/arm-none-eabi/10.3.1/../../../arm-none-eabi/lib/thumb/v7-m/nofp/libg_nano.a(lib_a-nano-svfprintf.o)
 .ARM.attributes
                0x0000000000000653       0x2d /usr/lib/gcc/arm-none-eabi/10.3.1/../../../arm-none-eabi/lib/thumb/v7-m/nofp/libg_nano.a(lib_a-nano-vfprintf_i.o)
 .ARM.attributes
                0x0000000000000680       0x2d /usr/lib/gcc/arm-none-eabi/10.3.1/../../../arm-none-eabi/lib/thumb/v7-m/nofp/libg_nano.a(lib_a-memchr-stub.o)
 .ARM.attributes
                0x00000000000006ad       0x1b /usr/lib/gcc/arm-none-eabi/10.3.1/../../../arm-none-eabi/lib/thumb/v7-m/nofp/libg_nano.a(lib_a-memcpy.o)
 .ARM.attributes
                0x00000000000006c8       0x2d /usr/lib/gcc/arm-none-eabi/10.3.1/../../../arm-none-eabi/lib/thumb/v7-m/nofp/libg_nano.a(lib_a-nano-freer.o)
 .ARM.attributes
                0x00000000000006f5       0x2d /usr/lib/gcc/arm-none-eabi/10.3.1/../../../arm-none-eabi/lib/thumb/v7-m/nofp/libg_nano.a(lib_a-nano-mallocr.o)
 .ARM.attributes
                0x0000000000000722       0x2d /usr/lib/gcc/arm-none-eabi/10.3.1/../../../arm-none-eabi/lib/thumb/v7-m/nofp/libg_nano.a(lib_a-nano-reallocr.o)
 .ARM.attributes
                0x000000000000074f       0x2d /usr/lib/gcc/arm-none-eabi/10.3.1/../../../arm-none-eabi/lib/thumb/v7-m/nofp/libg_nano.a(lib_a-sbrkr.o)
 .ARM.attributes
                0x000000000000077c       0x2d /usr/lib/gcc/arm-none-eabi/10.3.1/../../../arm-none-eabi/lib/thumb/v7-m/nofp/libg_nano.a(lib_a-mlock.o)
 .ARM.attributes
                0x00000000000007a9       0x2d /usr/lib/gcc/arm-none-eabi/10.3.1/../../../arm-none-eabi/lib/thumb/v7-m/nofp/libg_nano.a(lib_a-nano-msizer.o)
 .ARM.attributes
                0x00000000000007d6       0x2d /usr/lib/gcc/arm-none-eabi/10.3.1/../../../arm-none-eabi/lib/thumb/v7-m/nofp/libg_nano.a(lib_a-reent.o)
 .ARM.attributes
                0x0000000000000803       0x2d /usr/lib/gcc/arm-none-eabi/10.3.1/thumb/v7-m/nofp/crtend.o
 .ARM.attributes
                0x0000000000000830       0x1d /usr/lib/gcc/arm-none-eabi/10.3.1/thumb/v7-m/nofp/crtn.o

.comment        0x0000000000000000       0x33
 .comment       0x0000000000000000       0x33 /usr/lib/gcc/arm-none-eabi/10.3.1/thumb/v7-m/nofp/crtbegin.o
                                         0x34 (size before relaxing)
 .comment       0x0000000000000033       0x34 cmake/stm32cubemx/CMakeFiles/STM32_Drivers.dir/__/__/Core/Src/system_stm32f1xx.c.obj
 .comment       0x0000000000000033       0x34 cmake/stm32cubemx/CMakeFiles/STM32_Drivers.dir/__/__/Drivers/STM32F1xx_HAL_Driver/Src/stm32f1xx_hal_tim.c.obj
 .comment       0x0000000000000033       0x34 cmake/stm32cubemx/CMakeFiles/STM32_Drivers.dir/__/__/Drivers/STM32F1xx_HAL_Driver/Src/stm32f1xx_hal_tim_ex.c.obj
 .comment       0x0000000000000033       0x34 cmake/stm32cubemx/CMakeFiles/STM32_Drivers.dir/__/__/Drivers/STM32F1xx_HAL_Driver/Src/stm32f1xx_hal.c.obj
 .comment       0x0000000000000033       0x34 cmake/stm32cubemx/CMakeFiles/STM32_Drivers.dir/__/__/Drivers/STM32F1xx_HAL_Driver/Src/stm32f1xx_hal_rcc.c.obj
 .comment       0x0000000000000033       0x34 cmake/stm32cubemx/CMakeFiles/STM32_Drivers.dir/__/__/Drivers/STM32F1xx_HAL_Driver/Src/stm32f1xx_hal_gpio.c.obj
 .comment       0x0000000000000033       0x34 cmake/stm32cubemx/CMakeFiles/STM32_Drivers.dir/__/__/Drivers/STM32F1xx_HAL_Driver/Src/stm32f1xx_hal_cortex.c.obj
 .comment       0x0000000000000033       0x34 cmake/stm32cubemx/CMakeFiles/STM32_Drivers.dir/__/__/Drivers/STM32F1xx_HAL_Driver/Src/stm32f1xx_hal_flash.c.obj
 .comment       0x0000000000000033       0x34 cmake/stm32cubemx/CMakeFiles/STM32_Drivers.dir/__/__/Drivers/STM32F1xx_HAL_Driver/Src/stm32f1xx_hal_flash_ex.c.obj
 .comment       0x0000000000000033       0x34 cmake/stm32cubemx/CMakeFiles/STM32_Drivers.dir/__/__/Drivers/STM32F1xx_HAL_Driver/Src/stm32f1xx_hal_uart.c.obj
 .comment       0x0000000000000033       0x34 CMakeFiles/Pusher_Motor.dir/Core/Src/main.c.obj
 .comment       0x0000000000000033       0x34 CMakeFiles/Pusher_Motor.dir/Core/Src/gpio.c.obj
 .comment       0x0000000000000033       0x34 CMakeFiles/Pusher_Motor.dir/Core/Src/tim.c.obj
 .comment       0x0000000000000033       0x34 CMakeFiles/Pusher_Motor.dir/Core/Src/usart.c.obj
 .comment       0x0000000000000033       0x34 CMakeFiles/Pusher_Motor.dir/Core/Src/stm32f1xx_it.c.obj
 .comment       0x0000000000000033       0x34 CMakeFiles/Pusher_Motor.dir/Core/Src/stm32f1xx_hal_msp.c.obj
 .comment       0x0000000000000033       0x34 CMakeFiles/Pusher_Motor.dir/Core/Src/sysmem.c.obj
 .comment       0x0000000000000033       0x34 CMakeFiles/Pusher_Motor.dir/Core/Src/pusher_motor.c.obj
 .comment       0x0000000000000033       0x34 CMakeFiles/Pusher_Motor.dir/Core/Src/cli.c.obj
 .comment       0x0000000000000033       0x34 CMakeFiles/Pusher_Motor.dir/Core/Src/flash_storage.c.obj
 .comment       0x0000000000000033       0x34 /usr/lib/gcc/arm-none-eabi/10.3.1/../../../arm-none-eabi/lib/thumb/v7-m/nofp/libg_nano.a(lib_a-atoi.o)
 .comment       0x0000000000000033       0x34 /usr/lib/gcc/arm-none-eabi/10.3.1/../../../arm-none-eabi/lib/thumb/v7-m/nofp/libg_nano.a(lib_a-ctype_.o)
 .comment       0x0000000000000033       0x34 /usr/lib/gcc/arm-none-eabi/10.3.1/../../../arm-none-eabi/lib/thumb/v7-m/nofp/libg_nano.a(lib_a-errno.o)
 .comment       0x0000000000000033       0x34 /usr/lib/gcc/arm-none-eabi/10.3.1/../../../arm-none-eabi/lib/thumb/v7-m/nofp/libg_nano.a(lib_a-impure.o)
 .comment       0x0000000000000033       0x34 /usr/lib/gcc/arm-none-eabi/10.3.1/../../../arm-none-eabi/lib/thumb/v7-m/nofp/libg_nano.a(lib_a-init.o)
 .comment       0x0000000000000033       0x34 /usr/lib/gcc/arm-none-eabi/10.3.1/../../../arm-none-eabi/lib/thumb/v7-m/nofp/libg_nano.a(lib_a-memmove.o)
 .comment       0x0000000000000033       0x34 /usr/lib/gcc/arm-none-eabi/10.3.1/../../../arm-none-eabi/lib/thumb/v7-m/nofp/libg_nano.a(lib_a-memset.o)
 .comment       0x0000000000000033       0x34 /usr/lib/gcc/arm-none-eabi/10.3.1/../../../arm-none-eabi/lib/thumb/v7-m/nofp/libg_nano.a(lib_a-sprintf.o)
 .comment       0x0000000000000033       0x34 /usr/lib/gcc/arm-none-eabi/10.3.1/../../../arm-none-eabi/lib/thumb/v7-m/nofp/libg_nano.a(lib_a-strchr.o)
 .comment       0x0000000000000033       0x34 /usr/lib/gcc/arm-none-eabi/10.3.1/../../../arm-none-eabi/lib/thumb/v7-m/nofp/libg_nano.a(lib_a-strlen-stub.o)
 .comment       0x0000000000000033       0x34 /usr/lib/gcc/arm-none-eabi/10.3.1/../../../arm-none-eabi/lib/thumb/v7-m/nofp/libg_nano.a(lib_a-strncpy.o)
 .comment       0x0000000000000033       0x34 /usr/lib/gcc/arm-none-eabi/10.3.1/../../../arm-none-eabi/lib/thumb/v7-m/nofp/libg_nano.a(lib_a-strtol.o)
 .comment       0x0000000000000033       0x34 /usr/lib/gcc/arm-none-eabi/10.3.1/../../../arm-none-eabi/lib/thumb/v7-m/nofp/libg_nano.a(lib_a-nano-svfprintf.o)
 .comment       0x0000000000000033       0x34 /usr/lib/gcc/arm-none-eabi/10.3.1/../../../arm-none-eabi/lib/thumb/v7-m/nofp/libg_nano.a(lib_a-nano-vfprintf_i.o)
 .comment       0x0000000000000033       0x34 /usr/lib/gcc/arm-none-eabi/10.3.1/../../../arm-none-eabi/lib/thumb/v7-m/nofp/libg_nano.a(lib_a-memchr-stub.o)
 .comment       0x0000000000000033       0x34 /usr/lib/gcc/arm-none-eabi/10.3.1/../../../arm-none-eabi/lib/thumb/v7-m/nofp/libg_nano.a(lib_a-nano-freer.o)
 .comment       0x0000000000000033       0x34 /usr/lib/gcc/arm-none-eabi/10.3.1/../../../arm-none-eabi/lib/thumb/v7-m/nofp/libg_nano.a(lib_a-nano-mallocr.o)
 .comment       0x0000000000000033       0x34 /usr/lib/gcc/arm-none-eabi/10.3.1/../../../arm-none-eabi/lib/thumb/v7-m/nofp/libg_nano.a(lib_a-nano-reallocr.o)
 .comment       0x0000000000000033       0x34 /usr/lib/gcc/arm-none-eabi/10.3.1/../../../arm-none-eabi/lib/thumb/v7-m/nofp/libg_nano.a(lib_a-sbrkr.o)
 .comment       0x0000000000000033       0x34 /usr/lib/gcc/arm-none-eabi/10.3.1/../../../arm-none-eabi/lib/thumb/v7-m/nofp/libg_nano.a(lib_a-mlock.o)
 .comment       0x0000000000000033       0x34 /usr/lib/gcc/arm-none-eabi/10.3.1/../../../arm-none-eabi/lib/thumb/v7-m/nofp/libg_nano.a(lib_a-nano-msizer.o)
 .comment       0x0000000000000033       0x34 /usr/lib/gcc/arm-none-eabi/10.3.1/../../../arm-none-eabi/lib/thumb/v7-m/nofp/libg_nano.a(lib_a-reent.o)
 .comment       0x0000000000000033       0x34 /usr/lib/gcc/arm-none-eabi/10.3.1/thumb/v7-m/nofp/crtend.o

.debug_info     0x0000000000000000    0x16dae
 .debug_info    0x0000000000000000      0x225 cmake/stm32cubemx/CMakeFiles/STM32_Drivers.dir/__/__/Core/Src/system_stm32f1xx.c.obj
 .debug_info    0x0000000000000225     0x2b2e cmake/stm32cubemx/CMakeFiles/STM32_Drivers.dir/__/__/Drivers/STM32F1xx_HAL_Driver/Src/stm32f1xx_hal_tim.c.obj
 .debug_info    0x0000000000002d53     0x147b cmake/stm32cubemx/CMakeFiles/STM32_Drivers.dir/__/__/Drivers/STM32F1xx_HAL_Driver/Src/stm32f1xx_hal_tim_ex.c.obj
 .debug_info    0x00000000000041ce      0x6d5 cmake/stm32cubemx/CMakeFiles/STM32_Drivers.dir/__/__/Drivers/STM32F1xx_HAL_Driver/Src/stm32f1xx_hal.c.obj
 .debug_info    0x00000000000048a3      0x7fa cmake/stm32cubemx/CMakeFiles/STM32_Drivers.dir/__/__/Drivers/STM32F1xx_HAL_Driver/Src/stm32f1xx_hal_rcc.c.obj
 .debug_info    0x000000000000509d      0x5fd cmake/stm32cubemx/CMakeFiles/STM32_Drivers.dir/__/__/Drivers/STM32F1xx_HAL_Driver/Src/stm32f1xx_hal_gpio.c.obj
 .debug_info    0x000000000000569a      0xafc cmake/stm32cubemx/CMakeFiles/STM32_Drivers.dir/__/__/Drivers/STM32F1xx_HAL_Driver/Src/stm32f1xx_hal_cortex.c.obj
 .debug_info    0x0000000000006196      0x4ef cmake/stm32cubemx/CMakeFiles/STM32_Drivers.dir/__/__/Drivers/STM32F1xx_HAL_Driver/Src/stm32f1xx_hal_flash.c.obj
 .debug_info    0x0000000000006685      0x79e cmake/stm32cubemx/CMakeFiles/STM32_Drivers.dir/__/__/Drivers/STM32F1xx_HAL_Driver/Src/stm32f1xx_hal_flash_ex.c.obj
 .debug_info    0x0000000000006e23     0x303c cmake/stm32cubemx/CMakeFiles/STM32_Drivers.dir/__/__/Drivers/STM32F1xx_HAL_Driver/Src/stm32f1xx_hal_uart.c.obj
 .debug_info    0x0000000000009e5f      0x6f8 CMakeFiles/Pusher_Motor.dir/Core/Src/main.c.obj
 .debug_info    0x000000000000a557      0x3ef CMakeFiles/Pusher_Motor.dir/Core/Src/gpio.c.obj
 .debug_info    0x000000000000a946      0x940 CMakeFiles/Pusher_Motor.dir/Core/Src/tim.c.obj
 .debug_info    0x000000000000b286      0x7ed CMakeFiles/Pusher_Motor.dir/Core/Src/usart.c.obj
 .debug_info    0x000000000000ba73      0x1dd CMakeFiles/Pusher_Motor.dir/Core/Src/stm32f1xx_it.c.obj
 .debug_info    0x000000000000bc50      0x204 CMakeFiles/Pusher_Motor.dir/Core/Src/stm32f1xx_hal_msp.c.obj
 .debug_info    0x000000000000be54      0x147 CMakeFiles/Pusher_Motor.dir/Core/Src/sysmem.c.obj
 .debug_info    0x000000000000bf9b      0x7c1 CMakeFiles/Pusher_Motor.dir/Core/Src/pusher_motor.c.obj
 .debug_info    0x000000000000c75c      0xb5b CMakeFiles/Pusher_Motor.dir/Core/Src/cli.c.obj
 .debug_info    0x000000000000d2b7      0x286 CMakeFiles/Pusher_Motor.dir/Core/Src/flash_storage.c.obj
 .debug_info    0x000000000000d53d       0x22 CMakeFiles/Pusher_Motor.dir/startup_stm32f103xb.s.obj
 .debug_info    0x000000000000d55f      0x848 /usr/lib/gcc/arm-none-eabi/10.3.1/../../../arm-none-eabi/lib/thumb/v7-m/nofp/libg_nano.a(lib_a-atoi.o)
 .debug_info    0x000000000000dda7       0xb8 /usr/lib/gcc/arm-none-eabi/10.3.1/../../../arm-none-eabi/lib/thumb/v7-m/nofp/libg_nano.a(lib_a-ctype_.o)
 .debug_info    0x000000000000de5f      0x7ae /usr/lib/gcc/arm-none-eabi/10.3.1/../../../arm-none-eabi/lib/thumb/v7-m/nofp/libg_nano.a(lib_a-errno.o)
 .debug_info    0x000000000000e60d      0x863 /usr/lib/gcc/arm-none-eabi/10.3.1/../../../arm-none-eabi/lib/thumb/v7-m/nofp/libg_nano.a(lib_a-impure.o)
 .debug_info    0x000000000000ee70      0x11a /usr/lib/gcc/arm-none-eabi/10.3.1/../../../arm-none-eabi/lib/thumb/v7-m/nofp/libg_nano.a(lib_a-init.o)
 .debug_info    0x000000000000ef8a      0x152 /usr/lib/gcc/arm-none-eabi/10.3.1/../../../arm-none-eabi/lib/thumb/v7-m/nofp/libg_nano.a(lib_a-memmove.o)
 .debug_info    0x000000000000f0dc      0x137 /usr/lib/gcc/arm-none-eabi/10.3.1/../../../arm-none-eabi/lib/thumb/v7-m/nofp/libg_nano.a(lib_a-memset.o)
 .debug_info    0x000000000000f213      0x926 /usr/lib/gcc/arm-none-eabi/10.3.1/../../../arm-none-eabi/lib/thumb/v7-m/nofp/libg_nano.a(lib_a-sprintf.o)
 .debug_info    0x000000000000fb39      0x13a /usr/lib/gcc/arm-none-eabi/10.3.1/../../../arm-none-eabi/lib/thumb/v7-m/nofp/libg_nano.a(lib_a-strchr.o)
 .debug_info    0x000000000000fc73       0x26 /usr/lib/gcc/arm-none-eabi/10.3.1/../../../arm-none-eabi/lib/thumb/v7-m/nofp/libg_nano.a(lib_a-strcmp.o)
 .debug_info    0x000000000000fc99       0xbc /usr/lib/gcc/arm-none-eabi/10.3.1/../../../arm-none-eabi/lib/thumb/v7-m/nofp/libg_nano.a(lib_a-strlen-stub.o)
 .debug_info    0x000000000000fd55      0x153 /usr/lib/gcc/arm-none-eabi/10.3.1/../../../arm-none-eabi/lib/thumb/v7-m/nofp/libg_nano.a(lib_a-strncpy.o)
 .debug_info    0x000000000000fea8      0xf00 /usr/lib/gcc/arm-none-eabi/10.3.1/../../../arm-none-eabi/lib/thumb/v7-m/nofp/libg_nano.a(lib_a-strtol.o)
 .debug_info    0x0000000000010da8     0x10d5 /usr/lib/gcc/arm-none-eabi/10.3.1/../../../arm-none-eabi/lib/thumb/v7-m/nofp/libg_nano.a(lib_a-nano-svfprintf.o)
 .debug_info    0x0000000000011e7d      0xe9e /usr/lib/gcc/arm-none-eabi/10.3.1/../../../arm-none-eabi/lib/thumb/v7-m/nofp/libg_nano.a(lib_a-nano-vfprintf_i.o)
 .debug_info    0x0000000000012d1b      0x14e /usr/lib/gcc/arm-none-eabi/10.3.1/../../../arm-none-eabi/lib/thumb/v7-m/nofp/libg_nano.a(lib_a-memchr-stub.o)
 .debug_info    0x0000000000012e69       0x26 /usr/lib/gcc/arm-none-eabi/10.3.1/../../../arm-none-eabi/lib/thumb/v7-m/nofp/libg_nano.a(lib_a-memcpy.o)
 .debug_info    0x0000000000012e8f      0x940 /usr/lib/gcc/arm-none-eabi/10.3.1/../../../arm-none-eabi/lib/thumb/v7-m/nofp/libg_nano.a(lib_a-nano-freer.o)
 .debug_info    0x00000000000137cf      0xa0c /usr/lib/gcc/arm-none-eabi/10.3.1/../../../arm-none-eabi/lib/thumb/v7-m/nofp/libg_nano.a(lib_a-nano-mallocr.o)
 .debug_info    0x00000000000141db      0x911 /usr/lib/gcc/arm-none-eabi/10.3.1/../../../arm-none-eabi/lib/thumb/v7-m/nofp/libg_nano.a(lib_a-nano-reallocr.o)
 .debug_info    0x0000000000014aec      0x828 /usr/lib/gcc/arm-none-eabi/10.3.1/../../../arm-none-eabi/lib/thumb/v7-m/nofp/libg_nano.a(lib_a-sbrkr.o)
 .debug_info    0x0000000000015314      0x7dc /usr/lib/gcc/arm-none-eabi/10.3.1/../../../arm-none-eabi/lib/thumb/v7-m/nofp/libg_nano.a(lib_a-mlock.o)
 .debug_info    0x0000000000015af0      0x840 /usr/lib/gcc/arm-none-eabi/10.3.1/../../../arm-none-eabi/lib/thumb/v7-m/nofp/libg_nano.a(lib_a-nano-msizer.o)
 .debug_info    0x0000000000016330      0xa7e /usr/lib/gcc/arm-none-eabi/10.3.1/../../../arm-none-eabi/lib/thumb/v7-m/nofp/libg_nano.a(lib_a-reent.o)

.debug_abbrev   0x0000000000000000     0x4556
 .debug_abbrev  0x0000000000000000      0x13b cmake/stm32cubemx/CMakeFiles/STM32_Drivers.dir/__/__/Core/Src/system_stm32f1xx.c.obj
 .debug_abbrev  0x000000000000013b      0x238 cmake/stm32cubemx/CMakeFiles/STM32_Drivers.dir/__/__/Drivers/STM32F1xx_HAL_Driver/Src/stm32f1xx_hal_tim.c.obj
 .debug_abbrev  0x0000000000000373      0x240 cmake/stm32cubemx/CMakeFiles/STM32_Drivers.dir/__/__/Drivers/STM32F1xx_HAL_Driver/Src/stm32f1xx_hal_tim_ex.c.obj
 .debug_abbrev  0x00000000000005b3      0x1c8 cmake/stm32cubemx/CMakeFiles/STM32_Drivers.dir/__/__/Drivers/STM32F1xx_HAL_Driver/Src/stm32f1xx_hal.c.obj
 .debug_abbrev  0x000000000000077b      0x260 cmake/stm32cubemx/CMakeFiles/STM32_Drivers.dir/__/__/Drivers/STM32F1xx_HAL_Driver/Src/stm32f1xx_hal_rcc.c.obj
 .debug_abbrev  0x00000000000009db      0x1bb cmake/stm32cubemx/CMakeFiles/STM32_Drivers.dir/__/__/Drivers/STM32F1xx_HAL_Driver/Src/stm32f1xx_hal_gpio.c.obj
 .debug_abbrev  0x0000000000000b96      0x2ed cmake/stm32cubemx/CMakeFiles/STM32_Drivers.dir/__/__/Drivers/STM32F1xx_HAL_Driver/Src/stm32f1xx_hal_cortex.c.obj
 .debug_abbrev  0x0000000000000e83      0x1ff cmake/stm32cubemx/CMakeFiles/STM32_Drivers.dir/__/__/Drivers/STM32F1xx_HAL_Driver/Src/stm32f1xx_hal_flash.c.obj
 .debug_abbrev  0x0000000000001082      0x21d cmake/stm32cubemx/CMakeFiles/STM32_Drivers.dir/__/__/Drivers/STM32F1xx_HAL_Driver/Src/stm32f1xx_hal_flash_ex.c.obj
 .debug_abbrev  0x000000000000129f      0x2b3 cmake/stm32cubemx/CMakeFiles/STM32_Drivers.dir/__/__/Drivers/STM32F1xx_HAL_Driver/Src/stm32f1xx_hal_uart.c.obj
 .debug_abbrev  0x0000000000001552      0x1a2 CMakeFiles/Pusher_Motor.dir/Core/Src/main.c.obj
 .debug_abbrev  0x00000000000016f4      0x118 CMakeFiles/Pusher_Motor.dir/Core/Src/gpio.c.obj
 .debug_abbrev  0x000000000000180c      0x1c5 CMakeFiles/Pusher_Motor.dir/Core/Src/tim.c.obj
 .debug_abbrev  0x00000000000019d1      0x196 CMakeFiles/Pusher_Motor.dir/Core/Src/usart.c.obj
 .debug_abbrev  0x0000000000001b67       0xd3 CMakeFiles/Pusher_Motor.dir/Core/Src/stm32f1xx_it.c.obj
 .debug_abbrev  0x0000000000001c3a       0xd4 CMakeFiles/Pusher_Motor.dir/Core/Src/stm32f1xx_hal_msp.c.obj
 .debug_abbrev  0x0000000000001d0e       0xa6 CMakeFiles/Pusher_Motor.dir/Core/Src/sysmem.c.obj
 .debug_abbrev  0x0000000000001db4      0x1c9 CMakeFiles/Pusher_Motor.dir/Core/Src/pusher_motor.c.obj
 .debug_abbrev  0x0000000000001f7d      0x331 CMakeFiles/Pusher_Motor.dir/Core/Src/cli.c.obj
 .debug_abbrev  0x00000000000022ae       0xf9 CMakeFiles/Pusher_Motor.dir/Core/Src/flash_storage.c.obj
 .debug_abbrev  0x00000000000023a7       0x12 CMakeFiles/Pusher_Motor.dir/startup_stm32f103xb.s.obj
 .debug_abbrev  0x00000000000023b9      0x187 /usr/lib/gcc/arm-none-eabi/10.3.1/../../../arm-none-eabi/lib/thumb/v7-m/nofp/libg_nano.a(lib_a-atoi.o)
 .debug_abbrev  0x0000000000002540       0x62 /usr/lib/gcc/arm-none-eabi/10.3.1/../../../arm-none-eabi/lib/thumb/v7-m/nofp/libg_nano.a(lib_a-ctype_.o)
 .debug_abbrev  0x00000000000025a2      0x157 /usr/lib/gcc/arm-none-eabi/10.3.1/../../../arm-none-eabi/lib/thumb/v7-m/nofp/libg_nano.a(lib_a-errno.o)
 .debug_abbrev  0x00000000000026f9      0x151 /usr/lib/gcc/arm-none-eabi/10.3.1/../../../arm-none-eabi/lib/thumb/v7-m/nofp/libg_nano.a(lib_a-impure.o)
 .debug_abbrev  0x000000000000284a       0xcc /usr/lib/gcc/arm-none-eabi/10.3.1/../../../arm-none-eabi/lib/thumb/v7-m/nofp/libg_nano.a(lib_a-init.o)
 .debug_abbrev  0x0000000000002916       0xc0 /usr/lib/gcc/arm-none-eabi/10.3.1/../../../arm-none-eabi/lib/thumb/v7-m/nofp/libg_nano.a(lib_a-memmove.o)
 .debug_abbrev  0x00000000000029d6       0xb4 /usr/lib/gcc/arm-none-eabi/10.3.1/../../../arm-none-eabi/lib/thumb/v7-m/nofp/libg_nano.a(lib_a-memset.o)
 .debug_abbrev  0x0000000000002a8a      0x213 /usr/lib/gcc/arm-none-eabi/10.3.1/../../../arm-none-eabi/lib/thumb/v7-m/nofp/libg_nano.a(lib_a-sprintf.o)
 .debug_abbrev  0x0000000000002c9d       0x94 /usr/lib/gcc/arm-none-eabi/10.3.1/../../../arm-none-eabi/lib/thumb/v7-m/nofp/libg_nano.a(lib_a-strchr.o)
 .debug_abbrev  0x0000000000002d31       0x14 /usr/lib/gcc/arm-none-eabi/10.3.1/../../../arm-none-eabi/lib/thumb/v7-m/nofp/libg_nano.a(lib_a-strcmp.o)
 .debug_abbrev  0x0000000000002d45       0x79 /usr/lib/gcc/arm-none-eabi/10.3.1/../../../arm-none-eabi/lib/thumb/v7-m/nofp/libg_nano.a(lib_a-strlen-stub.o)
 .debug_abbrev  0x0000000000002dbe       0xbb /usr/lib/gcc/arm-none-eabi/10.3.1/../../../arm-none-eabi/lib/thumb/v7-m/nofp/libg_nano.a(lib_a-strncpy.o)
 .debug_abbrev  0x0000000000002e79      0x2cf /usr/lib/gcc/arm-none-eabi/10.3.1/../../../arm-none-eabi/lib/thumb/v7-m/nofp/libg_nano.a(lib_a-strtol.o)
 .debug_abbrev  0x0000000000003148      0x2ca /usr/lib/gcc/arm-none-eabi/10.3.1/../../../arm-none-eabi/lib/thumb/v7-m/nofp/libg_nano.a(lib_a-nano-svfprintf.o)
 .debug_abbrev  0x0000000000003412      0x25c /usr/lib/gcc/arm-none-eabi/10.3.1/../../../arm-none-eabi/lib/thumb/v7-m/nofp/libg_nano.a(lib_a-nano-vfprintf_i.o)
 .debug_abbrev  0x000000000000366e       0xd4 /usr/lib/gcc/arm-none-eabi/10.3.1/../../../arm-none-eabi/lib/thumb/v7-m/nofp/libg_nano.a(lib_a-memchr-stub.o)
 .debug_abbrev  0x0000000000003742       0x14 /usr/lib/gcc/arm-none-eabi/10.3.1/../../../arm-none-eabi/lib/thumb/v7-m/nofp/libg_nano.a(lib_a-memcpy.o)
 .debug_abbrev  0x0000000000003756      0x245 /usr/lib/gcc/arm-none-eabi/10.3.1/../../../arm-none-eabi/lib/thumb/v7-m/nofp/libg_nano.a(lib_a-nano-freer.o)
 .debug_abbrev  0x000000000000399b      0x290 /usr/lib/gcc/arm-none-eabi/10.3.1/../../../arm-none-eabi/lib/thumb/v7-m/nofp/libg_nano.a(lib_a-nano-mallocr.o)
 .debug_abbrev  0x0000000000003c2b      0x1d6 /usr/lib/gcc/arm-none-eabi/10.3.1/../../../arm-none-eabi/lib/thumb/v7-m/nofp/libg_nano.a(lib_a-nano-reallocr.o)
 .debug_abbrev  0x0000000000003e01      0x1d6 /usr/lib/gcc/arm-none-eabi/10.3.1/../../../arm-none-eabi/lib/thumb/v7-m/nofp/libg_nano.a(lib_a-sbrkr.o)
 .debug_abbrev  0x0000000000003fd7      0x189 /usr/lib/gcc/arm-none-eabi/10.3.1/../../../arm-none-eabi/lib/thumb/v7-m/nofp/libg_nano.a(lib_a-mlock.o)
 .debug_abbrev  0x0000000000004160      0x191 /usr/lib/gcc/arm-none-eabi/10.3.1/../../../arm-none-eabi/lib/thumb/v7-m/nofp/libg_nano.a(lib_a-nano-msizer.o)
 .debug_abbrev  0x00000000000042f1      0x265 /usr/lib/gcc/arm-none-eabi/10.3.1/../../../arm-none-eabi/lib/thumb/v7-m/nofp/libg_nano.a(lib_a-reent.o)

.debug_aranges  0x0000000000000000     0x1108
 .debug_aranges
                0x0000000000000000       0x28 cmake/stm32cubemx/CMakeFiles/STM32_Drivers.dir/__/__/Core/Src/system_stm32f1xx.c.obj
 .debug_aranges
                0x0000000000000028      0x3d0 cmake/stm32cubemx/CMakeFiles/STM32_Drivers.dir/__/__/Drivers/STM32F1xx_HAL_Driver/Src/stm32f1xx_hal_tim.c.obj
 .debug_aranges
                0x00000000000003f8      0x168 cmake/stm32cubemx/CMakeFiles/STM32_Drivers.dir/__/__/Drivers/STM32F1xx_HAL_Driver/Src/stm32f1xx_hal_tim_ex.c.obj
 .debug_aranges
                0x0000000000000560       0xe0 cmake/stm32cubemx/CMakeFiles/STM32_Drivers.dir/__/__/Drivers/STM32F1xx_HAL_Driver/Src/stm32f1xx_hal.c.obj
 .debug_aranges
                0x0000000000000640       0x90 cmake/stm32cubemx/CMakeFiles/STM32_Drivers.dir/__/__/Drivers/STM32F1xx_HAL_Driver/Src/stm32f1xx_hal_rcc.c.obj
 .debug_aranges
                0x00000000000006d0       0x58 cmake/stm32cubemx/CMakeFiles/STM32_Drivers.dir/__/__/Drivers/STM32F1xx_HAL_Driver/Src/stm32f1xx_hal_gpio.c.obj
 .debug_aranges
                0x0000000000000728      0x100 cmake/stm32cubemx/CMakeFiles/STM32_Drivers.dir/__/__/Drivers/STM32F1xx_HAL_Driver/Src/stm32f1xx_hal_cortex.c.obj
 .debug_aranges
                0x0000000000000828       0x88 cmake/stm32cubemx/CMakeFiles/STM32_Drivers.dir/__/__/Drivers/STM32F1xx_HAL_Driver/Src/stm32f1xx_hal_flash.c.obj
 .debug_aranges
                0x00000000000008b0       0x98 cmake/stm32cubemx/CMakeFiles/STM32_Drivers.dir/__/__/Drivers/STM32F1xx_HAL_Driver/Src/stm32f1xx_hal_flash_ex.c.obj
 .debug_aranges
                0x0000000000000948      0x208 cmake/stm32cubemx/CMakeFiles/STM32_Drivers.dir/__/__/Drivers/STM32F1xx_HAL_Driver/Src/stm32f1xx_hal_uart.c.obj
 .debug_aranges
                0x0000000000000b50       0x30 CMakeFiles/Pusher_Motor.dir/Core/Src/main.c.obj
 .debug_aranges
                0x0000000000000b80       0x20 CMakeFiles/Pusher_Motor.dir/Core/Src/gpio.c.obj
 .debug_aranges
                0x0000000000000ba0       0x38 CMakeFiles/Pusher_Motor.dir/Core/Src/tim.c.obj
 .debug_aranges
                0x0000000000000bd8       0x38 CMakeFiles/Pusher_Motor.dir/Core/Src/usart.c.obj
 .debug_aranges
                0x0000000000000c10       0x68 CMakeFiles/Pusher_Motor.dir/Core/Src/stm32f1xx_it.c.obj
 .debug_aranges
                0x0000000000000c78       0x20 CMakeFiles/Pusher_Motor.dir/Core/Src/stm32f1xx_hal_msp.c.obj
 .debug_aranges
                0x0000000000000c98       0x20 CMakeFiles/Pusher_Motor.dir/Core/Src/sysmem.c.obj
 .debug_aranges
                0x0000000000000cb8       0x38 CMakeFiles/Pusher_Motor.dir/Core/Src/pusher_motor.c.obj
 .debug_aranges
                0x0000000000000cf0       0xb8 CMakeFiles/Pusher_Motor.dir/Core/Src/cli.c.obj
 .debug_aranges
                0x0000000000000da8       0x48 CMakeFiles/Pusher_Motor.dir/Core/Src/flash_storage.c.obj
 .debug_aranges
                0x0000000000000df0       0x28 CMakeFiles/Pusher_Motor.dir/startup_stm32f103xb.s.obj
 .debug_aranges
                0x0000000000000e18       0x20 /usr/lib/gcc/arm-none-eabi/10.3.1/../../../arm-none-eabi/lib/thumb/v7-m/nofp/libg_nano.a(lib_a-atoi.o)
 .debug_aranges
                0x0000000000000e38       0x18 /usr/lib/gcc/arm-none-eabi/10.3.1/../../../arm-none-eabi/lib/thumb/v7-m/nofp/libg_nano.a(lib_a-ctype_.o)
 .debug_aranges
                0x0000000000000e50       0x20 /usr/lib/gcc/arm-none-eabi/10.3.1/../../../arm-none-eabi/lib/thumb/v7-m/nofp/libg_nano.a(lib_a-errno.o)
 .debug_aranges
                0x0000000000000e70       0x18 /usr/lib/gcc/arm-none-eabi/10.3.1/../../../arm-none-eabi/lib/thumb/v7-m/nofp/libg_nano.a(lib_a-impure.o)
 .debug_aranges
                0x0000000000000e88       0x20 /usr/lib/gcc/arm-none-eabi/10.3.1/../../../arm-none-eabi/lib/thumb/v7-m/nofp/libg_nano.a(lib_a-init.o)
 .debug_aranges
                0x0000000000000ea8       0x20 /usr/lib/gcc/arm-none-eabi/10.3.1/../../../arm-none-eabi/lib/thumb/v7-m/nofp/libg_nano.a(lib_a-memmove.o)
 .debug_aranges
                0x0000000000000ec8       0x20 /usr/lib/gcc/arm-none-eabi/10.3.1/../../../arm-none-eabi/lib/thumb/v7-m/nofp/libg_nano.a(lib_a-memset.o)
 .debug_aranges
                0x0000000000000ee8       0x20 /usr/lib/gcc/arm-none-eabi/10.3.1/../../../arm-none-eabi/lib/thumb/v7-m/nofp/libg_nano.a(lib_a-sprintf.o)
 .debug_aranges
                0x0000000000000f08       0x20 /usr/lib/gcc/arm-none-eabi/10.3.1/../../../arm-none-eabi/lib/thumb/v7-m/nofp/libg_nano.a(lib_a-strchr.o)
 .debug_aranges
                0x0000000000000f28       0x20 /usr/lib/gcc/arm-none-eabi/10.3.1/../../../arm-none-eabi/lib/thumb/v7-m/nofp/libg_nano.a(lib_a-strcmp.o)
 .debug_aranges
                0x0000000000000f48       0x20 /usr/lib/gcc/arm-none-eabi/10.3.1/../../../arm-none-eabi/lib/thumb/v7-m/nofp/libg_nano.a(lib_a-strlen-stub.o)
 .debug_aranges
                0x0000000000000f68       0x20 /usr/lib/gcc/arm-none-eabi/10.3.1/../../../arm-none-eabi/lib/thumb/v7-m/nofp/libg_nano.a(lib_a-strncpy.o)
 .debug_aranges
                0x0000000000000f88       0x20 /usr/lib/gcc/arm-none-eabi/10.3.1/../../../arm-none-eabi/lib/thumb/v7-m/nofp/libg_nano.a(lib_a-strtol.o)
 .debug_aranges
                0x0000000000000fa8       0x20 /usr/lib/gcc/arm-none-eabi/10.3.1/../../../arm-none-eabi/lib/thumb/v7-m/nofp/libg_nano.a(lib_a-nano-svfprintf.o)
 .debug_aranges
                0x0000000000000fc8       0x20 /usr/lib/gcc/arm-none-eabi/10.3.1/../../../arm-none-eabi/lib/thumb/v7-m/nofp/libg_nano.a(lib_a-nano-vfprintf_i.o)
 .debug_aranges
                0x0000000000000fe8       0x20 /usr/lib/gcc/arm-none-eabi/10.3.1/../../../arm-none-eabi/lib/thumb/v7-m/nofp/libg_nano.a(lib_a-memchr-stub.o)
 .debug_aranges
                0x0000000000001008       0x20 /usr/lib/gcc/arm-none-eabi/10.3.1/../../../arm-none-eabi/lib/thumb/v7-m/nofp/libg_nano.a(lib_a-memcpy.o)
 .debug_aranges
                0x0000000000001028       0x20 /usr/lib/gcc/arm-none-eabi/10.3.1/../../../arm-none-eabi/lib/thumb/v7-m/nofp/libg_nano.a(lib_a-nano-freer.o)
 .debug_aranges
                0x0000000000001048       0x20 /usr/lib/gcc/arm-none-eabi/10.3.1/../../../arm-none-eabi/lib/thumb/v7-m/nofp/libg_nano.a(lib_a-nano-mallocr.o)
 .debug_aranges
                0x0000000000001068       0x20 /usr/lib/gcc/arm-none-eabi/10.3.1/../../../arm-none-eabi/lib/thumb/v7-m/nofp/libg_nano.a(lib_a-nano-reallocr.o)
 .debug_aranges
                0x0000000000001088       0x20 /usr/lib/gcc/arm-none-eabi/10.3.1/../../../arm-none-eabi/lib/thumb/v7-m/nofp/libg_nano.a(lib_a-sbrkr.o)
 .debug_aranges
                0x00000000000010a8       0x20 /usr/lib/gcc/arm-none-eabi/10.3.1/../../../arm-none-eabi/lib/thumb/v7-m/nofp/libg_nano.a(lib_a-mlock.o)
 .debug_aranges
                0x00000000000010c8       0x20 /usr/lib/gcc/arm-none-eabi/10.3.1/../../../arm-none-eabi/lib/thumb/v7-m/nofp/libg_nano.a(lib_a-nano-msizer.o)
 .debug_aranges
                0x00000000000010e8       0x20 /usr/lib/gcc/arm-none-eabi/10.3.1/../../../arm-none-eabi/lib/thumb/v7-m/nofp/libg_nano.a(lib_a-reent.o)

.debug_ranges   0x0000000000000000      0xec0
 .debug_ranges  0x0000000000000000       0x18 cmake/stm32cubemx/CMakeFiles/STM32_Drivers.dir/__/__/Core/Src/system_stm32f1xx.c.obj
 .debug_ranges  0x0000000000000018      0x3c0 cmake/stm32cubemx/CMakeFiles/STM32_Drivers.dir/__/__/Drivers/STM32F1xx_HAL_Driver/Src/stm32f1xx_hal_tim.c.obj
 .debug_ranges  0x00000000000003d8      0x158 cmake/stm32cubemx/CMakeFiles/STM32_Drivers.dir/__/__/Drivers/STM32F1xx_HAL_Driver/Src/stm32f1xx_hal_tim_ex.c.obj
 .debug_ranges  0x0000000000000530       0xd0 cmake/stm32cubemx/CMakeFiles/STM32_Drivers.dir/__/__/Drivers/STM32F1xx_HAL_Driver/Src/stm32f1xx_hal.c.obj
 .debug_ranges  0x0000000000000600       0x80 cmake/stm32cubemx/CMakeFiles/STM32_Drivers.dir/__/__/Drivers/STM32F1xx_HAL_Driver/Src/stm32f1xx_hal_rcc.c.obj
 .debug_ranges  0x0000000000000680       0x48 cmake/stm32cubemx/CMakeFiles/STM32_Drivers.dir/__/__/Drivers/STM32F1xx_HAL_Driver/Src/stm32f1xx_hal_gpio.c.obj
 .debug_ranges  0x00000000000006c8       0xf0 cmake/stm32cubemx/CMakeFiles/STM32_Drivers.dir/__/__/Drivers/STM32F1xx_HAL_Driver/Src/stm32f1xx_hal_cortex.c.obj
 .debug_ranges  0x00000000000007b8       0x78 cmake/stm32cubemx/CMakeFiles/STM32_Drivers.dir/__/__/Drivers/STM32F1xx_HAL_Driver/Src/stm32f1xx_hal_flash.c.obj
 .debug_ranges  0x0000000000000830       0x88 cmake/stm32cubemx/CMakeFiles/STM32_Drivers.dir/__/__/Drivers/STM32F1xx_HAL_Driver/Src/stm32f1xx_hal_flash_ex.c.obj
 .debug_ranges  0x00000000000008b8      0x228 cmake/stm32cubemx/CMakeFiles/STM32_Drivers.dir/__/__/Drivers/STM32F1xx_HAL_Driver/Src/stm32f1xx_hal_uart.c.obj
 .debug_ranges  0x0000000000000ae0       0x20 CMakeFiles/Pusher_Motor.dir/Core/Src/main.c.obj
 .debug_ranges  0x0000000000000b00       0x10 CMakeFiles/Pusher_Motor.dir/Core/Src/gpio.c.obj
 .debug_ranges  0x0000000000000b10       0x28 CMakeFiles/Pusher_Motor.dir/Core/Src/tim.c.obj
 .debug_ranges  0x0000000000000b38       0x28 CMakeFiles/Pusher_Motor.dir/Core/Src/usart.c.obj
 .debug_ranges  0x0000000000000b60       0x58 CMakeFiles/Pusher_Motor.dir/Core/Src/stm32f1xx_it.c.obj
 .debug_ranges  0x0000000000000bb8       0x10 CMakeFiles/Pusher_Motor.dir/Core/Src/stm32f1xx_hal_msp.c.obj
 .debug_ranges  0x0000000000000bc8       0x10 CMakeFiles/Pusher_Motor.dir/Core/Src/sysmem.c.obj
 .debug_ranges  0x0000000000000bd8       0x28 CMakeFiles/Pusher_Motor.dir/Core/Src/pusher_motor.c.obj
 .debug_ranges  0x0000000000000c00       0xa8 CMakeFiles/Pusher_Motor.dir/Core/Src/cli.c.obj
 .debug_ranges  0x0000000000000ca8       0x38 CMakeFiles/Pusher_Motor.dir/Core/Src/flash_storage.c.obj
 .debug_ranges  0x0000000000000ce0       0x20 CMakeFiles/Pusher_Motor.dir/startup_stm32f103xb.s.obj
 .debug_ranges  0x0000000000000d00       0x10 /usr/lib/gcc/arm-none-eabi/10.3.1/../../../arm-none-eabi/lib/thumb/v7-m/nofp/libg_nano.a(lib_a-strlen-stub.o)
 .debug_ranges  0x0000000000000d10       0x68 /usr/lib/gcc/arm-none-eabi/10.3.1/../../../arm-none-eabi/lib/thumb/v7-m/nofp/libg_nano.a(lib_a-strtol.o)
 .debug_ranges  0x0000000000000d78       0x50 /usr/lib/gcc/arm-none-eabi/10.3.1/../../../arm-none-eabi/lib/thumb/v7-m/nofp/libg_nano.a(lib_a-nano-svfprintf.o)
 .debug_ranges  0x0000000000000dc8       0xa8 /usr/lib/gcc/arm-none-eabi/10.3.1/../../../arm-none-eabi/lib/thumb/v7-m/nofp/libg_nano.a(lib_a-nano-vfprintf_i.o)
 .debug_ranges  0x0000000000000e70       0x18 /usr/lib/gcc/arm-none-eabi/10.3.1/../../../arm-none-eabi/lib/thumb/v7-m/nofp/libg_nano.a(lib_a-nano-freer.o)
 .debug_ranges  0x0000000000000e88       0x38 /usr/lib/gcc/arm-none-eabi/10.3.1/../../../arm-none-eabi/lib/thumb/v7-m/nofp/libg_nano.a(lib_a-nano-mallocr.o)

.debug_macro    0x0000000000000000    0x17ce9
 .debug_macro   0x0000000000000000      0x15a cmake/stm32cubemx/CMakeFiles/STM32_Drivers.dir/__/__/Core/Src/system_stm32f1xx.c.obj
 .debug_macro   0x000000000000015a      0xa6c cmake/stm32cubemx/CMakeFiles/STM32_Drivers.dir/__/__/Core/Src/system_stm32f1xx.c.obj
 .debug_macro   0x0000000000000bc6       0x2e cmake/stm32cubemx/CMakeFiles/STM32_Drivers.dir/__/__/Core/Src/system_stm32f1xx.c.obj
 .debug_macro   0x0000000000000bf4       0x22 cmake/stm32cubemx/CMakeFiles/STM32_Drivers.dir/__/__/Core/Src/system_stm32f1xx.c.obj
 .debug_macro   0x0000000000000c16      0x34e cmake/stm32cubemx/CMakeFiles/STM32_Drivers.dir/__/__/Core/Src/system_stm32f1xx.c.obj
 .debug_macro   0x0000000000000f64       0x1c cmake/stm32cubemx/CMakeFiles/STM32_Drivers.dir/__/__/Core/Src/system_stm32f1xx.c.obj
 .debug_macro   0x0000000000000f80       0x22 cmake/stm32cubemx/CMakeFiles/STM32_Drivers.dir/__/__/Core/Src/system_stm32f1xx.c.obj
 .debug_macro   0x0000000000000fa2       0xbd cmake/stm32cubemx/CMakeFiles/STM32_Drivers.dir/__/__/Core/Src/system_stm32f1xx.c.obj
 .debug_macro   0x000000000000105f      0xd23 cmake/stm32cubemx/CMakeFiles/STM32_Drivers.dir/__/__/Core/Src/system_stm32f1xx.c.obj
 .debug_macro   0x0000000000001d82     0xe09e cmake/stm32cubemx/CMakeFiles/STM32_Drivers.dir/__/__/Core/Src/system_stm32f1xx.c.obj
 .debug_macro   0x000000000000fe20       0x6d cmake/stm32cubemx/CMakeFiles/STM32_Drivers.dir/__/__/Core/Src/system_stm32f1xx.c.obj
 .debug_macro   0x000000000000fe8d      0x21b cmake/stm32cubemx/CMakeFiles/STM32_Drivers.dir/__/__/Core/Src/system_stm32f1xx.c.obj
 .debug_macro   0x00000000000100a8     0x34a2 cmake/stm32cubemx/CMakeFiles/STM32_Drivers.dir/__/__/Core/Src/system_stm32f1xx.c.obj
 .debug_macro   0x000000000001354a      0x174 cmake/stm32cubemx/CMakeFiles/STM32_Drivers.dir/__/__/Core/Src/system_stm32f1xx.c.obj
 .debug_macro   0x00000000000136be       0x5c cmake/stm32cubemx/CMakeFiles/STM32_Drivers.dir/__/__/Core/Src/system_stm32f1xx.c.obj
 .debug_macro   0x000000000001371a      0x5bc cmake/stm32cubemx/CMakeFiles/STM32_Drivers.dir/__/__/Core/Src/system_stm32f1xx.c.obj
 .debug_macro   0x0000000000013cd6      0x289 cmake/stm32cubemx/CMakeFiles/STM32_Drivers.dir/__/__/Core/Src/system_stm32f1xx.c.obj
 .debug_macro   0x0000000000013f5f      0x1cb cmake/stm32cubemx/CMakeFiles/STM32_Drivers.dir/__/__/Core/Src/system_stm32f1xx.c.obj
 .debug_macro   0x000000000001412a      0x114 cmake/stm32cubemx/CMakeFiles/STM32_Drivers.dir/__/__/Core/Src/system_stm32f1xx.c.obj
 .debug_macro   0x000000000001423e      0x1b2 cmake/stm32cubemx/CMakeFiles/STM32_Drivers.dir/__/__/Core/Src/system_stm32f1xx.c.obj
 .debug_macro   0x00000000000143f0       0x27 cmake/stm32cubemx/CMakeFiles/STM32_Drivers.dir/__/__/Core/Src/system_stm32f1xx.c.obj
 .debug_macro   0x0000000000014417      0x136 cmake/stm32cubemx/CMakeFiles/STM32_Drivers.dir/__/__/Core/Src/system_stm32f1xx.c.obj
 .debug_macro   0x000000000001454d      0x1bc cmake/stm32cubemx/CMakeFiles/STM32_Drivers.dir/__/__/Core/Src/system_stm32f1xx.c.obj
 .debug_macro   0x0000000000014709       0x34 cmake/stm32cubemx/CMakeFiles/STM32_Drivers.dir/__/__/Core/Src/system_stm32f1xx.c.obj
 .debug_macro   0x000000000001473d       0x3c cmake/stm32cubemx/CMakeFiles/STM32_Drivers.dir/__/__/Core/Src/system_stm32f1xx.c.obj
 .debug_macro   0x0000000000014779       0x57 cmake/stm32cubemx/CMakeFiles/STM32_Drivers.dir/__/__/Core/Src/system_stm32f1xx.c.obj
 .debug_macro   0x00000000000147d0       0x87 cmake/stm32cubemx/CMakeFiles/STM32_Drivers.dir/__/__/Core/Src/system_stm32f1xx.c.obj
 .debug_macro   0x0000000000014857      0x240 cmake/stm32cubemx/CMakeFiles/STM32_Drivers.dir/__/__/Core/Src/system_stm32f1xx.c.obj
 .debug_macro   0x0000000000014a97      0x140 cmake/stm32cubemx/CMakeFiles/STM32_Drivers.dir/__/__/Core/Src/system_stm32f1xx.c.obj
 .debug_macro   0x0000000000014bd7      0x8ed cmake/stm32cubemx/CMakeFiles/STM32_Drivers.dir/__/__/Core/Src/system_stm32f1xx.c.obj
 .debug_macro   0x00000000000154c4      0x28e cmake/stm32cubemx/CMakeFiles/STM32_Drivers.dir/__/__/Core/Src/system_stm32f1xx.c.obj
 .debug_macro   0x0000000000015752       0x83 cmake/stm32cubemx/CMakeFiles/STM32_Drivers.dir/__/__/Core/Src/system_stm32f1xx.c.obj
 .debug_macro   0x00000000000157d5      0x15b cmake/stm32cubemx/CMakeFiles/STM32_Drivers.dir/__/__/Drivers/STM32F1xx_HAL_Driver/Src/stm32f1xx_hal_tim.c.obj
 .debug_macro   0x0000000000015930      0x15a cmake/stm32cubemx/CMakeFiles/STM32_Drivers.dir/__/__/Drivers/STM32F1xx_HAL_Driver/Src/stm32f1xx_hal_tim_ex.c.obj
 .debug_macro   0x0000000000015a8a      0x17e cmake/stm32cubemx/CMakeFiles/STM32_Drivers.dir/__/__/Drivers/STM32F1xx_HAL_Driver/Src/stm32f1xx_hal.c.obj
 .debug_macro   0x0000000000015c08      0x16c cmake/stm32cubemx/CMakeFiles/STM32_Drivers.dir/__/__/Drivers/STM32F1xx_HAL_Driver/Src/stm32f1xx_hal_rcc.c.obj
 .debug_macro   0x0000000000015d74      0x1c5 cmake/stm32cubemx/CMakeFiles/STM32_Drivers.dir/__/__/Drivers/STM32F1xx_HAL_Driver/Src/stm32f1xx_hal_gpio.c.obj
 .debug_macro   0x0000000000015f39      0x15a cmake/stm32cubemx/CMakeFiles/STM32_Drivers.dir/__/__/Drivers/STM32F1xx_HAL_Driver/Src/stm32f1xx_hal_cortex.c.obj
 .debug_macro   0x0000000000016093      0x15a cmake/stm32cubemx/CMakeFiles/STM32_Drivers.dir/__/__/Drivers/STM32F1xx_HAL_Driver/Src/stm32f1xx_hal_flash.c.obj
 .debug_macro   0x00000000000161ed      0x16c cmake/stm32cubemx/CMakeFiles/STM32_Drivers.dir/__/__/Drivers/STM32F1xx_HAL_Driver/Src/stm32f1xx_hal_flash_ex.c.obj
 .debug_macro   0x0000000000016359      0x15b cmake/stm32cubemx/CMakeFiles/STM32_Drivers.dir/__/__/Drivers/STM32F1xx_HAL_Driver/Src/stm32f1xx_hal_uart.c.obj
 .debug_macro   0x00000000000164b4      0x19f CMakeFiles/Pusher_Motor.dir/Core/Src/main.c.obj
 .debug_macro   0x0000000000016653       0x2e CMakeFiles/Pusher_Motor.dir/Core/Src/main.c.obj
 .debug_macro   0x0000000000016681      0x173 CMakeFiles/Pusher_Motor.dir/Core/Src/gpio.c.obj
 .debug_macro   0x00000000000167f4      0x173 CMakeFiles/Pusher_Motor.dir/Core/Src/tim.c.obj
 .debug_macro   0x0000000000016967      0x173 CMakeFiles/Pusher_Motor.dir/Core/Src/usart.c.obj
 .debug_macro   0x0000000000016ada      0x181 CMakeFiles/Pusher_Motor.dir/Core/Src/stm32f1xx_it.c.obj
 .debug_macro   0x0000000000016c5b      0x169 CMakeFiles/Pusher_Motor.dir/Core/Src/stm32f1xx_hal_msp.c.obj
 .debug_macro   0x0000000000016dc4       0xce CMakeFiles/Pusher_Motor.dir/Core/Src/sysmem.c.obj
 .debug_macro   0x0000000000016e92       0x10 CMakeFiles/Pusher_Motor.dir/Core/Src/sysmem.c.obj
 .debug_macro   0x0000000000016ea2       0x22 CMakeFiles/Pusher_Motor.dir/Core/Src/sysmem.c.obj
 .debug_macro   0x0000000000016ec4       0x52 CMakeFiles/Pusher_Motor.dir/Core/Src/sysmem.c.obj
 .debug_macro   0x0000000000016f16       0x18 CMakeFiles/Pusher_Motor.dir/Core/Src/sysmem.c.obj
 .debug_macro   0x0000000000016f2e       0x94 CMakeFiles/Pusher_Motor.dir/Core/Src/sysmem.c.obj
 .debug_macro   0x0000000000016fc2       0x35 CMakeFiles/Pusher_Motor.dir/Core/Src/sysmem.c.obj
 .debug_macro   0x0000000000016ff7       0x34 CMakeFiles/Pusher_Motor.dir/Core/Src/sysmem.c.obj
 .debug_macro   0x000000000001702b       0x16 CMakeFiles/Pusher_Motor.dir/Core/Src/sysmem.c.obj
 .debug_macro   0x0000000000017041       0x43 CMakeFiles/Pusher_Motor.dir/Core/Src/sysmem.c.obj
 .debug_macro   0x0000000000017084       0x57 CMakeFiles/Pusher_Motor.dir/Core/Src/sysmem.c.obj
 .debug_macro   0x00000000000170db       0x34 CMakeFiles/Pusher_Motor.dir/Core/Src/sysmem.c.obj
 .debug_macro   0x000000000001710f       0x10 CMakeFiles/Pusher_Motor.dir/Core/Src/sysmem.c.obj
 .debug_macro   0x000000000001711f       0x52 CMakeFiles/Pusher_Motor.dir/Core/Src/sysmem.c.obj
 .debug_macro   0x0000000000017171      0x182 CMakeFiles/Pusher_Motor.dir/Core/Src/sysmem.c.obj
 .debug_macro   0x00000000000172f3      0x23b CMakeFiles/Pusher_Motor.dir/Core/Src/sysmem.c.obj
 .debug_macro   0x000000000001752e      0x18c CMakeFiles/Pusher_Motor.dir/Core/Src/pusher_motor.c.obj
 .debug_macro   0x00000000000176ba       0x10 CMakeFiles/Pusher_Motor.dir/Core/Src/pusher_motor.c.obj
 .debug_macro   0x00000000000176ca      0x36b CMakeFiles/Pusher_Motor.dir/Core/Src/cli.c.obj
 .debug_macro   0x0000000000017a35       0x10 CMakeFiles/Pusher_Motor.dir/Core/Src/cli.c.obj
 .debug_macro   0x0000000000017a45      0x11f CMakeFiles/Pusher_Motor.dir/Core/Src/cli.c.obj
 .debug_macro   0x0000000000017b64      0x185 CMakeFiles/Pusher_Motor.dir/Core/Src/flash_storage.c.obj

.debug_line     0x0000000000000000    0x117bc
 .debug_line    0x0000000000000000      0x536 cmake/stm32cubemx/CMakeFiles/STM32_Drivers.dir/__/__/Core/Src/system_stm32f1xx.c.obj
 .debug_line    0x0000000000000536     0x3209 cmake/stm32cubemx/CMakeFiles/STM32_Drivers.dir/__/__/Drivers/STM32F1xx_HAL_Driver/Src/stm32f1xx_hal_tim.c.obj
 .debug_line    0x000000000000373f     0x16a9 cmake/stm32cubemx/CMakeFiles/STM32_Drivers.dir/__/__/Drivers/STM32F1xx_HAL_Driver/Src/stm32f1xx_hal_tim_ex.c.obj
 .debug_line    0x0000000000004de8      0x763 cmake/stm32cubemx/CMakeFiles/STM32_Drivers.dir/__/__/Drivers/STM32F1xx_HAL_Driver/Src/stm32f1xx_hal.c.obj
 .debug_line    0x000000000000554b      0xb6f cmake/stm32cubemx/CMakeFiles/STM32_Drivers.dir/__/__/Drivers/STM32F1xx_HAL_Driver/Src/stm32f1xx_hal_rcc.c.obj
 .debug_line    0x00000000000060ba      0x7fc cmake/stm32cubemx/CMakeFiles/STM32_Drivers.dir/__/__/Drivers/STM32F1xx_HAL_Driver/Src/stm32f1xx_hal_gpio.c.obj
 .debug_line    0x00000000000068b6      0x94b cmake/stm32cubemx/CMakeFiles/STM32_Drivers.dir/__/__/Drivers/STM32F1xx_HAL_Driver/Src/stm32f1xx_hal_cortex.c.obj
 .debug_line    0x0000000000007201      0x822 cmake/stm32cubemx/CMakeFiles/STM32_Drivers.dir/__/__/Drivers/STM32F1xx_HAL_Driver/Src/stm32f1xx_hal_flash.c.obj