D:/ProgramProjects/CubeMXProject/LongGe/Pusher_Motor/Drivers/BSP/Src/pusher_motor.c:33:6:pusher_motor_init	8	static
D:/ProgramProjects/CubeMXProject/LongGe/Pusher_Motor/Drivers/BSP/Src/pusher_motor.c:61:6:pusher_motor_set_params_and_start	24	static
D:/ProgramProjects/CubeMXProject/LongGe/Pusher_Motor/Drivers/BSP/Src/pusher_motor.c:85:6:pusher_motor_start	0	static
D:/ProgramProjects/CubeMXProject/LongGe/Pusher_Motor/Drivers/BSP/Src/pusher_motor.c:90:6:pusher_motor_loop	24	static
D:/ProgramProjects/CubeMXProject/LongGe/Pusher_Motor/Drivers/BSP/Src/pusher_motor.c:191:10:pusher_motor_save_params	0	static
D:/ProgramProjects/CubeMXProject/LongGe/Pusher_Motor/Drivers/BSP/Src/pusher_motor.c:201:10:pusher_motor_calculate_duty_from_speed	16	static
D:/ProgramProjects/CubeMXProject/LongGe/Pusher_Motor/Drivers/BSP/Src/pusher_motor.c:239:10:pusher_motor_set_max_speed	8	static
D:/ProgramProjects/CubeMXProject/LongGe/Pusher_Motor/Drivers/BSP/Src/pusher_motor.c:256:10:pusher_motor_set_speed	8	static
D:/ProgramProjects/CubeMXProject/LongGe/Pusher_Motor/Drivers/BSP/Src/pusher_motor.c:275:10:pusher_motor_calculate_speed_from_duty	8	static
D:/ProgramProjects/CubeMXProject/LongGe/Pusher_Motor/Drivers/BSP/Src/pusher_motor.c:303:10:pusher_motor_set_direction_time	8	static
D:/ProgramProjects/CubeMXProject/LongGe/Pusher_Motor/Drivers/BSP/Src/pusher_motor.c:318:10:pusher_motor_set_wait_time	8	static
D:/ProgramProjects/CubeMXProject/LongGe/Pusher_Motor/Drivers/BSP/Src/pusher_motor.c:333:10:pusher_motor_set_pwm_duty	8	static
D:/ProgramProjects/CubeMXProject/LongGe/Pusher_Motor/Drivers/BSP/Src/pusher_motor.c:356:10:pusher_motor_set_pwm_duty_direct	8	static
D:/ProgramProjects/CubeMXProject/LongGe/Pusher_Motor/Drivers/BSP/Src/pusher_motor.c:378:10:pusher_motor_set_motor_mp_a_dir	8	static
D:/ProgramProjects/CubeMXProject/LongGe/Pusher_Motor/Drivers/BSP/Src/pusher_motor.c:397:10:pusher_motor_set_motor_mp_b_dir	8	static
D:/ProgramProjects/CubeMXProject/LongGe/Pusher_Motor/Drivers/BSP/Src/pusher_motor.c:415:10:pusher_motor_get_direction_time	0	static
D:/ProgramProjects/CubeMXProject/LongGe/Pusher_Motor/Drivers/BSP/Src/pusher_motor.c:424:10:pusher_motor_get_wait_time	0	static
D:/ProgramProjects/CubeMXProject/LongGe/Pusher_Motor/Drivers/BSP/Src/pusher_motor.c:433:10:pusher_motor_get_pwm_duty	0	static
D:/ProgramProjects/CubeMXProject/LongGe/Pusher_Motor/Drivers/BSP/Src/pusher_motor.c:444:9:pusher_motor_get_start_signal	8	static
D:/ProgramProjects/CubeMXProject/LongGe/Pusher_Motor/Drivers/BSP/Src/pusher_motor.c:453:10:pusher_motor_get_max_speed	0	static
D:/ProgramProjects/CubeMXProject/LongGe/Pusher_Motor/Drivers/BSP/Src/pusher_motor.c:462:10:pusher_motor_get_motor_mp_a_dir	0	static
D:/ProgramProjects/CubeMXProject/LongGe/Pusher_Motor/Drivers/BSP/Src/pusher_motor.c:471:10:pusher_motor_get_motor_mp_b_dir	0	static
D:/ProgramProjects/CubeMXProject/LongGe/Pusher_Motor/Drivers/BSP/Src/pusher_motor.c:481:10:pusher_motor_set_acceleration	0	static
D:/ProgramProjects/CubeMXProject/LongGe/Pusher_Motor/Drivers/BSP/Src/pusher_motor.c:495:9:pusher_motor_get_acceleration	0	static
