D:/ProgramProjects/CubeMXProject/LongGe/Pusher_Motor/Core/Src/stm32f1xx_it.c:76:6:NMI_Handler	0	static
D:/ProgramProjects/CubeMXProject/LongGe/Pusher_Motor/Core/Src/stm32f1xx_it.c:91:6:HardFault_Handler	0	static
D:/ProgramProjects/CubeMXProject/LongGe/Pusher_Motor/Core/Src/stm32f1xx_it.c:106:6:MemManage_Handler	0	static
D:/ProgramProjects/CubeMXProject/LongGe/Pusher_Motor/Core/Src/stm32f1xx_it.c:121:6:BusFault_Handler	0	static
D:/ProgramProjects/CubeMXProject/LongGe/Pusher_Motor/Core/Src/stm32f1xx_it.c:136:6:UsageFault_Handler	0	static
D:/ProgramProjects/CubeMXProject/LongGe/Pusher_Motor/Core/Src/stm32f1xx_it.c:151:6:SVC_Handler	0	static
D:/ProgramProjects/CubeMXProject/LongGe/Pusher_Motor/Core/Src/stm32f1xx_it.c:164:6:DebugMon_Handler	0	static
D:/ProgramProjects/CubeMXProject/LongGe/Pusher_Motor/Core/Src/stm32f1xx_it.c:177:6:PendSV_Handler	0	static
D:/ProgramProjects/CubeMXProject/LongGe/Pusher_Motor/Core/Src/stm32f1xx_it.c:190:6:SysTick_Handler	0	static
D:/ProgramProjects/CubeMXProject/LongGe/Pusher_Motor/Core/Src/stm32f1xx_it.c:211:6:EXTI0_IRQHandler	8	static
D:/ProgramProjects/CubeMXProject/LongGe/Pusher_Motor/Core/Src/stm32f1xx_it.c:228:6:DMA1_Channel4_IRQHandler	0	static
D:/ProgramProjects/CubeMXProject/LongGe/Pusher_Motor/Core/Src/stm32f1xx_it.c:242:6:DMA1_Channel5_IRQHandler	0	static
D:/ProgramProjects/CubeMXProject/LongGe/Pusher_Motor/Core/Src/stm32f1xx_it.c:256:6:TIM1_UP_IRQHandler	0	static
D:/ProgramProjects/CubeMXProject/LongGe/Pusher_Motor/Core/Src/stm32f1xx_it.c:270:6:USART1_IRQHandler	16	static
