Archive member included to satisfy reference by file (symbol)

/usr/lib/gcc/arm-none-eabi/10.3.1/thumb/v7-m/nofp/libgcc.a(_arm_mulsf3.o)
                              CMakeFiles/Pusher_Motor.dir/Core/Src/pusher_motor.c.obj (__aeabi_fmul)
/usr/lib/gcc/arm-none-eabi/10.3.1/thumb/v7-m/nofp/libgcc.a(_arm_addsubsf3.o)
                              CMakeFiles/Pusher_Motor.dir/Core/Src/pusher_motor.c.obj (__aeabi_fsub)
/usr/lib/gcc/arm-none-eabi/10.3.1/thumb/v7-m/nofp/libgcc.a(_arm_muldivsf3.o)
                              CMakeFiles/Pusher_Motor.dir/Core/Src/pusher_motor.c.obj (__aeabi_fdiv)
/usr/lib/gcc/arm-none-eabi/10.3.1/thumb/v7-m/nofp/libgcc.a(_arm_cmpsf2.o)
                              CMakeFiles/Pusher_Motor.dir/Core/Src/pusher_motor.c.obj (__aeabi_fcmplt)
/usr/lib/gcc/arm-none-eabi/10.3.1/thumb/v7-m/nofp/libgcc.a(_arm_fixunssfsi.o)
                              CMakeFiles/Pusher_Motor.dir/Core/Src/pusher_motor.c.obj (__aeabi_f2uiz)
/usr/lib/gcc/arm-none-eabi/10.3.1/../../../arm-none-eabi/lib/thumb/v7-m/nofp/libg_nano.a(lib_a-atexit.o)
                              /usr/lib/gcc/arm-none-eabi/10.3.1/../../../arm-none-eabi/lib/thumb/v7-m/nofp/crt0.o (atexit)
/usr/lib/gcc/arm-none-eabi/10.3.1/../../../arm-none-eabi/lib/thumb/v7-m/nofp/libg_nano.a(lib_a-atoi.o)
                              CMakeFiles/Pusher_Motor.dir/Core/Src/cli.c.obj (atoi)
/usr/lib/gcc/arm-none-eabi/10.3.1/../../../arm-none-eabi/lib/thumb/v7-m/nofp/libg_nano.a(lib_a-ctype_.o)
                              CMakeFiles/Pusher_Motor.dir/Core/Src/cli.c.obj (_ctype_)
/usr/lib/gcc/arm-none-eabi/10.3.1/../../../arm-none-eabi/lib/thumb/v7-m/nofp/libg_nano.a(lib_a-errno.o)
                              CMakeFiles/Pusher_Motor.dir/Core/Src/sysmem.c.obj (__errno)
/usr/lib/gcc/arm-none-eabi/10.3.1/../../../arm-none-eabi/lib/thumb/v7-m/nofp/libg_nano.a(lib_a-exit.o)
                              /usr/lib/gcc/arm-none-eabi/10.3.1/../../../arm-none-eabi/lib/thumb/v7-m/nofp/crt0.o (exit)
/usr/lib/gcc/arm-none-eabi/10.3.1/../../../arm-none-eabi/lib/thumb/v7-m/nofp/libg_nano.a(lib_a-fini.o)
                              /usr/lib/gcc/arm-none-eabi/10.3.1/../../../arm-none-eabi/lib/thumb/v7-m/nofp/crt0.o (__libc_fini_array)
/usr/lib/gcc/arm-none-eabi/10.3.1/../../../arm-none-eabi/lib/thumb/v7-m/nofp/libg_nano.a(lib_a-impure.o)
                              /usr/lib/gcc/arm-none-eabi/10.3.1/../../../arm-none-eabi/lib/thumb/v7-m/nofp/libg_nano.a(lib_a-exit.o) (_global_impure_ptr)
/usr/lib/gcc/arm-none-eabi/10.3.1/../../../arm-none-eabi/lib/thumb/v7-m/nofp/libg_nano.a(lib_a-init.o)
                              /usr/lib/gcc/arm-none-eabi/10.3.1/../../../arm-none-eabi/lib/thumb/v7-m/nofp/crt0.o (__libc_init_array)
/usr/lib/gcc/arm-none-eabi/10.3.1/../../../arm-none-eabi/lib/thumb/v7-m/nofp/libg_nano.a(lib_a-memmove.o)
                              CMakeFiles/Pusher_Motor.dir/Core/Src/cli.c.obj (memmove)
/usr/lib/gcc/arm-none-eabi/10.3.1/../../../arm-none-eabi/lib/thumb/v7-m/nofp/libg_nano.a(lib_a-memset.o)
                              /usr/lib/gcc/arm-none-eabi/10.3.1/../../../arm-none-eabi/lib/thumb/v7-m/nofp/crt0.o (memset)
/usr/lib/gcc/arm-none-eabi/10.3.1/../../../arm-none-eabi/lib/thumb/v7-m/nofp/libg_nano.a(lib_a-sprintf.o)
                              CMakeFiles/Pusher_Motor.dir/Core/Src/cli.c.obj (sprintf)
/usr/lib/gcc/arm-none-eabi/10.3.1/../../../arm-none-eabi/lib/thumb/v7-m/nofp/libg_nano.a(lib_a-strchr.o)
                              CMakeFiles/Pusher_Motor.dir/Core/Src/cli.c.obj (strchr)
/usr/lib/gcc/arm-none-eabi/10.3.1/../../../arm-none-eabi/lib/thumb/v7-m/nofp/libg_nano.a(lib_a-strcmp.o)
                              CMakeFiles/Pusher_Motor.dir/Core/Src/cli.c.obj (strcmp)
/usr/lib/gcc/arm-none-eabi/10.3.1/../../../arm-none-eabi/lib/thumb/v7-m/nofp/libg_nano.a(lib_a-strlen-stub.o)
                              CMakeFiles/Pusher_Motor.dir/Core/Src/cli.c.obj (strlen)
/usr/lib/gcc/arm-none-eabi/10.3.1/../../../arm-none-eabi/lib/thumb/v7-m/nofp/libg_nano.a(lib_a-strncpy.o)
                              CMakeFiles/Pusher_Motor.dir/Core/Src/cli.c.obj (strncpy)
/usr/lib/gcc/arm-none-eabi/10.3.1/../../../arm-none-eabi/lib/thumb/v7-m/nofp/libg_nano.a(lib_a-strtol.o)
                              /usr/lib/gcc/arm-none-eabi/10.3.1/../../../arm-none-eabi/lib/thumb/v7-m/nofp/libg_nano.a(lib_a-atoi.o) (_strtol_r)
/usr/lib/gcc/arm-none-eabi/10.3.1/../../../arm-none-eabi/lib/thumb/v7-m/nofp/libg_nano.a(lib_a-__atexit.o)
                              /usr/lib/gcc/arm-none-eabi/10.3.1/../../../arm-none-eabi/lib/thumb/v7-m/nofp/libg_nano.a(lib_a-atexit.o) (__register_exitproc)
/usr/lib/gcc/arm-none-eabi/10.3.1/../../../arm-none-eabi/lib/thumb/v7-m/nofp/libg_nano.a(lib_a-__call_atexit.o)
                              /usr/lib/gcc/arm-none-eabi/10.3.1/../../../arm-none-eabi/lib/thumb/v7-m/nofp/libg_nano.a(lib_a-__atexit.o) (__call_exitprocs)
/usr/lib/gcc/arm-none-eabi/10.3.1/../../../arm-none-eabi/lib/thumb/v7-m/nofp/libg_nano.a(lib_a-nano-svfprintf.o)
[...]
Memory Configuration

Name             Origin             Length             Attributes
RAM              0x0000000020000000 0x0000000000005000 xrw
FLASH            0x0000000008000000 0x0000000000010000 xr
*default*        0x0000000000000000 0xffffffffffffffff

Linker script and memory map

LOAD /usr/lib/gcc/arm-none-eabi/10.3.1/thumb/v7-m/nofp/crti.o
LOAD /usr/lib/gcc/arm-none-eabi/10.3.1/thumb/v7-m/nofp/crtbegin.o
LOAD /usr/lib/gcc/arm-none-eabi/10.3.1/../../../arm-none-eabi/lib/thumb/v7-m/nofp/crt0.o
LOAD cmake/stm32cubemx/CMakeFiles/STM32_Drivers.dir/__/__/Core/Src/system_stm32f1xx.c.obj
LOAD cmake/stm32cubemx/CMakeFiles/STM32_Drivers.dir/__/__/Drivers/STM32F1xx_HAL_Driver/Src/stm32f1xx_hal_gpio_ex.c.obj
LOAD cmake/stm32cubemx/CMakeFiles/STM32_Drivers.dir/__/__/Drivers/STM32F1xx_HAL_Driver/Src/stm32f1xx_hal_tim.c.obj
LOAD cmake/stm32cubemx/CMakeFiles/STM32_Drivers.dir/__/__/Drivers/STM32F1xx_HAL_Driver/Src/stm32f1xx_hal_tim_ex.c.obj
LOAD cmake/stm32cubemx/CMakeFiles/STM32_Drivers.dir/__/__/Drivers/STM32F1xx_HAL_Driver/Src/stm32f1xx_hal.c.obj
LOAD cmake/stm32cubemx/CMakeFiles/STM32_Drivers.dir/__/__/Drivers/STM32F1xx_HAL_Driver/Src/stm32f1xx_hal_rcc.c.obj
LOAD cmake/stm32cubemx/CMakeFiles/STM32_Drivers.dir/__/__/Drivers/STM32F1xx_HAL_Driver/Src/stm32f1xx_hal_rcc_ex.c.obj
LOAD cmake/stm32cubemx/CMakeFiles/STM32_Drivers.dir/__/__/Drivers/STM32F1xx_HAL_Driver/Src/stm32f1xx_hal_gpio.c.obj
LOAD cmake/stm32cubemx/CMakeFiles/STM32_Drivers.dir/__/__/Drivers/STM32F1xx_HAL_Driver/Src/stm32f1xx_hal_dma.c.obj
LOAD cmake/stm32cubemx/CMakeFiles/STM32_Drivers.dir/__/__/Drivers/STM32F1xx_HAL_Driver/Src/stm32f1xx_hal_cortex.c.obj
LOAD cmake/stm32cubemx/CMakeFiles/STM32_Drivers.dir/__/__/Drivers/STM32F1xx_HAL_Driver/Src/stm32f1xx_hal_pwr.c.obj
LOAD cmake/stm32cubemx/CMakeFiles/STM32_Drivers.dir/__/__/Drivers/STM32F1xx_HAL_Driver/Src/stm32f1xx_hal_flash.c.obj
LOAD cmake/stm32cubemx/CMakeFiles/STM32_Drivers.dir/__/__/Drivers/STM32F1xx_HAL_Driver/Src/stm32f1xx_hal_flash_ex.c.obj
LOAD cmake/stm32cubemx/CMakeFiles/STM32_Drivers.dir/__/__/Drivers/STM32F1xx_HAL_Driver/Src/stm32f1xx_hal_exti.c.obj
LOAD cmake/stm32cubemx/CMakeFiles/STM32_Drivers.dir/__/__/Drivers/STM32F1xx_HAL_Driver/Src/stm32f1xx_hal_uart.c.obj
LOAD CMakeFiles/Pusher_Motor.dir/Core/Src/main.c.obj
LOAD CMakeFiles/Pusher_Motor.dir/Core/Src/gpio.c.obj
LOAD CMakeFiles/Pusher_Motor.dir/Core/Src/tim.c.obj
LOAD CMakeFiles/Pusher_Motor.dir/Core/Src/usart.c.obj
LOAD CMakeFiles/Pusher_Motor.dir/Core/Src/stm32f1xx_it.c.obj
LOAD CMakeFiles/Pusher_Motor.dir/Core/Src/stm32f1xx_hal_msp.c.obj
LOAD CMakeFiles/Pusher_Motor.dir/Core/Src/sysmem.c.obj
LOAD CMakeFiles/Pusher_Motor.dir/Core/Src/syscalls.c.obj
LOAD CMakeFiles/Pusher_Motor.dir/Core/Src/pusher_motor.c.obj
LOAD CMakeFiles/Pusher_Motor.dir/Core/Src/cli.c.obj
LOAD CMakeFiles/Pusher_Motor.dir/Core/Src/flash_storage.c.obj
LOAD CMakeFiles/Pusher_Motor.dir/startup_stm32f103xb.s.obj
LOAD /usr/lib/gcc/arm-none-eabi/10.3.1/../../../arm-none-eabi/lib/thumb/v7-m/nofp/libm.a
START GROUP
LOAD /usr/lib/gcc/arm-none-eabi/10.3.1/thumb/v7-m/nofp/libgcc.a
LOAD /usr/lib/gcc/arm-none-eabi/10.3.1/../../../arm-none-eabi/lib/thumb/v7-m/nofp/libg_nano.a
LOAD /usr/lib/gcc/arm-none-eabi/10.3.1/../../../arm-none-eabi/lib/thumb/v7-m/nofp/libc_nano.a
END GROUP
START GROUP
LOAD /usr/lib/gcc/arm-none-eabi/10.3.1/thumb/v7-m/nofp/libgcc.a
LOAD /usr/lib/gcc/arm-none-eabi/10.3.1/../../../arm-none-eabi/lib/thumb/v7-m/nofp/libc_nano.a
END GROUP
LOAD /usr/lib/gcc/arm-none-eabi/10.3.1/thumb/v7-m/nofp/crtend.o
LOAD /usr/lib/gcc/arm-none-eabi/10.3.1/thumb/v7-m/nofp/crtn.o
                0x0000000020005000                _estack = (ORIGIN (RAM) + LENGTH (RAM))
                0x0000000000000200                _Min_Heap_Size = 0x200
                0x0000000000000400                _Min_Stack_Size = 0x400

.isr_vector     0x0000000008000000      0x10c
                0x0000000008000000                . = ALIGN (0x4)
 *(.isr_vector)
 .isr_vector    0x0000000008000000      0x10c CMakeFiles/Pusher_Motor.dir/startup_stm32f103xb.s.obj
                0x0000000008000000                g_pfnVectors
                0x000000000800010c                . = ALIGN (0x4)

.text           0x000000000800010c     0x54ec
                0x000000000800010c                . = ALIGN (0x4)
 *(.text)
 .text          0x000000000800010c       0x88 /usr/lib/gcc/arm-none-eabi/10.3.1/thumb/v7-m/nofp/crtbegin.o
 .text          0x0000000008000194      0x21c /usr/lib/gcc/arm-none-eabi/10.3.1/thumb/v7-m/nofp/libgcc.a(_arm_addsubsf3.o)
                0x0000000008000194                __aeabi_frsub
                0x000000000800019c                __subsf3
                0x000000000800019c                __aeabi_fsub
                0x00000000080001a0                __aeabi_fadd
                0x00000000080001a0                __addsf3
                0x0000000008000300                __aeabi_ui2f
                0x0000000008000300                __floatunsisf
                0x0000000008000308                __aeabi_i2f
                0x0000000008000308                __floatsisf
                0x0000000008000324                __floatundisf
                0x0000000008000324                __aeabi_ul2f
                0x0000000008000334                __floatdisf
                0x0000000008000334                __aeabi_l2f
 .text          0x00000000080003b0      0x2a0 /usr/lib/gcc/arm-none-eabi/10.3.1/thumb/v7-m/nofp/libgcc.a(_arm_muldivsf3.o)
                0x00000000080003b0                __mulsf3
                0x00000000080003b0                __aeabi_fmul
                0x0000000008000518                __divsf3
                0x0000000008000518                __aeabi_fdiv
 .text          0x0000000008000650       0xec /usr/lib/gcc/arm-none-eabi/10.3.1/thumb/v7-m/nofp/libgcc.a(_arm_cmpsf2.o)
                0x0000000008000650                __gtsf2
                0x0000000008000650                __gesf2
                0x0000000008000658                __lesf2
                0x0000000008000658                __ltsf2
                0x0000000008000660                __nesf2
                0x0000000008000660                __eqsf2
                0x0000000008000660                __cmpsf2
                0x00000000080006c0                __aeabi_cfrcmple
                0x00000000080006c8                __aeabi_cfcmple
                0x00000000080006c8                __aeabi_cfcmpeq
                0x00000000080006d8                __aeabi_fcmpeq
                0x00000000080006ec                __aeabi_fcmplt
                0x0000000008000700                __aeabi_fcmple
                0x0000000008000714                __aeabi_fcmpge
                0x0000000008000728                __aeabi_fcmpgt
 .text          0x000000000800073c       0x40 /usr/lib/gcc/arm-none-eabi/10.3.1/thumb/v7-m/nofp/libgcc.a(_arm_fixunssfsi.o)
                0x000000000800073c                __aeabi_f2uiz
                0x000000000800073c                __fixunssfsi
 .text          0x000000000800077c       0x10 /usr/lib/gcc/arm-none-eabi/10.3.1/../../../arm-none-eabi/lib/thumb/v7-m/nofp/libg_nano.a(lib_a-atoi.o)
                0x000000000800077c                atoi
                0x0000000008000784                _atoi_r
 .text          0x000000000800078c        0xc /usr/lib/gcc/arm-none-eabi/10.3.1/../../../arm-none-eabi/lib/thumb/v7-m/nofp/libg_nano.a(lib_a-errno.o)
                0x000000000800078c                __errno
 .text          0x0000000008000798       0x48 /usr/lib/gcc/arm-none-eabi/10.3.1/../../../arm-none-eabi/lib/thumb/v7-m/nofp/libg_nano.a(lib_a-init.o)
                0x0000000008000798                __libc_init_array
 .text          0x00000000080007e0       0xf8 /usr/lib/gcc/arm-none-eabi/10.3.1/../../../arm-none-eabi/lib/thumb/v7-m/nofp/libg_nano.a(lib_a-memmove.o)
                0x00000000080007e0                memmove
 .text          0x00000000080008d8       0xa4 /usr/lib/gcc/arm-none-eabi/10.3.1/../../../arm-none-eabi/lib/thumb/v7-m/nofp/libg_nano.a(lib_a-memset.o)
                0x00000000080008d8                memset
 .text          0x000000000800097c       0x80 /usr/lib/gcc/arm-none-eabi/10.3.1/../../../arm-none-eabi/lib/thumb/v7-m/nofp/libg_nano.a(lib_a-sprintf.o)
                0x000000000800097c                _siprintf_r
                0x000000000800097c                _sprintf_r
                0x00000000080009b8                sprintf
                0x00000000080009b8                siprintf
 .text          0x00000000080009fc       0xcc /usr/lib/gcc/arm-none-eabi/10.3.1/../../../arm-none-eabi/lib/thumb/v7-m/nofp/libg_nano.a(lib_a-strchr.o)
                0x00000000080009fc                strchr
 .text          0x0000000008000ac8      0x1bc /usr/lib/gcc/arm-none-eabi/10.3.1/../../../arm-none-eabi/lib/thumb/v7-m/nofp/libg_nano.a(lib_a-strcmp.o)
                0x0000000008000ac8                strcmp
 .text          0x0000000008000c84       0x5c /usr/lib/gcc/arm-none-eabi/10.3.1/../../../arm-none-eabi/lib/thumb/v7-m/nofp/libg_nano.a(lib_a-strlen-stub.o)
                0x0000000008000c84                strlen
 .text          0x0000000008000ce0       0x68 /usr/lib/gcc/arm-none-eabi/10.3.1/../../../arm-none-eabi/lib/thumb/v7-m/nofp/libg_nano.a(lib_a-strncpy.o)
                0x0000000008000ce0                strncpy
 .text          0x0000000008000d48      0x190 /usr/lib/gcc/arm-none-eabi/10.3.1/../../../arm-none-eabi/lib/thumb/v7-m/nofp/libg_nano.a(lib_a-strtol.o)
                0x0000000008000e68                _strtol_r
                0x0000000008000e80                strtol_l
                0x0000000008000eac                strtol
 .text          0x0000000008000ed8      0x3f4 /usr/lib/gcc/arm-none-eabi/10.3.1/../../../arm-none-eabi/lib/thumb/v7-m/nofp/libg_nano.a(lib_a-nano-svfprintf.o)
                0x0000000008000ed8                __ssputs_r
                0x0000000008000f9c                __ssprint_r
                0x0000000008001098                _svfprintf_r
                0x0000000008001098                _svfiprintf_r
 .text          0x00000000080012cc      0x3d8 /usr/lib/gcc/arm-none-eabi/10.3.1/../../../arm-none-eabi/lib/thumb/v7-m/nofp/libg_nano.a(lib_a-nano-vfprintf_i.o)
                0x00000000080012cc                _printf_common
                0x00000000080013f8                _printf_i
 .text          0x00000000080016a4       0x90 /usr/lib/gcc/arm-none-eabi/10.3.1/../../../arm-none-eabi/lib/thumb/v7-m/nofp/libg_nano.a(lib_a-memchr-stub.o)
                0x00000000080016a4                memchr
 .text          0x0000000008001734       0xec /usr/lib/gcc/arm-none-eabi/10.3.1/../../../arm-none-eabi/lib/thumb/v7-m/nofp/libg_nano.a(lib_a-memcpy.o)
                0x0000000008001734                memcpy
 .text          0x0000000008001820       0xcc /usr/lib/gcc/arm-none-eabi/10.3.1/../../../arm-none-eabi/lib/thumb/v7-m/nofp/libg_nano.a(lib_a-nano-freer.o)
                0x0000000008001820                _free_r
 .text          0x00000000080018ec       0xb8 /usr/lib/gcc/arm-none-eabi/10.3.1/../../../arm-none-eabi/lib/thumb/v7-m/nofp/libg_nano.a(lib_a-nano-mallocr.o)
                0x00000000080018ec                _malloc_r
 .text          0x00000000080019a4       0x50 /usr/lib/gcc/arm-none-eabi/10.3.1/../../../arm-none-eabi/lib/thumb/v7-m/nofp/libg_nano.a(lib_a-nano-reallocr.o)
                0x00000000080019a4                _realloc_r
 .text          0x00000000080019f4       0x24 /usr/lib/gcc/arm-none-eabi/10.3.1/../../../arm-none-eabi/lib/thumb/v7-m/nofp/libg_nano.a(lib_a-sbrkr.o)
                0x00000000080019f4                _sbrk_r
 .text          0x0000000008001a18        0x8 /usr/lib/gcc/arm-none-eabi/10.3.1/../../../arm-none-eabi/lib/thumb/v7-m/nofp/libg_nano.a(lib_a-mlock.o)
                0x0000000008001a18                __malloc_lock
                0x0000000008001a1c                __malloc_unlock
 .text          0x0000000008001a20       0x14 /usr/lib/gcc/arm-none-eabi/10.3.1/../../../arm-none-eabi/lib/thumb/v7-m/nofp/libg_nano.a(lib_a-nano-msizer.o)
                0x0000000008001a20                _malloc_usable_size_r
 *(.text*)
 .text.SystemInit
                0x0000000008001a34        0xc cmake/stm32cubemx/CMakeFiles/STM32_Drivers.dir/__/__/Core/Src/system_stm32f1xx.c.obj
                0x0000000008001a34                SystemInit
 .text.HAL_TIM_PWM_Init
                0x0000000008001a40       0x9e cmake/stm32cubemx/CMakeFiles/STM32_Drivers.dir/__/__/Drivers/STM32F1xx_HAL_Driver/Src/stm32f1xx_hal_tim.c.obj
                0x0000000008001a40                HAL_TIM_PWM_Init
 *fill*         0x0000000008001ade        0x2 
 .text.HAL_TIM_PWM_Start
                0x0000000008001ae0      0x144 cmake/stm32cubemx/CMakeFiles/STM32_Drivers.dir/__/__/Drivers/STM32F1xx_HAL_Driver/Src/stm32f1xx_hal_tim.c.obj
                0x0000000008001ae0                HAL_TIM_PWM_Start
 .text.HAL_TIM_PWM_ConfigChannel
                0x0000000008001c24      0x184 cmake/stm32cubemx/CMakeFiles/STM32_Drivers.dir/__/__/Drivers/STM32F1xx_HAL_Driver/Src/stm32f1xx_hal_tim.c.obj
                0x0000000008001c24                HAL_TIM_PWM_ConfigChannel
 .text.TIM_Base_SetConfig
                0x0000000008001da8       0xdc cmake/stm32cubemx/CMakeFiles/STM32_Drivers.dir/__/__/Drivers/STM32F1xx_HAL_Driver/Src/stm32f1xx_hal_tim.c.obj
                0x0000000008001da8                TIM_Base_SetConfig
 .text.TIM_OC1_SetConfig
                0x0000000008001e84       0xcc cmake/stm32cubemx/CMakeFiles/STM32_Drivers.dir/__/__/Drivers/STM32F1xx_HAL_Driver/Src/stm32f1xx_hal_tim.c.obj
 .text.TIM_OC2_SetConfig
                0x0000000008001f50       0xd4 cmake/stm32cubemx/CMakeFiles/STM32_Drivers.dir/__/__/Drivers/STM32F1xx_HAL_Driver/Src/stm32f1xx_hal_tim.c.obj
                0x0000000008001f50                TIM_OC2_SetConfig
 .text.TIM_OC3_SetConfig
                0x0000000008002024       0xd4 cmake/stm32cubemx/CMakeFiles/STM32_Drivers.dir/__/__/Drivers/STM32F1xx_HAL_Driver/Src/stm32f1xx_hal_tim.c.obj
 .text.TIM_OC4_SetConfig
                0x00000000080020f8       0x9c cmake/stm32cubemx/CMakeFiles/STM32_Drivers.dir/__/__/Drivers/STM32F1xx_HAL_Driver/Src/stm32f1xx_hal_tim.c.obj
 .text.TIM_CCxChannelCmd
                0x0000000008002194       0x48 cmake/stm32cubemx/CMakeFiles/STM32_Drivers.dir/__/__/Drivers/STM32F1xx_HAL_Driver/Src/stm32f1xx_hal_tim.c.obj
                0x0000000008002194                TIM_CCxChannelCmd
 .text.HAL_TIMEx_MasterConfigSynchronization
                0x00000000080021dc       0xbc cmake/stm32cubemx/CMakeFiles/STM32_Drivers.dir/__/__/Drivers/STM32F1xx_HAL_Driver/Src/stm32f1xx_hal_tim_ex.c.obj
                0x00000000080021dc                HAL_TIMEx_MasterConfigSynchronization
 .text.HAL_Init
                0x0000000008002298       0x2c cmake/stm32cubemx/CMakeFiles/STM32_Drivers.dir/__/__/Drivers/STM32F1xx_HAL_Driver/Src/stm32f1xx_hal.c.obj
                0x0000000008002298                HAL_Init
 .text.HAL_InitTick
                0x00000000080022c4       0x60 cmake/stm32cubemx/CMakeFiles/STM32_Drivers.dir/__/__/Drivers/STM32F1xx_HAL_Driver/Src/stm32f1xx_hal.c.obj
                0x00000000080022c4                HAL_InitTick
 .text.HAL_IncTick
                0x0000000008002324       0x24 cmake/stm32cubemx/CMakeFiles/STM32_Drivers.dir/__/__/Drivers/STM32F1xx_HAL_Driver/Src/stm32f1xx_hal.c.obj
                0x0000000008002324                HAL_IncTick
 .text.HAL_GetTick
                0x0000000008002348       0x14 cmake/stm32cubemx/CMakeFiles/STM32_Drivers.dir/__/__/Drivers/STM32F1xx_HAL_Driver/Src/stm32f1xx_hal.c.obj
                0x0000000008002348                HAL_GetTick
 .text.HAL_RCC_OscConfig
                0x000000000800235c      0x504 cmake/stm32cubemx/CMakeFiles/STM32_Drivers.dir/__/__/Drivers/STM32F1xx_HAL_Driver/Src/stm32f1xx_hal_rcc.c.obj
                0x000000000800235c                HAL_RCC_OscConfig
 .text.HAL_RCC_ClockConfig
                0x0000000008002860      0x1d4 cmake/stm32cubemx/CMakeFiles/STM32_Drivers.dir/__/__/Drivers/STM32F1xx_HAL_Driver/Src/stm32f1xx_hal_rcc.c.obj
                0x0000000008002860                HAL_RCC_ClockConfig
 .text.HAL_RCC_GetSysClockFreq
                0x0000000008002a34       0xa8 cmake/stm32cubemx/CMakeFiles/STM32_Drivers.dir/__/__/Drivers/STM32F1xx_HAL_Driver/Src/stm32f1xx_hal_rcc.c.obj
                0x0000000008002a34                HAL_RCC_GetSysClockFreq
 .text.HAL_RCC_GetHCLKFreq
                0x0000000008002adc       0x14 cmake/stm32cubemx/CMakeFiles/STM32_Drivers.dir/__/__/Drivers/STM32F1xx_HAL_Driver/Src/stm32f1xx_hal_rcc.c.obj
                0x0000000008002adc                HAL_RCC_GetHCLKFreq
 .text.HAL_RCC_GetPCLK1Freq
                0x0000000008002af0       0x28 cmake/stm32cubemx/CMakeFiles/STM32_Drivers.dir/__/__/Drivers/STM32F1xx_HAL_Driver/Src/stm32f1xx_hal_rcc.c.obj
                0x0000000008002af0                HAL_RCC_GetPCLK1Freq
 .text.HAL_RCC_GetPCLK2Freq
                0x0000000008002b18       0x28 cmake/stm32cubemx/CMakeFiles/STM32_Drivers.dir/__/__/Drivers/STM32F1xx_HAL_Driver/Src/stm32f1xx_hal_rcc.c.obj
                0x0000000008002b18                HAL_RCC_GetPCLK2Freq
 .text.RCC_Delay
                0x0000000008002b40       0x3c cmake/stm32cubemx/CMakeFiles/STM32_Drivers.dir/__/__/Drivers/STM32F1xx_HAL_Driver/Src/stm32f1xx_hal_rcc.c.obj
 .text.HAL_GPIO_Init
                0x0000000008002b7c      0x308 cmake/stm32cubemx/CMakeFiles/STM32_Drivers.dir/__/__/Drivers/STM32F1xx_HAL_Driver/Src/stm32f1xx_hal_gpio.c.obj
                0x0000000008002b7c                HAL_GPIO_Init
 .text.HAL_GPIO_ReadPin
                0x0000000008002e84       0x2e cmake/stm32cubemx/CMakeFiles/STM32_Drivers.dir/__/__/Drivers/STM32F1xx_HAL_Driver/Src/stm32f1xx_hal_gpio.c.obj
                0x0000000008002e84                HAL_GPIO_ReadPin
 .text.HAL_GPIO_WritePin
                0x0000000008002eb2       0x30 cmake/stm32cubemx/CMakeFiles/STM32_Drivers.dir/__/__/Drivers/STM32F1xx_HAL_Driver/Src/stm32f1xx_hal_gpio.c.obj
                0x0000000008002eb2                HAL_GPIO_WritePin
 *fill*         0x0000000008002ee2        0x2 
 .text.HAL_GPIO_EXTI_IRQHandler
                0x0000000008002ee4       0x30 cmake/stm32cubemx/CMakeFiles/STM32_Drivers.dir/__/__/Drivers/STM32F1xx_HAL_Driver/Src/stm32f1xx_hal_gpio.c.obj
                0x0000000008002ee4                HAL_GPIO_EXTI_IRQHandler
 .text.HAL_GPIO_EXTI_Callback
                0x0000000008002f14       0x14 cmake/stm32cubemx/CMakeFiles/STM32_Drivers.dir/__/__/Drivers/STM32F1xx_HAL_Driver/Src/stm32f1xx_hal_gpio.c.obj
                0x0000000008002f14                HAL_GPIO_EXTI_Callback
 .text.__NVIC_SetPriorityGrouping
                0x0000000008002f28       0x48 cmake/stm32cubemx/CMakeFiles/STM32_Drivers.dir/__/__/Drivers/STM32F1xx_HAL_Driver/Src/stm32f1xx_hal_cortex.c.obj
 .text.__NVIC_GetPriorityGrouping
                0x0000000008002f70       0x1c cmake/stm32cubemx/CMakeFiles/STM32_Drivers.dir/__/__/Drivers/STM32F1xx_HAL_Driver/Src/stm32f1xx_hal_cortex.c.obj
 .text.__NVIC_EnableIRQ
                0x0000000008002f8c       0x38 cmake/stm32cubemx/CMakeFiles/STM32_Drivers.dir/__/__/Drivers/STM32F1xx_HAL_Driver/Src/stm32f1xx_hal_cortex.c.obj
 .text.__NVIC_SetPriority
                0x0000000008002fc4       0x54 cmake/stm32cubemx/CMakeFiles/STM32_Drivers.dir/__/__/Drivers/STM32F1xx_HAL_Driver/Src/stm32f1xx_hal_cortex.c.obj
 .text.NVIC_EncodePriority
                0x0000000008003018       0x64 cmake/stm32cubemx/CMakeFiles/STM32_Drivers.dir/__/__/Drivers/STM32F1xx_HAL_Driver/Src/stm32f1xx_hal_cortex.c.obj
 .text.SysTick_Config
                0x000000000800307c       0x44 cmake/stm32cubemx/CMakeFiles/STM32_Drivers.dir/__/__/Drivers/STM32F1xx_HAL_Driver/Src/stm32f1xx_hal_cortex.c.obj
 .text.HAL_NVIC_SetPriorityGrouping
                0x00000000080030c0       0x16 cmake/stm32cubemx/CMakeFiles/STM32_Drivers.dir/__/__/Drivers/STM32F1xx_HAL_Driver/Src/stm32f1xx_hal_cortex.c.obj
                0x00000000080030c0                HAL_NVIC_SetPriorityGrouping
 .text.HAL_NVIC_SetPriority
                0x00000000080030d6       0x38 cmake/stm32cubemx/CMakeFiles/STM32_Drivers.dir/__/__/Drivers/STM32F1xx_HAL_Driver/Src/stm32f1xx_hal_cortex.c.obj
                0x00000000080030d6                HAL_NVIC_SetPriority
 .text.HAL_NVIC_EnableIRQ
                0x000000000800310e       0x1c cmake/stm32cubemx/CMakeFiles/STM32_Drivers.dir/__/__/Drivers/STM32F1xx_HAL_Driver/Src/stm32f1xx_hal_cortex.c.obj
                0x000000000800310e                HAL_NVIC_EnableIRQ
 .text.HAL_SYSTICK_Config
                0x000000000800312a       0x18 cmake/stm32cubemx/CMakeFiles/STM32_Drivers.dir/__/__/Drivers/STM32F1xx_HAL_Driver/Src/stm32f1xx_hal_cortex.c.obj
                0x000000000800312a                HAL_SYSTICK_Config
 *fill*         0x0000000008003142        0x2 
 .text.HAL_FLASH_Program
                0x0000000008003144       0xe0 cmake/stm32cubemx/CMakeFiles/STM32_Drivers.dir/__/__/Drivers/STM32F1xx_HAL_Driver/Src/stm32f1xx_hal_flash.c.obj
                0x0000000008003144                HAL_FLASH_Program
 .text.HAL_FLASH_Unlock
                0x0000000008003224       0x4c cmake/stm32cubemx/CMakeFiles/STM32_Drivers.dir/__/__/Drivers/STM32F1xx_HAL_Driver/Src/stm32f1xx_hal_flash.c.obj
                0x0000000008003224                HAL_FLASH_Unlock
 .text.HAL_FLASH_Lock
                0x0000000008003270       0x20 cmake/stm32cubemx/CMakeFiles/STM32_Drivers.dir/__/__/Drivers/STM32F1xx_HAL_Driver/Src/stm32f1xx_hal_flash.c.obj
                0x0000000008003270                HAL_FLASH_Lock
 .text.FLASH_Program_HalfWord
                0x0000000008003290       0x38 cmake/stm32cubemx/CMakeFiles/STM32_Drivers.dir/__/__/Drivers/STM32F1xx_HAL_Driver/Src/stm32f1xx_hal_flash.c.obj
 .text.FLASH_WaitForLastOperation
                0x00000000080032c8       0x8c cmake/stm32cubemx/CMakeFiles/STM32_Drivers.dir/__/__/Drivers/STM32F1xx_HAL_Driver/Src/stm32f1xx_hal_flash.c.obj
                0x00000000080032c8                FLASH_WaitForLastOperation
 .text.FLASH_SetErrorCode
                0x0000000008003354       0xa0 cmake/stm32cubemx/CMakeFiles/STM32_Drivers.dir/__/__/Drivers/STM32F1xx_HAL_Driver/Src/stm32f1xx_hal_flash.c.obj
 .text.HAL_FLASHEx_Erase
                0x00000000080033f4       0xd8 cmake/stm32cubemx/CMakeFiles/STM32_Drivers.dir/__/__/Drivers/STM32F1xx_HAL_Driver/Src/stm32f1xx_hal_flash_ex.c.obj
                0x00000000080033f4                HAL_FLASHEx_Erase
 .text.FLASH_MassErase
                0x00000000080034cc       0x38 cmake/stm32cubemx/CMakeFiles/STM32_Drivers.dir/__/__/Drivers/STM32F1xx_HAL_Driver/Src/stm32f1xx_hal_flash_ex.c.obj
 .text.FLASH_PageErase
                0x0000000008003504       0x40 cmake/stm32cubemx/CMakeFiles/STM32_Drivers.dir/__/__/Drivers/STM32F1xx_HAL_Driver/Src/stm32f1xx_hal_flash_ex.c.obj
                0x0000000008003504                FLASH_PageErase
 .text.HAL_UART_Init
                0x0000000008003544       0xa0 cmake/stm32cubemx/CMakeFiles/STM32_Drivers.dir/__/__/Drivers/STM32F1xx_HAL_Driver/Src/stm32f1xx_hal_uart.c.obj
                0x0000000008003544                HAL_UART_Init
 .text.HAL_UART_Transmit
                0x00000000080035e4      0x116 cmake/stm32cubemx/CMakeFiles/STM32_Drivers.dir/__/__/Drivers/STM32F1xx_HAL_Driver/Src/stm32f1xx_hal_uart.c.obj
                0x00000000080035e4                HAL_UART_Transmit
 .text.UART_WaitOnFlagUntilTimeout
                0x00000000080036fa       0xb2 cmake/stm32cubemx/CMakeFiles/STM32_Drivers.dir/__/__/Drivers/STM32F1xx_HAL_Driver/Src/stm32f1xx_hal_uart.c.obj
 .text.UART_EndRxTransfer
                0x00000000080037ac       0xc4 cmake/stm32cubemx/CMakeFiles/STM32_Drivers.dir/__/__/Drivers/STM32F1xx_HAL_Driver/Src/stm32f1xx_hal_uart.c.obj
 .text.UART_SetConfig
                0x0000000008003870      0x11c cmake/stm32cubemx/CMakeFiles/STM32_Drivers.dir/__/__/Drivers/STM32F1xx_HAL_Driver/Src/stm32f1xx_hal_uart.c.obj
 .text.main     0x000000000800398c       0x30 CMakeFiles/Pusher_Motor.dir/Core/Src/main.c.obj
                0x000000000800398c                main
 .text.SystemClock_Config
                0x00000000080039bc       0x8a CMakeFiles/Pusher_Motor.dir/Core/Src/main.c.obj
                0x00000000080039bc                SystemClock_Config
 .text.Error_Handler
                0x0000000008003a46        0xa CMakeFiles/Pusher_Motor.dir/Core/Src/main.c.obj
                0x0000000008003a46                Error_Handler
 .text.MX_GPIO_Init
                0x0000000008003a50       0xe4 CMakeFiles/Pusher_Motor.dir/Core/Src/gpio.c.obj
                0x0000000008003a50                MX_GPIO_Init
 .text.MX_TIM4_Init
                0x0000000008003b34       0xb4 CMakeFiles/Pusher_Motor.dir/Core/Src/tim.c.obj
                0x0000000008003b34                MX_TIM4_Init
 .text.HAL_TIM_PWM_MspInit
                0x0000000008003be8       0x3c CMakeFiles/Pusher_Motor.dir/Core/Src/tim.c.obj
                0x0000000008003be8                HAL_TIM_PWM_MspInit
 .text.HAL_TIM_MspPostInit
                0x0000000008003c24       0x68 CMakeFiles/Pusher_Motor.dir/Core/Src/tim.c.obj
                0x0000000008003c24                HAL_TIM_MspPostInit
 .text.MX_USART1_UART_Init
                0x0000000008003c8c       0x54 CMakeFiles/Pusher_Motor.dir/Core/Src/usart.c.obj
                0x0000000008003c8c                MX_USART1_UART_Init
 .text.HAL_UART_MspInit
                0x0000000008003ce0       0x98 CMakeFiles/Pusher_Motor.dir/Core/Src/usart.c.obj
                0x0000000008003ce0                HAL_UART_MspInit
 .text.NMI_Handler
                0x0000000008003d78        0x6 CMakeFiles/Pusher_Motor.dir/Core/Src/stm32f1xx_it.c.obj
                0x0000000008003d78                NMI_Handler
 .text.HardFault_Handler
                0x0000000008003d7e        0x6 CMakeFiles/Pusher_Motor.dir/Core/Src/stm32f1xx_it.c.obj
                0x0000000008003d7e                HardFault_Handler
 .text.MemManage_Handler
                0x0000000008003d84        0x6 CMakeFiles/Pusher_Motor.dir/Core/Src/stm32f1xx_it.c.obj
                0x0000000008003d84                MemManage_Handler
 .text.BusFault_Handler
                0x0000000008003d8a        0x6 CMakeFiles/Pusher_Motor.dir/Core/Src/stm32f1xx_it.c.obj
                0x0000000008003d8a                BusFault_Handler
 .text.UsageFault_Handler
                0x0000000008003d90        0x6 CMakeFiles/Pusher_Motor.dir/Core/Src/stm32f1xx_it.c.obj
                0x0000000008003d90                UsageFault_Handler
 .text.SVC_Handler
                0x0000000008003d96        0xc CMakeFiles/Pusher_Motor.dir/Core/Src/stm32f1xx_it.c.obj
                0x0000000008003d96                SVC_Handler
 .text.DebugMon_Handler
                0x0000000008003da2        0xc CMakeFiles/Pusher_Motor.dir/Core/Src/stm32f1xx_it.c.obj
                0x0000000008003da2                DebugMon_Handler
 .text.PendSV_Handler
                0x0000000008003dae        0xc CMakeFiles/Pusher_Motor.dir/Core/Src/stm32f1xx_it.c.obj
                0x0000000008003dae                PendSV_Handler
 .text.SysTick_Handler
                0x0000000008003dba        0xc CMakeFiles/Pusher_Motor.dir/Core/Src/stm32f1xx_it.c.obj
                0x0000000008003dba                SysTick_Handler
 *fill*         0x0000000008003dc6        0x2 
 .text.EXTI9_5_IRQHandler
                0x0000000008003dc8       0x24 CMakeFiles/Pusher_Motor.dir/Core/Src/stm32f1xx_it.c.obj
                0x0000000008003dc8                EXTI9_5_IRQHandler
 .text.HAL_MspInit
                0x0000000008003dec       0x64 CMakeFiles/Pusher_Motor.dir/Core/Src/stm32f1xx_hal_msp.c.obj
                0x0000000008003dec                HAL_MspInit
 .text._sbrk    0x0000000008003e50       0x6c CMakeFiles/Pusher_Motor.dir/Core/Src/sysmem.c.obj
                0x0000000008003e50                _sbrk
 .text.pusher_motor_init
                0x0000000008003ebc       0xe0 CMakeFiles/Pusher_Motor.dir/Core/Src/pusher_motor.c.obj
                0x0000000008003ebc                pusher_motor_init
 .text.pusher_motor_start
                0x0000000008003f9c       0x18 CMakeFiles/Pusher_Motor.dir/Core/Src/pusher_motor.c.obj
                0x0000000008003f9c                pusher_motor_start
 .text.pusher_motor_loop
                0x0000000008003fb4       0xe4 CMakeFiles/Pusher_Motor.dir/Core/Src/pusher_motor.c.obj
                0x0000000008003fb4                pusher_motor_loop
 .text.pusher_motor_save_params
                0x0000000008004098       0x54 CMakeFiles/Pusher_Motor.dir/Core/Src/pusher_motor.c.obj
                0x0000000008004098                pusher_motor_save_params
 .text.pusher_motor_calculate_duty_from_speed
                0x00000000080040ec       0xcc CMakeFiles/Pusher_Motor.dir/Core/Src/pusher_motor.c.obj
                0x00000000080040ec                pusher_motor_calculate_duty_from_speed
 .text.pusher_motor_set_max_speed
                0x00000000080041b8       0x34 CMakeFiles/Pusher_Motor.dir/Core/Src/pusher_motor.c.obj
                0x00000000080041b8                pusher_motor_set_max_speed
 .text.pusher_motor_set_speed
                0x00000000080041ec       0x28 CMakeFiles/Pusher_Motor.dir/Core/Src/pusher_motor.c.obj
                0x00000000080041ec                pusher_motor_set_speed
 .text.pusher_motor_calculate_speed_from_duty
                0x0000000008004214       0x94 CMakeFiles/Pusher_Motor.dir/Core/Src/pusher_motor.c.obj
                0x0000000008004214                pusher_motor_calculate_speed_from_duty
 .text.rx_buf_write
                0x00000000080042a8       0x58 CMakeFiles/Pusher_Motor.dir/Core/Src/cli.c.obj
 .text.rx_buf_read
                0x0000000008004300       0x60 CMakeFiles/Pusher_Motor.dir/Core/Src/cli.c.obj
 .text.tx_buf_write
                0x0000000008004360       0x54 CMakeFiles/Pusher_Motor.dir/Core/Src/cli.c.obj
 .text.tx_buf_read
                0x00000000080043b4       0x5c CMakeFiles/Pusher_Motor.dir/Core/Src/cli.c.obj
 .text.cli_putchar
                0x0000000008004410       0x1a CMakeFiles/Pusher_Motor.dir/Core/Src/cli.c.obj
 .text.cli_puts
                0x000000000800442a       0x30 CMakeFiles/Pusher_Motor.dir/Core/Src/cli.c.obj
 *fill*         0x000000000800445a        0x2 
 .text.cli_process_tx
                0x000000000800445c       0x48 CMakeFiles/Pusher_Motor.dir/Core/Src/cli.c.obj
 .text.cli_init
                0x00000000080044a4       0xb8 CMakeFiles/Pusher_Motor.dir/Core/Src/cli.c.obj
                0x00000000080044a4                cli_init
 .text.cli_send_string
                0x000000000800455c       0x40 CMakeFiles/Pusher_Motor.dir/Core/Src/cli.c.obj
                0x000000000800455c                cli_send_string
 .text.trim_string
                0x000000000800459c       0xa4 CMakeFiles/Pusher_Motor.dir/Core/Src/cli.c.obj
 .text.parse_command
                0x0000000008004640      0x2dc CMakeFiles/Pusher_Motor.dir/Core/Src/cli.c.obj
 .text.cli_execute_command
                0x000000000800491c      0x6e8 CMakeFiles/Pusher_Motor.dir/Core/Src/cli.c.obj
                0x000000000800491c                cli_execute_command
 .text.cli_uart_readable
                0x0000000008005004       0x34 CMakeFiles/Pusher_Motor.dir/Core/Src/cli.c.obj
 .text.cli_uart_read
                0x0000000008005038       0x28 CMakeFiles/Pusher_Motor.dir/Core/Src/cli.c.obj
 .text.cli_receive_data
                0x0000000008005060       0x2c CMakeFiles/Pusher_Motor.dir/Core/Src/cli.c.obj
 .text.cli_echo
                0x000000000800508c       0x58 CMakeFiles/Pusher_Motor.dir/Core/Src/cli.c.obj
 .text.handle_backspace
                0x00000000080050e4       0x38 CMakeFiles/Pusher_Motor.dir/Core/Src/cli.c.obj
 .text.process_input_line
                0x000000000800511c       0x9c CMakeFiles/Pusher_Motor.dir/Core/Src/cli.c.obj
 .text.cli_process
                0x00000000080051b8       0xb8 CMakeFiles/Pusher_Motor.dir/Core/Src/cli.c.obj
                0x00000000080051b8                cli_process
 .text.CalculateChecksum
                0x0000000008005270       0x34 CMakeFiles/Pusher_Motor.dir/Core/Src/flash_storage.c.obj
 .text.FlashStorage_Read
                0x00000000080052a4       0x68 CMakeFiles/Pusher_Motor.dir/Core/Src/flash_storage.c.obj
                0x00000000080052a4                FlashStorage_Read
 .text.FlashStorage_Write
                0x000000000800530c      0x1ac CMakeFiles/Pusher_Motor.dir/Core/Src/flash_storage.c.obj
                0x000000000800530c                FlashStorage_Write
 .text.FlashStorage_IsValid
                0x00000000080054b8       0xdc CMakeFiles/Pusher_Motor.dir/Core/Src/flash_storage.c.obj
                0x00000000080054b8                FlashStorage_IsValid
 .text.Reset_Handler
                0x0000000008005594       0x48 CMakeFiles/Pusher_Motor.dir/startup_stm32f103xb.s.obj
                0x0000000008005594                Reset_Handler
 .text.Default_Handler
                0x00000000080055dc        0x2 CMakeFiles/Pusher_Motor.dir/startup_stm32f103xb.s.obj
                0x00000000080055dc                RTC_Alarm_IRQHandler
                0x00000000080055dc                EXTI2_IRQHandler
                0x00000000080055dc                TIM1_CC_IRQHandler
                0x00000000080055dc                PVD_IRQHandler
                0x00000000080055dc                EXTI3_IRQHandler
                0x00000000080055dc                EXTI0_IRQHandler
                0x00000000080055dc                I2C2_EV_IRQHandler
                0x00000000080055dc                ADC1_2_IRQHandler
                0x00000000080055dc                SPI1_IRQHandler
                0x00000000080055dc                TAMPER_IRQHandler
                0x00000000080055dc                DMA1_Channel4_IRQHandler
                0x00000000080055dc                USART3_IRQHandler
                0x00000000080055dc                RTC_IRQHandler
                0x00000000080055dc                DMA1_Channel7_IRQHandler
                0x00000000080055dc                CAN1_RX1_IRQHandler
                0x00000000080055dc                TIM4_IRQHandler
                0x00000000080055dc                I2C1_EV_IRQHandler
                0x00000000080055dc                DMA1_Channel6_IRQHandler
                0x00000000080055dc                TIM3_IRQHandler
                0x00000000080055dc                RCC_IRQHandler
                0x00000000080055dc                TIM1_TRG_COM_IRQHandler
                0x00000000080055dc                DMA1_Channel1_IRQHandler
                0x00000000080055dc                Default_Handler
                0x00000000080055dc                EXTI15_10_IRQHandler
                0x00000000080055dc                SPI2_IRQHandler
                0x00000000080055dc                DMA1_Channel5_IRQHandler
                0x00000000080055dc                EXTI4_IRQHandler
                0x00000000080055dc                USB_LP_CAN1_RX0_IRQHandler
                0x00000000080055dc                USB_HP_CAN1_TX_IRQHandler
                0x00000000080055dc                DMA1_Channel3_IRQHandler
                0x00000000080055dc                TIM1_UP_IRQHandler
                0x00000000080055dc                WWDG_IRQHandler
                0x00000000080055dc                TIM2_IRQHandler
                0x00000000080055dc                TIM1_BRK_IRQHandler
                0x00000000080055dc                EXTI1_IRQHandler
                0x00000000080055dc                USART2_IRQHandler
                0x00000000080055dc                I2C2_ER_IRQHandler
                0x00000000080055dc                DMA1_Channel2_IRQHandler
                0x00000000080055dc                CAN1_SCE_IRQHandler
                0x00000000080055dc                FLASH_IRQHandler
                0x00000000080055dc                USART1_IRQHandler
                0x00000000080055dc                I2C1_ER_IRQHandler
                0x00000000080055dc                USBWakeUp_IRQHandler
 *(.glue_7)
 .glue_7        0x00000000080055de        0x0 linker stubs
 *(.glue_7t)
 .glue_7t       0x00000000080055de        0x0 linker stubs
 *(.eh_frame)
 *fill*         0x00000000080055de        0x2 
 .eh_frame      0x00000000080055e0        0x0 /usr/lib/gcc/arm-none-eabi/10.3.1/thumb/v7-m/nofp/crtbegin.o
 *(.init)
 .init          0x00000000080055e0        0x4 /usr/lib/gcc/arm-none-eabi/10.3.1/thumb/v7-m/nofp/crti.o
                0x00000000080055e0                _init
 .init          0x00000000080055e4        0x8 /usr/lib/gcc/arm-none-eabi/10.3.1/thumb/v7-m/nofp/crtn.o
 *(.fini)
 .fini          0x00000000080055ec        0x4 /usr/lib/gcc/arm-none-eabi/10.3.1/thumb/v7-m/nofp/crti.o
                0x00000000080055ec                _fini
 .fini          0x00000000080055f0        0x8 /usr/lib/gcc/arm-none-eabi/10.3.1/thumb/v7-m/nofp/crtn.o
                0x00000000080055f8                . = ALIGN (0x4)
                0x00000000080055f8                _etext = .

.vfp11_veneer   0x00000000080055f8        0x0
 .vfp11_veneer  0x00000000080055f8        0x0 linker stubs

.v4_bx          0x00000000080055f8        0x0
 .v4_bx         0x00000000080055f8        0x0 linker stubs

.iplt           0x00000000080055f8        0x0
 .iplt          0x00000000080055f8        0x0 /usr/lib/gcc/arm-none-eabi/10.3.1/thumb/v7-m/nofp/crtbegin.o

.rodata         0x00000000080055f8      0xcc4
                0x00000000080055f8                . = ALIGN (0x4)
 *(.rodata)
 .rodata        0x00000000080055f8      0xb58 CMakeFiles/Pusher_Motor.dir/Core/Src/cli.c.obj
 .rodata        0x0000000008006150      0x101 /usr/lib/gcc/arm-none-eabi/10.3.1/../../../arm-none-eabi/lib/thumb/v7-m/nofp/libg_nano.a(lib_a-ctype_.o)
                0x0000000008006150                _ctype_
 *(.rodata*)
 *fill*         0x0000000008006251        0x3 
 .rodata.AHBPrescTable
                0x0000000008006254       0x10 cmake/stm32cubemx/CMakeFiles/STM32_Drivers.dir/__/__/Core/Src/system_stm32f1xx.c.obj
                0x0000000008006254                AHBPrescTable
 .rodata.APBPrescTable
                0x0000000008006264        0x8 cmake/stm32cubemx/CMakeFiles/STM32_Drivers.dir/__/__/Core/Src/system_stm32f1xx.c.obj
                0x0000000008006264                APBPrescTable
 .rodata.aPLLMULFactorTable.1
                0x000000000800626c       0x10 cmake/stm32cubemx/CMakeFiles/STM32_Drivers.dir/__/__/Drivers/STM32F1xx_HAL_Driver/Src/stm32f1xx_hal_rcc.c.obj
 .rodata.aPredivFactorTable.0
                0x000000000800627c        0x2 cmake/stm32cubemx/CMakeFiles/STM32_Drivers.dir/__/__/Drivers/STM32F1xx_HAL_Driver/Src/stm32f1xx_hal_rcc.c.obj
 *fill*         0x000000000800627e        0x2 
 .rodata.str1.4
                0x0000000008006280       0x13 /usr/lib/gcc/arm-none-eabi/10.3.1/../../../arm-none-eabi/lib/thumb/v7-m/nofp/libg_nano.a(lib_a-nano-svfprintf.o)
 *fill*         0x0000000008006293        0x1 
 .rodata.str1.4
                0x0000000008006294       0x25 /usr/lib/gcc/arm-none-eabi/10.3.1/../../../arm-none-eabi/lib/thumb/v7-m/nofp/libg_nano.a(lib_a-nano-vfprintf_i.o)
                0x00000000080062bc                . = ALIGN (0x4)
 *fill*         0x00000000080062b9        0x3 

.ARM.extab      0x00000000080062bc        0x0
                0x00000000080062bc                . = ALIGN (0x4)
 *(.ARM.extab* .gnu.linkonce.armextab.*)
                0x00000000080062bc                . = ALIGN (0x4)

.ARM            0x00000000080062bc        0x0
                0x00000000080062bc                . = ALIGN (0x4)
                0x00000000080062bc                __exidx_start = .
 *(.ARM.exidx*)
                0x00000000080062bc                __exidx_end = .
                0x00000000080062bc                . = ALIGN (0x4)

.preinit_array  0x00000000080062bc        0x0
                0x00000000080062bc                . = ALIGN (0x4)
                0x00000000080062bc                PROVIDE (__preinit_array_start = .)
 *(.preinit_array*)
                0x00000000080062bc                PROVIDE (__preinit_array_end = .)
                0x00000000080062bc                . = ALIGN (0x4)

.init_array     0x00000000080062bc        0x4
                0x00000000080062bc                . = ALIGN (0x4)
                0x00000000080062bc                PROVIDE (__init_array_start = .)
 *(SORT_BY_NAME(.init_array.*))
 *(.init_array*)
 .init_array    0x00000000080062bc        0x4 /usr/lib/gcc/arm-none-eabi/10.3.1/thumb/v7-m/nofp/crtbegin.o
                0x00000000080062c0                PROVIDE (__init_array_end = .)
                0x00000000080062c0                . = ALIGN (0x4)

.fini_array     0x00000000080062c0        0x4
                0x00000000080062c0                . = ALIGN (0x4)
                0x00000000080062c0                PROVIDE (__fini_array_start = .)
 *(SORT_BY_NAME(.fini_array.*))
 *(.fini_array*)
 .fini_array    0x00000000080062c0        0x4 /usr/lib/gcc/arm-none-eabi/10.3.1/thumb/v7-m/nofp/crtbegin.o
                0x00000000080062c4                PROVIDE (__fini_array_end = .)
                0x00000000080062c4                . = ALIGN (0x4)
                0x00000000080062c4                _sidata = LOADADDR (.data)

.rel.dyn        0x00000000080062c4        0x0
 .rel.iplt      0x00000000080062c4        0x0 /usr/lib/gcc/arm-none-eabi/10.3.1/thumb/v7-m/nofp/crtbegin.o

.data           0x0000000020000000       0x88 load address 0x00000000080062c4
                0x0000000020000000                . = ALIGN (0x4)
                0x0000000020000000                _sdata = .
 *(.data)
 .data          0x0000000020000000       0x64 /usr/lib/gcc/arm-none-eabi/10.3.1/../../../arm-none-eabi/lib/thumb/v7-m/nofp/libg_nano.a(lib_a-impure.o)
                0x0000000020000000                _impure_ptr
 *(.data*)
 .data.SystemCoreClock
                0x0000000020000064        0x4 cmake/stm32cubemx/CMakeFiles/STM32_Drivers.dir/__/__/Core/Src/system_stm32f1xx.c.obj
                0x0000000020000064                SystemCoreClock
 .data.uwTickPrio
                0x0000000020000068        0x4 cmake/stm32cubemx/CMakeFiles/STM32_Drivers.dir/__/__/Drivers/STM32F1xx_HAL_Driver/Src/stm32f1xx_hal.c.obj
                0x0000000020000068                uwTickPrio
 .data.uwTickFreq
                0x000000002000006c        0x1 cmake/stm32cubemx/CMakeFiles/STM32_Drivers.dir/__/__/Drivers/STM32F1xx_HAL_Driver/Src/stm32f1xx_hal.c.obj
                0x000000002000006c                uwTickFreq
 *fill*         0x000000002000006d        0x3 
 .data.MOTOR_DIRECTION_TIME_MS
                0x0000000020000070        0x4 CMakeFiles/Pusher_Motor.dir/Core/Src/pusher_motor.c.obj
                0x0000000020000070                MOTOR_DIRECTION_TIME_MS
 .data.MOTOR_PWM_DUTY
                0x0000000020000074        0x4 CMakeFiles/Pusher_Motor.dir/Core/Src/pusher_motor.c.obj
                0x0000000020000074                MOTOR_PWM_DUTY
 .data.MOTOR_PWM_DUTY_MAX
                0x0000000020000078        0x4 CMakeFiles/Pusher_Motor.dir/Core/Src/pusher_motor.c.obj
                0x0000000020000078                MOTOR_PWM_DUTY_MAX
 .data.MOTOR_WAIT_TIME_MS
                0x000000002000007c        0x4 CMakeFiles/Pusher_Motor.dir/Core/Src/pusher_motor.c.obj
                0x000000002000007c                MOTOR_WAIT_TIME_MS
 .data.MOTOR_MAX_SPEED_RPM
                0x0000000020000080        0x4 CMakeFiles/Pusher_Motor.dir/Core/Src/pusher_motor.c.obj
                0x0000000020000080                MOTOR_MAX_SPEED_RPM
 .data.user_motor_mp_b_dir
                0x0000000020000084        0x4 CMakeFiles/Pusher_Motor.dir/Core/Src/pusher_motor.c.obj
                0x0000000020000084                user_motor_mp_b_dir
 *(.RamFunc)
 *(.RamFunc*)
                0x0000000020000088                . = ALIGN (0x4)

.tm_clone_table
                0x0000000020000088        0x0 load address 0x000000000800634c
 .tm_clone_table
                0x0000000020000088        0x0 /usr/lib/gcc/arm-none-eabi/10.3.1/thumb/v7-m/nofp/crtbegin.o
 .tm_clone_table
                0x0000000020000088        0x0 /usr/lib/gcc/arm-none-eabi/10.3.1/thumb/v7-m/nofp/crtend.o

.igot.plt       0x0000000020000088        0x0 load address 0x000000000800634c
 .igot.plt      0x0000000020000088        0x0 /usr/lib/gcc/arm-none-eabi/10.3.1/thumb/v7-m/nofp/crtbegin.o

.tdata          0x0000000020000088        0x0 load address 0x000000000800634c
 *(.tdata .tdata.* .gnu.linkonce.td.*)
                0x0000000020000088                . = ALIGN (0x4)
                0x0000000020000088                _edata = .
                [!provide]                        PROVIDE (__data_end = .)
                [!provide]                        PROVIDE (__tdata_end = .)
                [!provide]                        PROVIDE (__tdata_start = ADDR (.tdata))
                [!provide]                        PROVIDE (__tdata_size = (__tdata_end - __tdata_start))
                [!provide]                        PROVIDE (__data_start = ADDR (.data))
                [!provide]                        PROVIDE (__data_size = (__data_end - __data_start))
                [!provide]                        PROVIDE (__tdata_source = LOADADDR (.tdata))
                [!provide]                        PROVIDE (__tdata_source_end = (LOADADDR (.tdata) + SIZEOF (.tdata)))
                [!provide]                        PROVIDE (__tdata_source_size = (__tdata_source_end - __tdata_source))
                [!provide]                        PROVIDE (__data_source = LOADADDR (.data))
                [!provide]                        PROVIDE (__data_source_end = __tdata_source_end)
                [!provide]                        PROVIDE (__data_source_size = (__data_source_end - __data_source))

.tbss           0x0000000020000088        0x0 load address 0x000000000800634c
                0x0000000020000088                _sbss = .
                0x0000000020000088                __bss_start__ = _sbss
 *(.tbss .tbss.*)
                0x0000000020000088                . = ALIGN (0x4)
                [!provide]                        PROVIDE (__tbss_end = .)
                [!provide]                        PROVIDE (__tbss_start = ADDR (.tbss))
                [!provide]                        PROVIDE (__tbss_size = (__tbss_end - __tbss_start))
                [!provide]                        PROVIDE (__tbss_offset = (ADDR (.tbss) - ADDR (.tdata)))
                [!provide]                        PROVIDE (__tls_base = __tdata_start)
                [!provide]                        PROVIDE (__tls_end = __tbss_end)
                [!provide]                        PROVIDE (__tls_size = (__tls_end - __tls_base))
                [!provide]                        PROVIDE (__tls_align = MAX (ALIGNOF (.tdata), ALIGNOF (.tbss)))
                [!provide]                        PROVIDE (__tls_size_align = (((__tls_size + __tls_align) - 0x1) & ~ ((__tls_align - 0x1))))
                [!provide]                        PROVIDE (__arm32_tls_tcb_offset = MAX (0x8, __tls_align))
                [!provide]                        PROVIDE (__arm64_tls_tcb_offset = MAX (0x10, __tls_align))

.bss            0x0000000020000088      0x708 load address 0x000000000800634c
 *(.bss)
 .bss           0x0000000020000088       0x1c /usr/lib/gcc/arm-none-eabi/10.3.1/thumb/v7-m/nofp/crtbegin.o
 .bss           0x00000000200000a4        0x8 /usr/lib/gcc/arm-none-eabi/10.3.1/../../../arm-none-eabi/lib/thumb/v7-m/nofp/libg_nano.a(lib_a-nano-mallocr.o)
                0x00000000200000a4                __malloc_free_list
                0x00000000200000a8                __malloc_sbrk_start
 .bss           0x00000000200000ac        0x4 /usr/lib/gcc/arm-none-eabi/10.3.1/../../../arm-none-eabi/lib/thumb/v7-m/nofp/libg_nano.a(lib_a-reent.o)
                0x00000000200000ac                errno
 *(.bss*)
 .bss.uwTick    0x00000000200000b0        0x4 cmake/stm32cubemx/CMakeFiles/STM32_Drivers.dir/__/__/Drivers/STM32F1xx_HAL_Driver/Src/stm32f1xx_hal.c.obj
                0x00000000200000b0                uwTick
 *fill*         0x00000000200000b4        0x4 
 .bss.pFlash    0x00000000200000b8       0x20 cmake/stm32cubemx/CMakeFiles/STM32_Drivers.dir/__/__/Drivers/STM32F1xx_HAL_Driver/Src/stm32f1xx_hal_flash.c.obj
                0x00000000200000b8                pFlash
 .bss.htim4     0x00000000200000d8       0x48 CMakeFiles/Pusher_Motor.dir/Core/Src/tim.c.obj
                0x00000000200000d8                htim4
 .bss.huart1    0x0000000020000120       0x48 CMakeFiles/Pusher_Motor.dir/Core/Src/usart.c.obj
                0x0000000020000120                huart1
 .bss.__sbrk_heap_end
                0x0000000020000168        0x4 CMakeFiles/Pusher_Motor.dir/Core/Src/sysmem.c.obj
 .bss.motor_state
                0x000000002000016c        0x1 CMakeFiles/Pusher_Motor.dir/Core/Src/pusher_motor.c.obj
                0x000000002000016c                motor_state
 *fill*         0x000000002000016d        0x3 
 .bss.motor_start_time
                0x0000000020000170        0x4 CMakeFiles/Pusher_Motor.dir/Core/Src/pusher_motor.c.obj
                0x0000000020000170                motor_start_time
 .bss.user_motor_mp_a_dir
                0x0000000020000174        0x4 CMakeFiles/Pusher_Motor.dir/Core/Src/pusher_motor.c.obj
                0x0000000020000174                user_motor_mp_a_dir
 .bss.pusher_motor_start_flag
                0x0000000020000178        0x1 CMakeFiles/Pusher_Motor.dir/Core/Src/pusher_motor.c.obj
                0x0000000020000178                pusher_motor_start_flag
 .bss.pusher_motor_work_flag
                0x0000000020000179        0x1 CMakeFiles/Pusher_Motor.dir/Core/Src/pusher_motor.c.obj
                0x0000000020000179                pusher_motor_work_flag
 *fill*         0x000000002000017a        0x2 
 .bss.cli_config
                0x000000002000017c      0x108 CMakeFiles/Pusher_Motor.dir/Core/Src/cli.c.obj
                0x000000002000017c                cli_config
 .bss.rx_ring_buf
                0x0000000020000284      0x200 CMakeFiles/Pusher_Motor.dir/Core/Src/cli.c.obj
 .bss.rx_head   0x0000000020000484        0x2 CMakeFiles/Pusher_Motor.dir/Core/Src/cli.c.obj
 .bss.rx_tail   0x0000000020000486        0x2 CMakeFiles/Pusher_Motor.dir/Core/Src/cli.c.obj
 .bss.tx_buf    0x0000000020000488      0x100 CMakeFiles/Pusher_Motor.dir/Core/Src/cli.c.obj
 .bss.tx_head   0x0000000020000588        0x2 CMakeFiles/Pusher_Motor.dir/Core/Src/cli.c.obj
 .bss.tx_tail   0x000000002000058a        0x2 CMakeFiles/Pusher_Motor.dir/Core/Src/cli.c.obj
 .bss.cmd_buf   0x000000002000058c      0x200 CMakeFiles/Pusher_Motor.dir/Core/Src/cli.c.obj
 .bss.cmd_len   0x000000002000078c        0x2 CMakeFiles/Pusher_Motor.dir/Core/Src/cli.c.obj
 *(COMMON)
                0x0000000020000790                . = ALIGN (0x4)
 *fill*         0x000000002000078e        0x2 
                0x0000000020000790                _ebss = .
                0x0000000020000790                __bss_end__ = _ebss
                [!provide]                        PROVIDE (__bss_end = .)
                [!provide]                        PROVIDE (__non_tls_bss_start = ADDR (.bss))
                [!provide]                        PROVIDE (__bss_start = __tbss_start)
                [!provide]                        PROVIDE (__bss_size = (__bss_end - __bss_start))

._user_heap_stack
                0x0000000020000790      0x600 load address 0x000000000800634c
                0x0000000020000790                . = ALIGN (0x8)
                [!provide]                        PROVIDE (end = .)
                0x0000000020000790                PROVIDE (_end = .)
                0x0000000020000990                . = (. + _Min_Heap_Size)
 *fill*         0x0000000020000790      0x200 
                0x0000000020000d90                . = (. + _Min_Stack_Size)
 *fill*         0x0000000020000990      0x400 
                0x0000000020000d90                . = ALIGN (0x8)

/DISCARD/
 libc.a:*(*)
 libm.a:*(*)
 libgcc.a:*(*)
OUTPUT(Pusher_Motor.elf elf32-littlearm)
LOAD linker stubs

.ARM.attributes
                0x0000000000000000       0x29
 .ARM.attributes
                0x0000000000000000       0x1d /usr/lib/gcc/arm-none-eabi/10.3.1/thumb/v7-m/nofp/crti.o
 .ARM.attributes
                0x000000000000001d       0x2d /usr/lib/gcc/arm-none-eabi/10.3.1/thumb/v7-m/nofp/crtbegin.o
 .ARM.attributes
                0x000000000000004a       0x2d cmake/stm32cubemx/CMakeFiles/STM32_Drivers.dir/__/__/Core/Src/system_stm32f1xx.c.obj
 .ARM.attributes
                0x0000000000000077       0x2d cmake/stm32cubemx/CMakeFiles/STM32_Drivers.dir/__/__/Drivers/STM32F1xx_HAL_Driver/Src/stm32f1xx_hal_tim.c.obj
 .ARM.attributes
                0x00000000000000a4       0x2d cmake/stm32cubemx/CMakeFiles/STM32_Drivers.dir/__/__/Drivers/STM32F1xx_HAL_Driver/Src/stm32f1xx_hal_tim_ex.c.obj
 .ARM.attributes
                0x00000000000000d1       0x2d cmake/stm32cubemx/CMakeFiles/STM32_Drivers.dir/__/__/Drivers/STM32F1xx_HAL_Driver/Src/stm32f1xx_hal.c.obj
 .ARM.attributes
                0x00000000000000fe       0x2d cmake/stm32cubemx/CMakeFiles/STM32_Drivers.dir/__/__/Drivers/STM32F1xx_HAL_Driver/Src/stm32f1xx_hal_rcc.c.obj
 .ARM.attributes
                0x000000000000012b       0x2d cmake/stm32cubemx/CMakeFiles/STM32_Drivers.dir/__/__/Drivers/STM32F1xx_HAL_Driver/Src/stm32f1xx_hal_gpio.c.obj
 .ARM.attributes
                0x0000000000000158       0x2d cmake/stm32cubemx/CMakeFiles/STM32_Drivers.dir/__/__/Drivers/STM32F1xx_HAL_Driver/Src/stm32f1xx_hal_cortex.c.obj
 .ARM.attributes
                0x0000000000000185       0x2d cmake/stm32cubemx/CMakeFiles/STM32_Drivers.dir/__/__/Drivers/STM32F1xx_HAL_Driver/Src/stm32f1xx_hal_flash.c.obj
 .ARM.attributes
                0x00000000000001b2       0x2d cmake/stm32cubemx/CMakeFiles/STM32_Drivers.dir/__/__/Drivers/STM32F1xx_HAL_Driver/Src/stm32f1xx_hal_flash_ex.c.obj
 .ARM.attributes
                0x00000000000001df       0x2d cmake/stm32cubemx/CMakeFiles/STM32_Drivers.dir/__/__/Drivers/STM32F1xx_HAL_Driver/Src/stm32f1xx_hal_uart.c.obj
 .ARM.attributes
                0x000000000000020c       0x2d CMakeFiles/Pusher_Motor.dir/Core/Src/main.c.obj
 .ARM.attributes
                0x0000000000000239       0x2d CMakeFiles/Pusher_Motor.dir/Core/Src/gpio.c.obj
 .ARM.attributes
                0x0000000000000266       0x2d CMakeFiles/Pusher_Motor.dir/Core/Src/tim.c.obj
 .ARM.attributes
                0x0000000000000293       0x2d CMakeFiles/Pusher_Motor.dir/Core/Src/usart.c.obj
 .ARM.attributes
                0x00000000000002c0       0x2d CMakeFiles/Pusher_Motor.dir/Core/Src/stm32f1xx_it.c.obj
 .ARM.attributes
                0x00000000000002ed       0x2d CMakeFiles/Pusher_Motor.dir/Core/Src/stm32f1xx_hal_msp.c.obj
 .ARM.attributes
                0x000000000000031a       0x2d CMakeFiles/Pusher_Motor.dir/Core/Src/sysmem.c.obj
 .ARM.attributes
                0x0000000000000347       0x2d CMakeFiles/Pusher_Motor.dir/Core/Src/pusher_motor.c.obj
 .ARM.attributes
                0x0000000000000374       0x2d CMakeFiles/Pusher_Motor.dir/Core/Src/cli.c.obj
 .ARM.attributes
                0x00000000000003a1       0x2d CMakeFiles/Pusher_Motor.dir/Core/Src/flash_storage.c.obj
 .ARM.attributes
                0x00000000000003ce       0x21 CMakeFiles/Pusher_Motor.dir/startup_stm32f103xb.s.obj
 .ARM.attributes
                0x00000000000003ef       0x1d /usr/lib/gcc/arm-none-eabi/10.3.1/thumb/v7-m/nofp/libgcc.a(_arm_addsubsf3.o)
 .ARM.attributes
                0x000000000000040c       0x1d /usr/lib/gcc/arm-none-eabi/10.3.1/thumb/v7-m/nofp/libgcc.a(_arm_muldivsf3.o)
 .ARM.attributes
                0x0000000000000429       0x1d /usr/lib/gcc/arm-none-eabi/10.3.1/thumb/v7-m/nofp/libgcc.a(_arm_cmpsf2.o)
 .ARM.attributes
                0x0000000000000446       0x1d /usr/lib/gcc/arm-none-eabi/10.3.1/thumb/v7-m/nofp/libgcc.a(_arm_fixunssfsi.o)
 .ARM.attributes
                0x0000000000000463       0x2d /usr/lib/gcc/arm-none-eabi/10.3.1/../../../arm-none-eabi/lib/thumb/v7-m/nofp/libg_nano.a(lib_a-atoi.o)
 .ARM.attributes
                0x0000000000000490       0x2d /usr/lib/gcc/arm-none-eabi/10.3.1/../../../arm-none-eabi/lib/thumb/v7-m/nofp/libg_nano.a(lib_a-ctype_.o)
 .ARM.attributes
                0x00000000000004bd       0x2d /usr/lib/gcc/arm-none-eabi/10.3.1/../../../arm-none-eabi/lib/thumb/v7-m/nofp/libg_nano.a(lib_a-errno.o)
 .ARM.attributes
                0x00000000000004ea       0x2d /usr/lib/gcc/arm-none-eabi/10.3.1/../../../arm-none-eabi/lib/thumb/v7-m/nofp/libg_nano.a(lib_a-impure.o)
 .ARM.attributes
                0x0000000000000517       0x2d /usr/lib/gcc/arm-none-eabi/10.3.1/../../../arm-none-eabi/lib/thumb/v7-m/nofp/libg_nano.a(lib_a-init.o)
 .ARM.attributes
                0x0000000000000544       0x2d /usr/lib/gcc/arm-none-eabi/10.3.1/../../../arm-none-eabi/lib/thumb/v7-m/nofp/libg_nano.a(lib_a-memmove.o)
 .ARM.attributes
                0x0000000000000571       0x2d /usr/lib/gcc/arm-none-eabi/10.3.1/../../../arm-none-eabi/lib/thumb/v7-m/nofp/libg_nano.a(lib_a-memset.o)
 .ARM.attributes
                0x000000000000059e       0x2d /usr/lib/gcc/arm-none-eabi/10.3.1/../../../arm-none-eabi/lib/thumb/v7-m/nofp/libg_nano.a(lib_a-sprintf.o)
 .ARM.attributes
                0x00000000000005cb       0x2d /usr/lib/gcc/arm-none-eabi/10.3.1/../../../arm-none-eabi/lib/thumb/v7-m/nofp/libg_nano.a(lib_a-strchr.o)
 .ARM.attributes
                0x00000000000005f8       0x1b /usr/lib/gcc/arm-none-eabi/10.3.1/../../../arm-none-eabi/lib/thumb/v7-m/nofp/libg_nano.a(lib_a-strcmp.o)
 .ARM.attributes
                0x0000000000000613       0x2d /usr/lib/gcc/arm-none-eabi/10.3.1/../../../arm-none-eabi/lib/thumb/v7-m/nofp/libg_nano.a(lib_a-strlen-stub.o)
 .ARM.attributes
                0x0000000000000640       0x2d /usr/lib/gcc/arm-none-eabi/10.3.1/../../../arm-none-eabi/lib/thumb/v7-m/nofp/libg_nano.a(lib_a-strncpy.o)
 .ARM.attributes
                0x000000000000066d       0x2d /usr/lib/gcc/arm-none-eabi/10.3.1/../../../arm-none-eabi/lib/thumb/v7-m/nofp/libg_nano.a(lib_a-strtol.o)
 .ARM.attributes
                0x000000000000069a       0x2d /usr/lib/gcc/arm-none-eabi/10.3.1/../../../arm-none-eabi/lib/thumb/v7-m/nofp/libg_nano.a(lib_a-nano-svfprintf.o)
 .ARM.attributes
                0x00000000000006c7       0x2d /usr/lib/gcc/arm-none-eabi/10.3.1/../../../arm-none-eabi/lib/thumb/v7-m/nofp/libg_nano.a(lib_a-nano-vfprintf_i.o)
 .ARM.attributes
                0x00000000000006f4       0x2d /usr/lib/gcc/arm-none-eabi/10.3.1/../../../arm-none-eabi/lib/thumb/v7-m/nofp/libg_nano.a(lib_a-memchr-stub.o)
 .ARM.attributes
                0x0000000000000721       0x1b /usr/lib/gcc/arm-none-eabi/10.3.1/../../../arm-none-eabi/lib/thumb/v7-m/nofp/libg_nano.a(lib_a-memcpy.o)
 .ARM.attributes
                0x000000000000073c       0x2d /usr/lib/gcc/arm-none-eabi/10.3.1/../../../arm-none-eabi/lib/thumb/v7-m/nofp/libg_nano.a(lib_a-nano-freer.o)
 .ARM.attributes
                0x0000000000000769       0x2d /usr/lib/gcc/arm-none-eabi/10.3.1/../../../arm-none-eabi/lib/thumb/v7-m/nofp/libg_nano.a(lib_a-nano-mallocr.o)
 .ARM.attributes
                0x0000000000000796       0x2d /usr/lib/gcc/arm-none-eabi/10.3.1/../../../arm-none-eabi/lib/thumb/v7-m/nofp/libg_nano.a(lib_a-nano-reallocr.o)
 .ARM.attributes
                0x00000000000007c3       0x2d /usr/lib/gcc/arm-none-eabi/10.3.1/../../../arm-none-eabi/lib/thumb/v7-m/nofp/libg_nano.a(lib_a-sbrkr.o)
 .ARM.attributes
                0x00000000000007f0       0x2d /usr/lib/gcc/arm-none-eabi/10.3.1/../../../arm-none-eabi/lib/thumb/v7-m/nofp/libg_nano.a(lib_a-mlock.o)
 .ARM.attributes
                0x000000000000081d       0x2d /usr/lib/gcc/arm-none-eabi/10.3.1/../../../arm-none-eabi/lib/thumb/v7-m/nofp/libg_nano.a(lib_a-nano-msizer.o)
 .ARM.attributes
                0x000000000000084a       0x2d /usr/lib/gcc/arm-none-eabi/10.3.1/../../../arm-none-eabi/lib/thumb/v7-m/nofp/libg_nano.a(lib_a-reent.o)
 .ARM.attributes
                0x0000000000000877       0x2d /usr/lib/gcc/arm-none-eabi/10.3.1/thumb/v7-m/nofp/crtend.o
 .ARM.attributes
                0x00000000000008a4       0x1d /usr/lib/gcc/arm-none-eabi/10.3.1/thumb/v7-m/nofp/crtn.o

.comment        0x0000000000000000       0x33
 .comment       0x0000000000000000       0x33 /usr/lib/gcc/arm-none-eabi/10.3.1/thumb/v7-m/nofp/crtbegin.o
                                         0x34 (size before relaxing)
 .comment       0x0000000000000033       0x34 cmake/stm32cubemx/CMakeFiles/STM32_Drivers.dir/__/__/Core/Src/system_stm32f1xx.c.obj
 .comment       0x0000000000000033       0x34 cmake/stm32cubemx/CMakeFiles/STM32_Drivers.dir/__/__/Drivers/STM32F1xx_HAL_Driver/Src/stm32f1xx_hal_tim.c.obj
 .comment       0x0000000000000033       0x34 cmake/stm32cubemx/CMakeFiles/STM32_Drivers.dir/__/__/Drivers/STM32F1xx_HAL_Driver/Src/stm32f1xx_hal_tim_ex.c.obj
 .comment       0x0000000000000033       0x34 cmake/stm32cubemx/CMakeFiles/STM32_Drivers.dir/__/__/Drivers/STM32F1xx_HAL_Driver/Src/stm32f1xx_hal.c.obj
 .comment       0x0000000000000033       0x34 cmake/stm32cubemx/CMakeFiles/STM32_Drivers.dir/__/__/Drivers/STM32F1xx_HAL_Driver/Src/stm32f1xx_hal_rcc.c.obj
 .comment       0x0000000000000033       0x34 cmake/stm32cubemx/CMakeFiles/STM32_Drivers.dir/__/__/Drivers/STM32F1xx_HAL_Driver/Src/stm32f1xx_hal_gpio.c.obj
 .comment       0x0000000000000033       0x34 cmake/stm32cubemx/CMakeFiles/STM32_Drivers.dir/__/__/Drivers/STM32F1xx_HAL_Driver/Src/stm32f1xx_hal_cortex.c.obj
 .comment       0x0000000000000033       0x34 cmake/stm32cubemx/CMakeFiles/STM32_Drivers.dir/__/__/Drivers/STM32F1xx_HAL_Driver/Src/stm32f1xx_hal_flash.c.obj
 .comment       0x0000000000000033       0x34 cmake/stm32cubemx/CMakeFiles/STM32_Drivers.dir/__/__/Drivers/STM32F1xx_HAL_Driver/Src/stm32f1xx_hal_flash_ex.c.obj
 .comment       0x0000000000000033       0x34 cmake/stm32cubemx/CMakeFiles/STM32_Drivers.dir/__/__/Drivers/STM32F1xx_HAL_Driver/Src/stm32f1xx_hal_uart.c.obj
 .comment       0x0000000000000033       0x34 CMakeFiles/Pusher_Motor.dir/Core/Src/main.c.obj
 .comment       0x0000000000000033       0x34 CMakeFiles/Pusher_Motor.dir/Core/Src/gpio.c.obj
 .comment       0x0000000000000033       0x34 CMakeFiles/Pusher_Motor.dir/Core/Src/tim.c.obj
 .comment       0x0000000000000033       0x34 CMakeFiles/Pusher_Motor.dir/Core/Src/usart.c.obj
 .comment       0x0000000000000033       0x34 CMakeFiles/Pusher_Motor.dir/Core/Src/stm32f1xx_it.c.obj
 .comment       0x0000000000000033       0x34 CMakeFiles/Pusher_Motor.dir/Core/Src/stm32f1xx_hal_msp.c.obj
 .comment       0x0000000000000033       0x34 CMakeFiles/Pusher_Motor.dir/Core/Src/sysmem.c.obj
 .comment       0x0000000000000033       0x34 CMakeFiles/Pusher_Motor.dir/Core/Src/pusher_motor.c.obj
 .comment       0x0000000000000033       0x34 CMakeFiles/Pusher_Motor.dir/Core/Src/cli.c.obj
 .comment       0x0000000000000033       0x34 CMakeFiles/Pusher_Motor.dir/Core/Src/flash_storage.c.obj
 .comment       0x0000000000000033       0x34 /usr/lib/gcc/arm-none-eabi/10.3.1/../../../arm-none-eabi/lib/thumb/v7-m/nofp/libg_nano.a(lib_a-atoi.o)
 .comment       0x0000000000000033       0x34 /usr/lib/gcc/arm-none-eabi/10.3.1/../../../arm-none-eabi/lib/thumb/v7-m/nofp/libg_nano.a(lib_a-ctype_.o)
 .comment       0x0000000000000033       0x34 /usr/lib/gcc/arm-none-eabi/10.3.1/../../../arm-none-eabi/lib/thumb/v7-m/nofp/libg_nano.a(lib_a-errno.o)
 .comment       0x0000000000000033       0x34 /usr/lib/gcc/arm-none-eabi/10.3.1/../../../arm-none-eabi/lib/thumb/v7-m/nofp/libg_nano.a(lib_a-impure.o)
 .comment       0x0000000000000033       0x34 /usr/lib/gcc/arm-none-eabi/10.3.1/../../../arm-none-eabi/lib/thumb/v7-m/nofp/libg_nano.a(lib_a-init.o)
 .comment       0x0000000000000033       0x34 /usr/lib/gcc/arm-none-eabi/10.3.1/../../../arm-none-eabi/lib/thumb/v7-m/nofp/libg_nano.a(lib_a-memmove.o)
 .comment       0x0000000000000033       0x34 /usr/lib/gcc/arm-none-eabi/10.3.1/../../../arm-none-eabi/lib/thumb/v7-m/nofp/libg_nano.a(lib_a-memset.o)
 .comment       0x0000000000000033       0x34 /usr/lib/gcc/arm-none-eabi/10.3.1/../../../arm-none-eabi/lib/thumb/v7-m/nofp/libg_nano.a(lib_a-sprintf.o)
 .comment       0x0000000000000033       0x34 /usr/lib/gcc/arm-none-eabi/10.3.1/../../../arm-none-eabi/lib/thumb/v7-m/nofp/libg_nano.a(lib_a-strchr.o)
 .comment       0x0000000000000033       0x34 /usr/lib/gcc/arm-none-eabi/10.3.1/../../../arm-none-eabi/lib/thumb/v7-m/nofp/libg_nano.a(lib_a-strlen-stub.o)
 .comment       0x0000000000000033       0x34 /usr/lib/gcc/arm-none-eabi/10.3.1/../../../arm-none-eabi/lib/thumb/v7-m/nofp/libg_nano.a(lib_a-strncpy.o)
 .comment       0x0000000000000033       0x34 /usr/lib/gcc/arm-none-eabi/10.3.1/../../../arm-none-eabi/lib/thumb/v7-m/nofp/libg_nano.a(lib_a-strtol.o)
 .comment       0x0000000000000033       0x34 /usr/lib/gcc/arm-none-eabi/10.3.1/../../../arm-none-eabi/lib/thumb/v7-m/nofp/libg_nano.a(lib_a-nano-svfprintf.o)
 .comment       0x0000000000000033       0x34 /usr/lib/gcc/arm-none-eabi/10.3.1/../../../arm-none-eabi/lib/thumb/v7-m/nofp/libg_nano.a(lib_a-nano-vfprintf_i.o)
 .comment       0x0000000000000033       0x34 /usr/lib/gcc/arm-none-eabi/10.3.1/../../../arm-none-eabi/lib/thumb/v7-m/nofp/libg_nano.a(lib_a-memchr-stub.o)
 .comment       0x0000000000000033       0x34 /usr/lib/gcc/arm-none-eabi/10.3.1/../../../arm-none-eabi/lib/thumb/v7-m/nofp/libg_nano.a(lib_a-nano-freer.o)
 .comment       0x0000000000000033       0x34 /usr/lib/gcc/arm-none-eabi/10.3.1/../../../arm-none-eabi/lib/thumb/v7-m/nofp/libg_nano.a(lib_a-nano-mallocr.o)
 .comment       0x0000000000000033       0x34 /usr/lib/gcc/arm-none-eabi/10.3.1/../../../arm-none-eabi/lib/thumb/v7-m/nofp/libg_nano.a(lib_a-nano-reallocr.o)
 .comment       0x0000000000000033       0x34 /usr/lib/gcc/arm-none-eabi/10.3.1/../../../arm-none-eabi/lib/thumb/v7-m/nofp/libg_nano.a(lib_a-sbrkr.o)
 .comment       0x0000000000000033       0x34 /usr/lib/gcc/arm-none-eabi/10.3.1/../../../arm-none-eabi/lib/thumb/v7-m/nofp/libg_nano.a(lib_a-mlock.o)
 .comment       0x0000000000000033       0x34 /usr/lib/gcc/arm-none-eabi/10.3.1/../../../arm-none-eabi/lib/thumb/v7-m/nofp/libg_nano.a(lib_a-nano-msizer.o)
 .comment       0x0000000000000033       0x34 /usr/lib/gcc/arm-none-eabi/10.3.1/../../../arm-none-eabi/lib/thumb/v7-m/nofp/libg_nano.a(lib_a-reent.o)
 .comment       0x0000000000000033       0x34 /usr/lib/gcc/arm-none-eabi/10.3.1/thumb/v7-m/nofp/crtend.o

.debug_info     0x0000000000000000    0x1721e
 .debug_info    0x0000000000000000      0x225 cmake/stm32cubemx/CMakeFiles/STM32_Drivers.dir/__/__/Core/Src/system_stm32f1xx.c.obj
 .debug_info    0x0000000000000225     0x2b2e cmake/stm32cubemx/CMakeFiles/STM32_Drivers.dir/__/__/Drivers/STM32F1xx_HAL_Driver/Src/stm32f1xx_hal_tim.c.obj
 .debug_info    0x0000000000002d53     0x147b cmake/stm32cubemx/CMakeFiles/STM32_Drivers.dir/__/__/Drivers/STM32F1xx_HAL_Driver/Src/stm32f1xx_hal_tim_ex.c.obj
 .debug_info    0x00000000000041ce      0x6d5 cmake/stm32cubemx/CMakeFiles/STM32_Drivers.dir/__/__/Drivers/STM32F1xx_HAL_Driver/Src/stm32f1xx_hal.c.obj
 .debug_info    0x00000000000048a3      0x7fa cmake/stm32cubemx/CMakeFiles/STM32_Drivers.dir/__/__/Drivers/STM32F1xx_HAL_Driver/Src/stm32f1xx_hal_rcc.c.obj
 .debug_info    0x000000000000509d      0x5fd cmake/stm32cubemx/CMakeFiles/STM32_Drivers.dir/__/__/Drivers/STM32F1xx_HAL_Driver/Src/stm32f1xx_hal_gpio.c.obj
 .debug_info    0x000000000000569a      0xafc cmake/stm32cubemx/CMakeFiles/STM32_Drivers.dir/__/__/Drivers/STM32F1xx_HAL_Driver/Src/stm32f1xx_hal_cortex.c.obj
 .debug_info    0x0000000000006196      0x4ef cmake/stm32cubemx/CMakeFiles/STM32_Drivers.dir/__/__/Drivers/STM32F1xx_HAL_Driver/Src/stm32f1xx_hal_flash.c.obj
 .debug_info    0x0000000000006685      0x79e cmake/stm32cubemx/CMakeFiles/STM32_Drivers.dir/__/__/Drivers/STM32F1xx_HAL_Driver/Src/stm32f1xx_hal_flash_ex.c.obj
 .debug_info    0x0000000000006e23     0x303c cmake/stm32cubemx/CMakeFiles/STM32_Drivers.dir/__/__/Drivers/STM32F1xx_HAL_Driver/Src/stm32f1xx_hal_uart.c.obj
 .debug_info    0x0000000000009e5f      0x6f8 CMakeFiles/Pusher_Motor.dir/Core/Src/main.c.obj
 .debug_info    0x000000000000a557      0x3ef CMakeFiles/Pusher_Motor.dir/Core/Src/gpio.c.obj
 .debug_info    0x000000000000a946      0x940 CMakeFiles/Pusher_Motor.dir/Core/Src/tim.c.obj
 .debug_info    0x000000000000b286      0x787 CMakeFiles/Pusher_Motor.dir/Core/Src/usart.c.obj
 .debug_info    0x000000000000ba0d      0x1dd CMakeFiles/Pusher_Motor.dir/Core/Src/stm32f1xx_it.c.obj
 .debug_info    0x000000000000bbea      0x204 CMakeFiles/Pusher_Motor.dir/Core/Src/stm32f1xx_hal_msp.c.obj
 .debug_info    0x000000000000bdee      0x147 CMakeFiles/Pusher_Motor.dir/Core/Src/sysmem.c.obj
 .debug_info    0x000000000000bf35      0xa01 CMakeFiles/Pusher_Motor.dir/Core/Src/pusher_motor.c.obj
 .debug_info    0x000000000000c936      0xd25 CMakeFiles/Pusher_Motor.dir/Core/Src/cli.c.obj
 .debug_info    0x000000000000d65b      0x2ba CMakeFiles/Pusher_Motor.dir/Core/Src/flash_storage.c.obj
 .debug_info    0x000000000000d915       0x22 CMakeFiles/Pusher_Motor.dir/startup_stm32f103xb.s.obj
 .debug_info    0x000000000000d937       0x26 /usr/lib/gcc/arm-none-eabi/10.3.1/thumb/v7-m/nofp/libgcc.a(_arm_addsubsf3.o)
 .debug_info    0x000000000000d95d       0x26 /usr/lib/gcc/arm-none-eabi/10.3.1/thumb/v7-m/nofp/libgcc.a(_arm_muldivsf3.o)
 .debug_info    0x000000000000d983       0x26 /usr/lib/gcc/arm-none-eabi/10.3.1/thumb/v7-m/nofp/libgcc.a(_arm_cmpsf2.o)
 .debug_info    0x000000000000d9a9       0x26 /usr/lib/gcc/arm-none-eabi/10.3.1/thumb/v7-m/nofp/libgcc.a(_arm_fixunssfsi.o)
 .debug_info    0x000000000000d9cf      0x848 /usr/lib/gcc/arm-none-eabi/10.3.1/../../../arm-none-eabi/lib/thumb/v7-m/nofp/libg_nano.a(lib_a-atoi.o)
 .debug_info    0x000000000000e217       0xb8 /usr/lib/gcc/arm-none-eabi/10.3.1/../../../arm-none-eabi/lib/thumb/v7-m/nofp/libg_nano.a(lib_a-ctype_.o)
 .debug_info    0x000000000000e2cf      0x7ae /usr/lib/gcc/arm-none-eabi/10.3.1/../../../arm-none-eabi/lib/thumb/v7-m/nofp/libg_nano.a(lib_a-errno.o)
 .debug_info    0x000000000000ea7d      0x863 /usr/lib/gcc/arm-none-eabi/10.3.1/../../../arm-none-eabi/lib/thumb/v7-m/nofp/libg_nano.a(lib_a-impure.o)
 .debug_info    0x000000000000f2e0      0x11a /usr/lib/gcc/arm-none-eabi/10.3.1/../../../arm-none-eabi/lib/thumb/v7-m/nofp/libg_nano.a(lib_a-init.o)
 .debug_info    0x000000000000f3fa      0x152 /usr/lib/gcc/arm-none-eabi/10.3.1/../../../arm-none-eabi/lib/thumb/v7-m/nofp/libg_nano.a(lib_a-memmove.o)
 .debug_info    0x000000000000f54c      0x137 /usr/lib/gcc/arm-none-eabi/10.3.1/../../../arm-none-eabi/lib/thumb/v7-m/nofp/libg_nano.a(lib_a-memset.o)
 .debug_info    0x000000000000f683      0x926 /usr/lib/gcc/arm-none-eabi/10.3.1/../../../arm-none-eabi/lib/thumb/v7-m/nofp/libg_nano.a(lib_a-sprintf.o)
 .debug_info    0x000000000000ffa9      0x13a /usr/lib/gcc/arm-none-eabi/10.3.1/../../../arm-none-eabi/lib/thumb/v7-m/nofp/libg_nano.a(lib_a-strchr.o)
 .debug_info    0x00000000000100e3       0x26 /usr/lib/gcc/arm-none-eabi/10.3.1/../../../arm-none-eabi/lib/thumb/v7-m/nofp/libg_nano.a(lib_a-strcmp.o)
 .debug_info    0x0000000000010109       0xbc /usr/lib/gcc/arm-none-eabi/10.3.1/../../../arm-none-eabi/lib/thumb/v7-m/nofp/libg_nano.a(lib_a-strlen-stub.o)
 .debug_info    0x00000000000101c5      0x153 /usr/lib/gcc/arm-none-eabi/10.3.1/../../../arm-none-eabi/lib/thumb/v7-m/nofp/libg_nano.a(lib_a-strncpy.o)
 .debug_info    0x0000000000010318      0xf00 /usr/lib/gcc/arm-none-eabi/10.3.1/../../../arm-none-eabi/lib/thumb/v7-m/nofp/libg_nano.a(lib_a-strtol.o)
 .debug_info    0x0000000000011218     0x10d5 /usr/lib/gcc/arm-none-eabi/10.3.1/../../../arm-none-eabi/lib/thumb/v7-m/nofp/libg_nano.a(lib_a-nano-svfprintf.o)
 .debug_info    0x00000000000122ed      0xe9e /usr/lib/gcc/arm-none-eabi/10.3.1/../../../arm-none-eabi/lib/thumb/v7-m/nofp/libg_nano.a(lib_a-nano-vfprintf_i.o)
 .debug_info    0x000000000001318b      0x14e /usr/lib/gcc/arm-none-eabi/10.3.1/../../../arm-none-eabi/lib/thumb/v7-m/nofp/libg_nano.a(lib_a-memchr-stub.o)
 .debug_info    0x00000000000132d9       0x26 /usr/lib/gcc/arm-none-eabi/10.3.1/../../../arm-none-eabi/lib/thumb/v7-m/nofp/libg_nano.a(lib_a-memcpy.o)
 .debug_info    0x00000000000132ff      0x940 /usr/lib/gcc/arm-none-eabi/10.3.1/../../../arm-none-eabi/lib/thumb/v7-m/nofp/libg_nano.a(lib_a-nano-freer.o)
 .debug_info    0x0000000000013c3f      0xa0c /usr/lib/gcc/arm-none-eabi/10.3.1/../../../arm-none-eabi/lib/thumb/v7-m/nofp/libg_nano.a(lib_a-nano-mallocr.o)
 .debug_info    0x000000000001464b      0x911 /usr/lib/gcc/arm-none-eabi/10.3.1/../../../arm-none-eabi/lib/thumb/v7-m/nofp/libg_nano.a(lib_a-nano-reallocr.o)
 .debug_info    0x0000000000014f5c      0x828 /usr/lib/gcc/arm-none-eabi/10.3.1/../../../arm-none-eabi/lib/thumb/v7-m/nofp/libg_nano.a(lib_a-sbrkr.o)
 .debug_info    0x0000000000015784      0x7dc /usr/lib/gcc/arm-none-eabi/10.3.1/../../../arm-none-eabi/lib/thumb/v7-m/nofp/libg_nano.a(lib_a-mlock.o)
 .debug_info    0x0000000000015f60      0x840 /usr/lib/gcc/arm-none-eabi/10.3.1/../../../arm-none-eabi/lib/thumb/v7-m/nofp/libg_nano.a(lib_a-nano-msizer.o)
 .debug_info    0x00000000000167a0      0xa7e /usr/lib/gcc/arm-none-eabi/10.3.1/../../../arm-none-eabi/lib/thumb/v7-m/nofp/libg_nano.a(lib_a-reent.o)

.debug_abbrev   0x0000000000000000     0x45c2
 .debug_abbrev  0x0000000000000000      0x13b cmake/stm32cubemx/CMakeFiles/STM32_Drivers.dir/__/__/Core/Src/system_stm32f1xx.c.obj
 .debug_abbrev  0x000000000000013b      0x238 cmake/stm32cubemx/CMakeFiles/STM32_Drivers.dir/__/__/Drivers/STM32F1xx_HAL_Driver/Src/stm32f1xx_hal_tim.c.obj
 .debug_abbrev  0x0000000000000373      0x240 cmake/stm32cubemx/CMakeFiles/STM32_Drivers.dir/__/__/Drivers/STM32F1xx_HAL_Driver/Src/stm32f1xx_hal_tim_ex.c.obj
 .debug_abbrev  0x00000000000005b3      0x1c8 cmake/stm32cubemx/CMakeFiles/STM32_Drivers.dir/__/__/Drivers/STM32F1xx_HAL_Driver/Src/stm32f1xx_hal.c.obj
 .debug_abbrev  0x000000000000077b      0x260 cmake/stm32cubemx/CMakeFiles/STM32_Drivers.dir/__/__/Drivers/STM32F1xx_HAL_Driver/Src/stm32f1xx_hal_rcc.c.obj
 .debug_abbrev  0x00000000000009db      0x1bb cmake/stm32cubemx/CMakeFiles/STM32_Drivers.dir/__/__/Drivers/STM32F1xx_HAL_Driver/Src/stm32f1xx_hal_gpio.c.obj
 .debug_abbrev  0x0000000000000b96      0x2ed cmake/stm32cubemx/CMakeFiles/STM32_Drivers.dir/__/__/Drivers/STM32F1xx_HAL_Driver/Src/stm32f1xx_hal_cortex.c.obj
 .debug_abbrev  0x0000000000000e83      0x1ff cmake/stm32cubemx/CMakeFiles/STM32_Drivers.dir/__/__/Drivers/STM32F1xx_HAL_Driver/Src/stm32f1xx_hal_flash.c.obj
 .debug_abbrev  0x0000000000001082      0x21d cmake/stm32cubemx/CMakeFiles/STM32_Drivers.dir/__/__/Drivers/STM32F1xx_HAL_Driver/Src/stm32f1xx_hal_flash_ex.c.obj
 .debug_abbrev  0x000000000000129f      0x2b3 cmake/stm32cubemx/CMakeFiles/STM32_Drivers.dir/__/__/Drivers/STM32F1xx_HAL_Driver/Src/stm32f1xx_hal_uart.c.obj
 .debug_abbrev  0x0000000000001552      0x1a2 CMakeFiles/Pusher_Motor.dir/Core/Src/main.c.obj
 .debug_abbrev  0x00000000000016f4      0x118 CMakeFiles/Pusher_Motor.dir/Core/Src/gpio.c.obj
 .debug_abbrev  0x000000000000180c      0x1c5 CMakeFiles/Pusher_Motor.dir/Core/Src/tim.c.obj
 .debug_abbrev  0x00000000000019d1      0x196 CMakeFiles/Pusher_Motor.dir/Core/Src/usart.c.obj
 .debug_abbrev  0x0000000000001b67       0xd3 CMakeFiles/Pusher_Motor.dir/Core/Src/stm32f1xx_it.c.obj
 .debug_abbrev  0x0000000000001c3a       0xd4 CMakeFiles/Pusher_Motor.dir/Core/Src/stm32f1xx_hal_msp.c.obj
 .debug_abbrev  0x0000000000001d0e       0xa6 CMakeFiles/Pusher_Motor.dir/Core/Src/sysmem.c.obj
 .debug_abbrev  0x0000000000001db4      0x1da CMakeFiles/Pusher_Motor.dir/Core/Src/pusher_motor.c.obj
 .debug_abbrev  0x0000000000001f8e      0x33c CMakeFiles/Pusher_Motor.dir/Core/Src/cli.c.obj
 .debug_abbrev  0x00000000000022ca       0xf9 CMakeFiles/Pusher_Motor.dir/Core/Src/flash_storage.c.obj
 .debug_abbrev  0x00000000000023c3       0x12 CMakeFiles/Pusher_Motor.dir/startup_stm32f103xb.s.obj
 .debug_abbrev  0x00000000000023d5       0x14 /usr/lib/gcc/arm-none-eabi/10.3.1/thumb/v7-m/nofp/libgcc.a(_arm_addsubsf3.o)
 .debug_abbrev  0x00000000000023e9       0x14 /usr/lib/gcc/arm-none-eabi/10.3.1/thumb/v7-m/nofp/libgcc.a(_arm_muldivsf3.o)
 .debug_abbrev  0x00000000000023fd       0x14 /usr/lib/gcc/arm-none-eabi/10.3.1/thumb/v7-m/nofp/libgcc.a(_arm_cmpsf2.o)
 .debug_abbrev  0x0000000000002411       0x14 /usr/lib/gcc/arm-none-eabi/10.3.1/thumb/v7-m/nofp/libgcc.a(_arm_fixunssfsi.o)
 .debug_abbrev  0x0000000000002425      0x187 /usr/lib/gcc/arm-none-eabi/10.3.1/../../../arm-none-eabi/lib/thumb/v7-m/nofp/libg_nano.a(lib_a-atoi.o)
 .debug_abbrev  0x00000000000025ac       0x62 /usr/lib/gcc/arm-none-eabi/10.3.1/../../../arm-none-eabi/lib/thumb/v7-m/nofp/libg_nano.a(lib_a-ctype_.o)
 .debug_abbrev  0x000000000000260e      0x157 /usr/lib/gcc/arm-none-eabi/10.3.1/../../../arm-none-eabi/lib/thumb/v7-m/nofp/libg_nano.a(lib_a-errno.o)
 .debug_abbrev  0x0000000000002765      0x151 /usr/lib/gcc/arm-none-eabi/10.3.1/../../../arm-none-eabi/lib/thumb/v7-m/nofp/libg_nano.a(lib_a-impure.o)
 .debug_abbrev  0x00000000000028b6       0xcc /usr/lib/gcc/arm-none-eabi/10.3.1/../../../arm-none-eabi/lib/thumb/v7-m/nofp/libg_nano.a(lib_a-init.o)
 .debug_abbrev  0x0000000000002982       0xc0 /usr/lib/gcc/arm-none-eabi/10.3.1/../../../arm-none-eabi/lib/thumb/v7-m/nofp/libg_nano.a(lib_a-memmove.o)
 .debug_abbrev  0x0000000000002a42       0xb4 /usr/lib/gcc/arm-none-eabi/10.3.1/../../../arm-none-eabi/lib/thumb/v7-m/nofp/libg_nano.a(lib_a-memset.o)
 .debug_abbrev  0x0000000000002af6      0x213 /usr/lib/gcc/arm-none-eabi/10.3.1/../../../arm-none-eabi/lib/thumb/v7-m/nofp/libg_nano.a(lib_a-sprintf.o)
 .debug_abbrev  0x0000000000002d09       0x94 /usr/lib/gcc/arm-none-eabi/10.3.1/../../../arm-none-eabi/lib/thumb/v7-m/nofp/libg_nano.a(lib_a-strchr.o)
 .debug_abbrev  0x0000000000002d9d       0x14 /usr/lib/gcc/arm-none-eabi/10.3.1/../../../arm-none-eabi/lib/thumb/v7-m/nofp/libg_nano.a(lib_a-strcmp.o)
 .debug_abbrev  0x0000000000002db1       0x79 /usr/lib/gcc/arm-none-eabi/10.3.1/../../../arm-none-eabi/lib/thumb/v7-m/nofp/libg_nano.a(lib_a-strlen-stub.o)
 .debug_abbrev  0x0000000000002e2a       0xbb /usr/lib/gcc/arm-none-eabi/10.3.1/../../../arm-none-eabi/lib/thumb/v7-m/nofp/libg_nano.a(lib_a-strncpy.o)
 .debug_abbrev  0x0000000000002ee5      0x2cf /usr/lib/gcc/arm-none-eabi/10.3.1/../../../arm-none-eabi/lib/thumb/v7-m/nofp/libg_nano.a(lib_a-strtol.o)
 .debug_abbrev  0x00000000000031b4      0x2ca /usr/lib/gcc/arm-none-eabi/10.3.1/../../../arm-none-eabi/lib/thumb/v7-m/nofp/libg_nano.a(lib_a-nano-svfprintf.o)
 .debug_abbrev  0x000000000000347e      0x25c /usr/lib/gcc/arm-none-eabi/10.3.1/../../../arm-none-eabi/lib/thumb/v7-m/nofp/libg_nano.a(lib_a-nano-vfprintf_i.o)
 .debug_abbrev  0x00000000000036da       0xd4 /usr/lib/gcc/arm-none-eabi/10.3.1/../../../arm-none-eabi/lib/thumb/v7-m/nofp/libg_nano.a(lib_a-memchr-stub.o)
 .debug_abbrev  0x00000000000037ae       0x14 /usr/lib/gcc/arm-none-eabi/10.3.1/../../../arm-none-eabi/lib/thumb/v7-m/nofp/libg_nano.a(lib_a-memcpy.o)
 .debug_abbrev  0x00000000000037c2      0x245 /usr/lib/gcc/arm-none-eabi/10.3.1/../../../arm-none-eabi/lib/thumb/v7-m/nofp/libg_nano.a(lib_a-nano-freer.o)
 .debug_abbrev  0x0000000000003a07      0x290 /usr/lib/gcc/arm-none-eabi/10.3.1/../../../arm-none-eabi/lib/thumb/v7-m/nofp/libg_nano.a(lib_a-nano-mallocr.o)
 .debug_abbrev  0x0000000000003c97      0x1d6 /usr/lib/gcc/arm-none-eabi/10.3.1/../../../arm-none-eabi/lib/thumb/v7-m/nofp/libg_nano.a(lib_a-nano-reallocr.o)
 .debug_abbrev  0x0000000000003e6d      0x1d6 /usr/lib/gcc/arm-none-eabi/10.3.1/../../../arm-none-eabi/lib/thumb/v7-m/nofp/libg_nano.a(lib_a-sbrkr.o)
 .debug_abbrev  0x0000000000004043      0x189 /usr/lib/gcc/arm-none-eabi/10.3.1/../../../arm-none-eabi/lib/thumb/v7-m/nofp/libg_nano.a(lib_a-mlock.o)
 .debug_abbrev  0x00000000000041cc      0x191 /usr/lib/gcc/arm-none-eabi/10.3.1/../../../arm-none-eabi/lib/thumb/v7-m/nofp/libg_nano.a(lib_a-nano-msizer.o)
 .debug_abbrev  0x000000000000435d      0x265 /usr/lib/gcc/arm-none-eabi/10.3.1/../../../arm-none-eabi/lib/thumb/v7-m/nofp/libg_nano.a(lib_a-reent.o)

.debug_aranges  0x0000000000000000     0x11a0
 .debug_aranges
                0x0000000000000000       0x28 cmake/stm32cubemx/CMakeFiles/STM32_Drivers.dir/__/__/Core/Src/system_stm32f1xx.c.obj
 .debug_aranges
                0x0000000000000028      0x3d0 cmake/stm32cubemx/CMakeFiles/STM32_Drivers.dir/__/__/Drivers/STM32F1xx_HAL_Driver/Src/stm32f1xx_hal_tim.c.obj
 .debug_aranges
                0x00000000000003f8      0x168 cmake/stm32cubemx/CMakeFiles/STM32_Drivers.dir/__/__/Drivers/STM32F1xx_HAL_Driver/Src/stm32f1xx_hal_tim_ex.c.obj
 .debug_aranges
                0x0000000000000560       0xe0 cmake/stm32cubemx/CMakeFiles/STM32_Drivers.dir/__/__/Drivers/STM32F1xx_HAL_Driver/Src/stm32f1xx_hal.c.obj
 .debug_aranges
                0x0000000000000640       0x90 cmake/stm32cubemx/CMakeFiles/STM32_Drivers.dir/__/__/Drivers/STM32F1xx_HAL_Driver/Src/stm32f1xx_hal_rcc.c.obj
 .debug_aranges
                0x00000000000006d0       0x58 cmake/stm32cubemx/CMakeFiles/STM32_Drivers.dir/__/__/Drivers/STM32F1xx_HAL_Driver/Src/stm32f1xx_hal_gpio.c.obj
 .debug_aranges
                0x0000000000000728      0x100 cmake/stm32cubemx/CMakeFiles/STM32_Drivers.dir/__/__/Drivers/STM32F1xx_HAL_Driver/Src/stm32f1xx_hal_cortex.c.obj
 .debug_aranges
                0x0000000000000828       0x88 cmake/stm32cubemx/CMakeFiles/STM32_Drivers.dir/__/__/Drivers/STM32F1xx_HAL_Driver/Src/stm32f1xx_hal_flash.c.obj
 .debug_aranges
                0x00000000000008b0       0x98 cmake/stm32cubemx/CMakeFiles/STM32_Drivers.dir/__/__/Drivers/STM32F1xx_HAL_Driver/Src/stm32f1xx_hal_flash_ex.c.obj
 .debug_aranges
                0x0000000000000948      0x208 cmake/stm32cubemx/CMakeFiles/STM32_Drivers.dir/__/__/Drivers/STM32F1xx_HAL_Driver/Src/stm32f1xx_hal_uart.c.obj
 .debug_aranges
                0x0000000000000b50       0x30 CMakeFiles/Pusher_Motor.dir/Core/Src/main.c.obj
 .debug_aranges
                0x0000000000000b80       0x20 CMakeFiles/Pusher_Motor.dir/Core/Src/gpio.c.obj
 .debug_aranges
                0x0000000000000ba0       0x38 CMakeFiles/Pusher_Motor.dir/Core/Src/tim.c.obj
 .debug_aranges
                0x0000000000000bd8       0x30 CMakeFiles/Pusher_Motor.dir/Core/Src/usart.c.obj
 .debug_aranges
                0x0000000000000c08       0x68 CMakeFiles/Pusher_Motor.dir/Core/Src/stm32f1xx_it.c.obj
 .debug_aranges
                0x0000000000000c70       0x20 CMakeFiles/Pusher_Motor.dir/Core/Src/stm32f1xx_hal_msp.c.obj
 .debug_aranges
                0x0000000000000c90       0x20 CMakeFiles/Pusher_Motor.dir/Core/Src/sysmem.c.obj
 .debug_aranges
                0x0000000000000cb0       0x58 CMakeFiles/Pusher_Motor.dir/Core/Src/pusher_motor.c.obj
 .debug_aranges
                0x0000000000000d08       0xb8 CMakeFiles/Pusher_Motor.dir/Core/Src/cli.c.obj
 .debug_aranges
                0x0000000000000dc0       0x48 CMakeFiles/Pusher_Motor.dir/Core/Src/flash_storage.c.obj
 .debug_aranges
                0x0000000000000e08       0x28 CMakeFiles/Pusher_Motor.dir/startup_stm32f103xb.s.obj
 .debug_aranges
                0x0000000000000e30       0x20 /usr/lib/gcc/arm-none-eabi/10.3.1/thumb/v7-m/nofp/libgcc.a(_arm_addsubsf3.o)
 .debug_aranges
                0x0000000000000e50       0x20 /usr/lib/gcc/arm-none-eabi/10.3.1/thumb/v7-m/nofp/libgcc.a(_arm_muldivsf3.o)
 .debug_aranges
                0x0000000000000e70       0x20 /usr/lib/gcc/arm-none-eabi/10.3.1/thumb/v7-m/nofp/libgcc.a(_arm_cmpsf2.o)
 .debug_aranges
                0x0000000000000e90       0x20 /usr/lib/gcc/arm-none-eabi/10.3.1/thumb/v7-m/nofp/libgcc.a(_arm_fixunssfsi.o)
 .debug_aranges
                0x0000000000000eb0       0x20 /usr/lib/gcc/arm-none-eabi/10.3.1/../../../arm-none-eabi/lib/thumb/v7-m/nofp/libg_nano.a(lib_a-atoi.o)
 .debug_aranges
                0x0000000000000ed0       0x18 /usr/lib/gcc/arm-none-eabi/10.3.1/../../../arm-none-eabi/lib/thumb/v7-m/nofp/libg_nano.a(lib_a-ctype_.o)
 .debug_aranges
                0x0000000000000ee8       0x20 /usr/lib/gcc/arm-none-eabi/10.3.1/../../../arm-none-eabi/lib/thumb/v7-m/nofp/libg_nano.a(lib_a-errno.o)
 .debug_aranges
                0x0000000000000f08       0x18 /usr/lib/gcc/arm-none-eabi/10.3.1/../../../arm-none-eabi/lib/thumb/v7-m/nofp/libg_nano.a(lib_a-impure.o)
 .debug_aranges
                0x0000000000000f20       0x20 /usr/lib/gcc/arm-none-eabi/10.3.1/../../../arm-none-eabi/lib/thumb/v7-m/nofp/libg_nano.a(lib_a-init.o)
 .debug_aranges
                0x0000000000000f40       0x20 /usr/lib/gcc/arm-none-eabi/10.3.1/../../../arm-none-eabi/lib/thumb/v7-m/nofp/libg_nano.a(lib_a-memmove.o)
 .debug_aranges
                0x0000000000000f60       0x20 /usr/lib/gcc/arm-none-eabi/10.3.1/../../../arm-none-eabi/lib/thumb/v7-m/nofp/libg_nano.a(lib_a-memset.o)
 .debug_aranges
                0x0000000000000f80       0x20 /usr/lib/gcc/arm-none-eabi/10.3.1/../../../arm-none-eabi/lib/thumb/v7-m/nofp/libg_nano.a(lib_a-sprintf.o)
 .debug_aranges
                0x0000000000000fa0       0x20 /usr/lib/gcc/arm-none-eabi/10.3.1/../../../arm-none-eabi/lib/thumb/v7-m/nofp/libg_nano.a(lib_a-strchr.o)
 .debug_aranges
                0x0000000000000fc0       0x20 /usr/lib/gcc/arm-none-eabi/10.3.1/../../../arm-none-eabi/lib/thumb/v7-m/nofp/libg_nano.a(lib_a-strcmp.o)
 .debug_aranges
                0x0000000000000fe0       0x20 /usr/lib/gcc/arm-none-eabi/10.3.1/../../../arm-none-eabi/lib/thumb/v7-m/nofp/libg_nano.a(lib_a-strlen-stub.o)
 .debug_aranges
                0x0000000000001000       0x20 /usr/lib/gcc/arm-none-eabi/10.3.1/../../../arm-none-eabi/lib/thumb/v7-m/nofp/libg_nano.a(lib_a-strncpy.o)
 .debug_aranges
                0x0000000000001020       0x20 /usr/lib/gcc/arm-none-eabi/10.3.1/../../../arm-none-eabi/lib/thumb/v7-m/nofp/libg_nano.a(lib_a-strtol.o)
 .debug_aranges
                0x0000000000001040       0x20 /usr/lib/gcc/arm-none-eabi/10.3.1/../../../arm-none-eabi/lib/thumb/v7-m/nofp/libg_nano.a(lib_a-nano-svfprintf.o)
 .debug_aranges
                0x0000000000001060       0x20 /usr/lib/gcc/arm-none-eabi/10.3.1/../../../arm-none-eabi/lib/thumb/v7-m/nofp/libg_nano.a(lib_a-nano-vfprintf_i.o)
 .debug_aranges
                0x0000000000001080       0x20 /usr/lib/gcc/arm-none-eabi/10.3.1/../../../arm-none-eabi/lib/thumb/v7-m/nofp/libg_nano.a(lib_a-memchr-stub.o)
 .debug_aranges
                0x00000000000010a0       0x20 /usr/lib/gcc/arm-none-eabi/10.3.1/../../../arm-none-eabi/lib/thumb/v7-m/nofp/libg_nano.a(lib_a-memcpy.o)
 .debug_aranges
                0x00000000000010c0       0x20 /usr/lib/gcc/arm-none-eabi/10.3.1/../../../arm-none-eabi/lib/thumb/v7-m/nofp/libg_nano.a(lib_a-nano-freer.o)
 .debug_aranges
                0x00000000000010e0       0x20 /usr/lib/gcc/arm-none-eabi/10.3.1/../../../arm-none-eabi/lib/thumb/v7-m/nofp/libg_nano.a(lib_a-nano-mallocr.o)
 .debug_aranges
                0x0000000000001100       0x20 /usr/lib/gcc/arm-none-eabi/10.3.1/../../../arm-none-eabi/lib/thumb/v7-m/nofp/libg_nano.a(lib_a-nano-reallocr.o)
 .debug_aranges
                0x0000000000001120       0x20 /usr/lib/gcc/arm-none-eabi/10.3.1/../../../arm-none-eabi/lib/thumb/v7-m/nofp/libg_nano.a(lib_a-sbrkr.o)
 .debug_aranges
                0x0000000000001140       0x20 /usr/lib/gcc/arm-none-eabi/10.3.1/../../../arm-none-eabi/lib/thumb/v7-m/nofp/libg_nano.a(lib_a-mlock.o)
 .debug_aranges
                0x0000000000001160       0x20 /usr/lib/gcc/arm-none-eabi/10.3.1/../../../arm-none-eabi/lib/thumb/v7-m/nofp/libg_nano.a(lib_a-nano-msizer.o)
 .debug_aranges
                0x0000000000001180       0x20 /usr/lib/gcc/arm-none-eabi/10.3.1/../../../arm-none-eabi/lib/thumb/v7-m/nofp/libg_nano.a(lib_a-reent.o)

.debug_ranges   0x0000000000000000      0xed8
 .debug_ranges  0x0000000000000000       0x18 cmake/stm32cubemx/CMakeFiles/STM32_Drivers.dir/__/__/Core/Src/system_stm32f1xx.c.obj
 .debug_ranges  0x0000000000000018      0x3c0 cmake/stm32cubemx/CMakeFiles/STM32_Drivers.dir/__/__/Drivers/STM32F1xx_HAL_Driver/Src/stm32f1xx_hal_tim.c.obj
 .debug_ranges  0x00000000000003d8      0x158 cmake/stm32cubemx/CMakeFiles/STM32_Drivers.dir/__/__/Drivers/STM32F1xx_HAL_Driver/Src/stm32f1xx_hal_tim_ex.c.obj
 .debug_ranges  0x0000000000000530       0xd0 cmake/stm32cubemx/CMakeFiles/STM32_Drivers.dir/__/__/Drivers/STM32F1xx_HAL_Driver/Src/stm32f1xx_hal.c.obj
 .debug_ranges  0x0000000000000600       0x80 cmake/stm32cubemx/CMakeFiles/STM32_Drivers.dir/__/__/Drivers/STM32F1xx_HAL_Driver/Src/stm32f1xx_hal_rcc.c.obj
 .debug_ranges  0x0000000000000680       0x48 cmake/stm32cubemx/CMakeFiles/STM32_Drivers.dir/__/__/Drivers/STM32F1xx_HAL_Driver/Src/stm32f1xx_hal_gpio.c.obj
 .debug_ranges  0x00000000000006c8       0xf0 cmake/stm32cubemx/CMakeFiles/STM32_Drivers.dir/__/__/Drivers/STM32F1xx_HAL_Driver/Src/stm32f1xx_hal_cortex.c.obj
 .debug_ranges  0x00000000000007b8       0x78 cmake/stm32cubemx/CMakeFiles/STM32_Drivers.dir/__/__/Drivers/STM32F1xx_HAL_Driver/Src/stm32f1xx_hal_flash.c.obj
 .debug_ranges  0x0000000000000830       0x88 cmake/stm32cubemx/CMakeFiles/STM32_Drivers.dir/__/__/Drivers/STM32F1xx_HAL_Driver/Src/stm32f1xx_hal_flash_ex.c.obj
 .debug_ranges  0x00000000000008b8      0x228 cmake/stm32cubemx/CMakeFiles/STM32_Drivers.dir/__/__/Drivers/STM32F1xx_HAL_Driver/Src/stm32f1xx_hal_uart.c.obj
 .debug_ranges  0x0000000000000ae0       0x20 CMakeFiles/Pusher_Motor.dir/Core/Src/main.c.obj
 .debug_ranges  0x0000000000000b00       0x10 CMakeFiles/Pusher_Motor.dir/Core/Src/gpio.c.obj
 .debug_ranges  0x0000000000000b10       0x28 CMakeFiles/Pusher_Motor.dir/Core/Src/tim.c.obj
 .debug_ranges  0x0000000000000b38       0x20 CMakeFiles/Pusher_Motor.dir/Core/Src/usart.c.obj
 .debug_ranges  0x0000000000000b58       0x58 CMakeFiles/Pusher_Motor.dir/Core/Src/stm32f1xx_it.c.obj
 .debug_ranges  0x0000000000000bb0       0x10 CMakeFiles/Pusher_Motor.dir/Core/Src/stm32f1xx_hal_msp.c.obj
 .debug_ranges  0x0000000000000bc0       0x10 CMakeFiles/Pusher_Motor.dir/Core/Src/sysmem.c.obj
 .debug_ranges  0x0000000000000bd0       0x48 CMakeFiles/Pusher_Motor.dir/Core/Src/pusher_motor.c.obj
 .debug_ranges  0x0000000000000c18       0xa8 CMakeFiles/Pusher_Motor.dir/Core/Src/cli.c.obj
 .debug_ranges  0x0000000000000cc0       0x38 CMakeFiles/Pusher_Motor.dir/Core/Src/flash_storage.c.obj
 .debug_ranges  0x0000000000000cf8       0x20 CMakeFiles/Pusher_Motor.dir/startup_stm32f103xb.s.obj
 .debug_ranges  0x0000000000000d18       0x10 /usr/lib/gcc/arm-none-eabi/10.3.1/../../../arm-none-eabi/lib/thumb/v7-m/nofp/libg_nano.a(lib_a-strlen-stub.o)
 .debug_ranges  0x0000000000000d28       0x68 /usr/lib/gcc/arm-none-eabi/10.3.1/../../../arm-none-eabi/lib/thumb/v7-m/nofp/libg_nano.a(lib_a-strtol.o)
 .debug_ranges  0x0000000000000d90       0x50 /usr/lib/gcc/arm-none-eabi/10.3.1/../../../arm-none-eabi/lib/thumb/v7-m/nofp/libg_nano.a(lib_a-nano-svfprintf.o)
 .debug_ranges  0x0000000000000de0       0xa8 /usr/lib/gcc/arm-none-eabi/10.3.1/../../../arm-none-eabi/lib/thumb/v7-m/nofp/libg_nano.a(lib_a-nano-vfprintf_i.o)
 .debug_ranges  0x0000000000000e88       0x18 /usr/lib/gcc/arm-none-eabi/10.3.1/../../../arm-none-eabi/lib/thumb/v7-m/nofp/libg_nano.a(lib_a-nano-freer.o)
 .debug_ranges  0x0000000000000ea0       0x38 /usr/lib/gcc/arm-none-eabi/10.3.1/../../../arm-none-eabi/lib/thumb/v7-m/nofp/libg_nano.a(lib_a-nano-mallocr.o)

.debug_macro    0x0000000000000000    0x17cf5
 .debug_macro   0x0000000000000000      0x15a cmake/stm32cubemx/CMakeFiles/STM32_Drivers.dir/__/__/Core/Src/system_stm32f1xx.c.obj
 .debug_macro   0x000000000000015a      0xa6c cmake/stm32cubemx/CMakeFiles/STM32_Drivers.dir/__/__/Core/Src/system_stm32f1xx.c.obj
 .debug_macro   0x0000000000000bc6       0x2e cmake/stm32cubemx/CMakeFiles/STM32_Drivers.dir/__/__/Core/Src/system_stm32f1xx.c.obj
 .debug_macro   0x0000000000000bf4       0x22 cmake/stm32cubemx/CMakeFiles/STM32_Drivers.dir/__/__/Core/Src/system_stm32f1xx.c.obj
 .debug_macro   0x0000000000000c16      0x34e cmake/stm32cubemx/CMakeFiles/STM32_Drivers.dir/__/__/Core/Src/system_stm32f1xx.c.obj
 .debug_macro   0x0000000000000f64       0x1c cmake/stm32cubemx/CMakeFiles/STM32_Drivers.dir/__/__/Core/Src/system_stm32f1xx.c.obj
 .debug_macro   0x0000000000000f80       0x22 cmake/stm32cubemx/CMakeFiles/STM32_Drivers.dir/__/__/Core/Src/system_stm32f1xx.c.obj
 .debug_macro   0x0000000000000fa2       0xbd cmake/stm32cubemx/CMakeFiles/STM32_Drivers.dir/__/__/Core/Src/system_stm32f1xx.c.obj
 .debug_macro   0x000000000000105f      0xd23 cmake/stm32cubemx/CMakeFiles/STM32_Drivers.dir/__/__/Core/Src/system_stm32f1xx.c.obj
 .debug_macro   0x0000000000001d82     0xe09e cmake/stm32cubemx/CMakeFiles/STM32_Drivers.dir/__/__/Core/Src/system_stm32f1xx.c.obj
 .debug_macro   0x000000000000fe20       0x6d cmake/stm32cubemx/CMakeFiles/STM32_Drivers.dir/__/__/Core/Src/system_stm32f1xx.c.obj
 .debug_macro   0x000000000000fe8d      0x21b cmake/stm32cubemx/CMakeFiles/STM32_Drivers.dir/__/__/Core/Src/system_stm32f1xx.c.obj
 .debug_macro   0x00000000000100a8     0x34a2 cmake/stm32cubemx/CMakeFiles/STM32_Drivers.dir/__/__/Core/Src/system_stm32f1xx.c.obj
 .debug_macro   0x000000000001354a      0x174 cmake/stm32cubemx/CMakeFiles/STM32_Drivers.dir/__/__/Core/Src/system_stm32f1xx.c.obj
 .debug_macro   0x00000000000136be       0x5c cmake/stm32cubemx/CMakeFiles/STM32_Drivers.dir/__/__/Core/Src/system_stm32f1xx.c.obj
 .debug_macro   0x000000000001371a      0x5bc cmake/stm32cubemx/CMakeFiles/STM32_Drivers.dir/__/__/Core/Src/system_stm32f1xx.c.obj
 .debug_macro   0x0000000000013cd6      0x289 cmake/stm32cubemx/CMakeFiles/STM32_Drivers.dir/__/__/Core/Src/system_stm32f1xx.c.obj
 .debug_macro   0x0000000000013f5f      0x1cb cmake/stm32cubemx/CMakeFiles/STM32_Drivers.dir/__/__/Core/Src/system_stm32f1xx.c.obj
 .debug_macro   0x000000000001412a      0x114 cmake/stm32cubemx/CMakeFiles/STM32_Drivers.dir/__/__/Core/Src/system_stm32f1xx.c.obj
 .debug_macro   0x000000000001423e      0x1b2 cmake/stm32cubemx/CMakeFiles/STM32_Drivers.dir/__/__/Core/Src/system_stm32f1xx.c.obj
 .debug_macro   0x00000000000143f0       0x27 cmake/stm32cubemx/CMakeFiles/STM32_Drivers.dir/__/__/Core/Src/system_stm32f1xx.c.obj
 .debug_macro   0x0000000000014417      0x136 cmake/stm32cubemx/CMakeFiles/STM32_Drivers.dir/__/__/Core/Src/system_stm32f1xx.c.obj
 .debug_macro   0x000000000001454d      0x1bc cmake/stm32cubemx/CMakeFiles/STM32_Drivers.dir/__/__/Core/Src/system_stm32f1xx.c.obj
 .debug_macro   0x0000000000014709       0x34 cmake/stm32cubemx/CMakeFiles/STM32_Drivers.dir/__/__/Core/Src/system_stm32f1xx.c.obj
 .debug_macro   0x000000000001473d       0x3c cmake/stm32cubemx/CMakeFiles/STM32_Drivers.dir/__/__/Core/Src/system_stm32f1xx.c.obj
 .debug_macro   0x0000000000014779       0x57 cmake/stm32cubemx/CMakeFiles/STM32_Drivers.dir/__/__/Core/Src/system_stm32f1xx.c.obj