Archive member included to satisfy reference by file (symbol)

/usr/lib/gcc/arm-none-eabi/10.3.1/thumb/v7-m/nofp/libgcc.a(_arm_mulsf3.o)
                              CMakeFiles/Pusher_Motor.dir/Core/Src/pusher_motor.c.obj (__aeabi_fmul)
/usr/lib/gcc/arm-none-eabi/10.3.1/thumb/v7-m/nofp/libgcc.a(_arm_addsubsf3.o)
                              CMakeFiles/Pusher_Motor.dir/Core/Src/pusher_motor.c.obj (__aeabi_fsub)
/usr/lib/gcc/arm-none-eabi/10.3.1/thumb/v7-m/nofp/libgcc.a(_arm_muldivsf3.o)
                              CMakeFiles/Pusher_Motor.dir/Core/Src/pusher_motor.c.obj (__aeabi_fdiv)
/usr/lib/gcc/arm-none-eabi/10.3.1/thumb/v7-m/nofp/libgcc.a(_arm_cmpsf2.o)
                              CMakeFiles/Pusher_Motor.dir/Core/Src/pusher_motor.c.obj (__aeabi_fcmplt)
/usr/lib/gcc/arm-none-eabi/10.3.1/thumb/v7-m/nofp/libgcc.a(_arm_fixunssfsi.o)
                              CMakeFiles/Pusher_Motor.dir/Core/Src/pusher_motor.c.obj (__aeabi_f2uiz)
/usr/lib/gcc/arm-none-eabi/10.3.1/../../../arm-none-eabi/lib/thumb/v7-m/nofp/libg_nano.a(lib_a-atexit.o)
                              /usr/lib/gcc/arm-none-eabi/10.3.1/../../../arm-none-eabi/lib/thumb/v7-m/nofp/crt0.o (atexit)
/usr/lib/gcc/arm-none-eabi/10.3.1/../../../arm-none-eabi/lib/thumb/v7-m/nofp/libg_nano.a(lib_a-atoi.o)
                              CMakeFiles/Pusher_Motor.dir/Core/Src/cli.c.obj (atoi)
/usr/lib/gcc/arm-none-eabi/10.3.1/../../../arm-none-eabi/lib/thumb/v7-m/nofp/libg_nano.a(lib_a-ctype_.o)
                              CMakeFiles/Pusher_Motor.dir/Core/Src/cli.c.obj (_ctype_)
/usr/lib/gcc/arm-none-eabi/10.3.1/../../../arm-none-eabi/lib/thumb/v7-m/nofp/libg_nano.a(lib_a-errno.o)
                              CMakeFiles/Pusher_Motor.dir/Core/Src/sysmem.c.obj (__errno)
/usr/lib/gcc/arm-none-eabi/10.3.1/../../../arm-none-eabi/lib/thumb/v7-m/nofp/libg_nano.a(lib_a-exit.o)
                              /usr/lib/gcc/arm-none-eabi/10.3.1/../../../arm-none-eabi/lib/thumb/v7-m/nofp/crt0.o (exit)
/usr/lib/gcc/arm-none-eabi/10.3.1/../../../arm-none-eabi/lib/thumb/v7-m/nofp/libg_nano.a(lib_a-fini.o)
                              /usr/lib/gcc/arm-none-eabi/10.3.1/../../../arm-none-eabi/lib/thumb/v7-m/nofp/crt0.o (__libc_fini_array)
/usr/lib/gcc/arm-none-eabi/10.3.1/../../../arm-none-eabi/lib/thumb/v7-m/nofp/libg_nano.a(lib_a-impure.o)
                              /usr/lib/gcc/arm-none-eabi/10.3.1/../../../arm-none-eabi/lib/thumb/v7-m/nofp/libg_nano.a(lib_a-exit.o) (_global_impure_ptr)
/usr/lib/gcc/arm-none-eabi/10.3.1/../../../arm-none-eabi/lib/thumb/v7-m/nofp/libg_nano.a(lib_a-init.o)
                              /usr/lib/gcc/arm-none-eabi/10.3.1/../../../arm-none-eabi/lib/thumb/v7-m/nofp/crt0.o (__libc_init_array)
/usr/lib/gcc/arm-none-eabi/10.3.1/../../../arm-none-eabi/lib/thumb/v7-m/nofp/libg_nano.a(lib_a-memmove.o)
                              CMakeFiles/Pusher_Motor.dir/Core/Src/cli.c.obj (memmove)
/usr/lib/gcc/arm-none-eabi/10.3.1/../../../arm-none-eabi/lib/thumb/v7-m/nofp/libg_nano.a(lib_a-memset.o)
                              /usr/lib/gcc/arm-none-eabi/10.3.1/../../../arm-none-eabi/lib/thumb/v7-m/nofp/crt0.o (memset)
/usr/lib/gcc/arm-none-eabi/10.3.1/../../../arm-none-eabi/lib/thumb/v7-m/nofp/libg_nano.a(lib_a-snprintf.o)
                              CMakeFiles/Pusher_Motor.dir/Core/Src/cli.c.obj (snprintf)
/usr/lib/gcc/arm-none-eabi/10.3.1/../../../arm-none-eabi/lib/thumb/v7-m/nofp/libg_nano.a(lib_a-strchr.o)
                              CMakeFiles/Pusher_Motor.dir/Core/Src/cli.c.obj (strchr)
/usr/lib/gcc/arm-none-eabi/10.3.1/../../../arm-none-eabi/lib/thumb/v7-m/nofp/libg_nano.a(lib_a-strcmp.o)
                              CMakeFiles/Pusher_Motor.dir/Core/Src/cli.c.obj (strcmp)
/usr/lib/gcc/arm-none-eabi/10.3.1/../../../arm-none-eabi/lib/thumb/v7-m/nofp/libg_nano.a(lib_a-strlen-stub.o)
                              CMakeFiles/Pusher_Motor.dir/Core/Src/cli.c.obj (strlen)
/usr/lib/gcc/arm-none-eabi/10.3.1/../../../arm-none-eabi/lib/thumb/v7-m/nofp/libg_nano.a(lib_a-strncpy.o)
                              CMakeFiles/Pusher_Motor.dir/Core/Src/cli.c.obj (strncpy)
/usr/lib/gcc/arm-none-eabi/10.3.1/../../../arm-none-eabi/lib/thumb/v7-m/nofp/libg_nano.a(lib_a-strtol.o)
                              /usr/lib/gcc/arm-none-eabi/10.3.1/../../../arm-none-eabi/lib/thumb/v7-m/nofp/libg_nano.a(lib_a-atoi.o) (_strtol_r)
/usr/lib/gcc/arm-none-eabi/10.3.1/../../../arm-none-eabi/lib/thumb/v7-m/nofp/libg_nano.a(lib_a-__atexit.o)
                              /usr/lib/gcc/arm-none-eabi/10.3.1/../../../arm-none-eabi/lib/thumb/v7-m/nofp/libg_nano.a(lib_a-atexit.o) (__register_exitproc)
/usr/lib/gcc/arm-none-eabi/10.3.1/../../../arm-none-eabi/lib/thumb/v7-m/nofp/libg_nano.a(lib_a-__call_atexit.o)
                              /usr/lib/gcc/arm-none-eabi/10.3.1/../../../arm-none-eabi/lib/thumb/v7-m/nofp/libg_nano.a(lib_a-__atexit.o) (__call_exitprocs)
/usr/lib/gcc/arm-none-eabi/10.3.1/../../../arm-none-eabi/lib/thumb/v7-m/nofp/libg_nano.a(lib_a-nano-svfprintf.o)
[...]
Memory Configuration

Name             Origin             Length             Attributes
RAM              0x0000000020000000 0x0000000000005000 xrw
FLASH            0x0000000008000000 0x0000000000010000 xr
*default*        0x0000000000000000 0xffffffffffffffff

Linker script and memory map

LOAD /usr/lib/gcc/arm-none-eabi/10.3.1/thumb/v7-m/nofp/crti.o
LOAD /usr/lib/gcc/arm-none-eabi/10.3.1/thumb/v7-m/nofp/crtbegin.o
LOAD /usr/lib/gcc/arm-none-eabi/10.3.1/../../../arm-none-eabi/lib/thumb/v7-m/nofp/crt0.o
LOAD CMakeFiles/Pusher_Motor.dir/Core/Src/main.c.obj
LOAD CMakeFiles/Pusher_Motor.dir/Core/Src/gpio.c.obj
LOAD CMakeFiles/Pusher_Motor.dir/Core/Src/tim.c.obj
LOAD CMakeFiles/Pusher_Motor.dir/Core/Src/usart.c.obj
LOAD CMakeFiles/Pusher_Motor.dir/Core/Src/stm32f1xx_it.c.obj
LOAD CMakeFiles/Pusher_Motor.dir/Core/Src/stm32f1xx_hal_msp.c.obj
LOAD CMakeFiles/Pusher_Motor.dir/Core/Src/sysmem.c.obj
LOAD CMakeFiles/Pusher_Motor.dir/Core/Src/syscalls.c.obj
LOAD CMakeFiles/Pusher_Motor.dir/Core/Src/pusher_motor.c.obj
LOAD CMakeFiles/Pusher_Motor.dir/Core/Src/cli.c.obj
LOAD CMakeFiles/Pusher_Motor.dir/Core/Src/flash_storage.c.obj
LOAD CMakeFiles/Pusher_Motor.dir/Core/Src/params_manager.c.obj
LOAD CMakeFiles/Pusher_Motor.dir/startup_stm32f103xb.s.obj
LOAD cmake/stm32cubemx/CMakeFiles/STM32_Drivers.dir/__/__/Core/Src/system_stm32f1xx.c.obj
LOAD cmake/stm32cubemx/CMakeFiles/STM32_Drivers.dir/__/__/Drivers/STM32F1xx_HAL_Driver/Src/stm32f1xx_hal_gpio_ex.c.obj
LOAD cmake/stm32cubemx/CMakeFiles/STM32_Drivers.dir/__/__/Drivers/STM32F1xx_HAL_Driver/Src/stm32f1xx_hal_tim.c.obj
LOAD cmake/stm32cubemx/CMakeFiles/STM32_Drivers.dir/__/__/Drivers/STM32F1xx_HAL_Driver/Src/stm32f1xx_hal_tim_ex.c.obj
LOAD cmake/stm32cubemx/CMakeFiles/STM32_Drivers.dir/__/__/Drivers/STM32F1xx_HAL_Driver/Src/stm32f1xx_hal.c.obj
LOAD cmake/stm32cubemx/CMakeFiles/STM32_Drivers.dir/__/__/Drivers/STM32F1xx_HAL_Driver/Src/stm32f1xx_hal_rcc.c.obj
LOAD cmake/stm32cubemx/CMakeFiles/STM32_Drivers.dir/__/__/Drivers/STM32F1xx_HAL_Driver/Src/stm32f1xx_hal_rcc_ex.c.obj
LOAD cmake/stm32cubemx/CMakeFiles/STM32_Drivers.dir/__/__/Drivers/STM32F1xx_HAL_Driver/Src/stm32f1xx_hal_gpio.c.obj
LOAD cmake/stm32cubemx/CMakeFiles/STM32_Drivers.dir/__/__/Drivers/STM32F1xx_HAL_Driver/Src/stm32f1xx_hal_dma.c.obj
LOAD cmake/stm32cubemx/CMakeFiles/STM32_Drivers.dir/__/__/Drivers/STM32F1xx_HAL_Driver/Src/stm32f1xx_hal_cortex.c.obj
LOAD cmake/stm32cubemx/CMakeFiles/STM32_Drivers.dir/__/__/Drivers/STM32F1xx_HAL_Driver/Src/stm32f1xx_hal_pwr.c.obj
LOAD cmake/stm32cubemx/CMakeFiles/STM32_Drivers.dir/__/__/Drivers/STM32F1xx_HAL_Driver/Src/stm32f1xx_hal_flash.c.obj
LOAD cmake/stm32cubemx/CMakeFiles/STM32_Drivers.dir/__/__/Drivers/STM32F1xx_HAL_Driver/Src/stm32f1xx_hal_flash_ex.c.obj
LOAD cmake/stm32cubemx/CMakeFiles/STM32_Drivers.dir/__/__/Drivers/STM32F1xx_HAL_Driver/Src/stm32f1xx_hal_exti.c.obj
LOAD cmake/stm32cubemx/CMakeFiles/STM32_Drivers.dir/__/__/Drivers/STM32F1xx_HAL_Driver/Src/stm32f1xx_hal_uart.c.obj
LOAD /usr/lib/gcc/arm-none-eabi/10.3.1/../../../arm-none-eabi/lib/thumb/v7-m/nofp/libm.a
START GROUP
LOAD /usr/lib/gcc/arm-none-eabi/10.3.1/thumb/v7-m/nofp/libgcc.a
LOAD /usr/lib/gcc/arm-none-eabi/10.3.1/../../../arm-none-eabi/lib/thumb/v7-m/nofp/libg_nano.a
LOAD /usr/lib/gcc/arm-none-eabi/10.3.1/../../../arm-none-eabi/lib/thumb/v7-m/nofp/libc_nano.a
END GROUP
START GROUP
LOAD /usr/lib/gcc/arm-none-eabi/10.3.1/thumb/v7-m/nofp/libgcc.a
LOAD /usr/lib/gcc/arm-none-eabi/10.3.1/../../../arm-none-eabi/lib/thumb/v7-m/nofp/libc_nano.a
END GROUP
LOAD /usr/lib/gcc/arm-none-eabi/10.3.1/thumb/v7-m/nofp/crtend.o
LOAD /usr/lib/gcc/arm-none-eabi/10.3.1/thumb/v7-m/nofp/crtn.o
                0x0000000020005000                _estack = (ORIGIN (RAM) + LENGTH (RAM))
                0x0000000000000200                _Min_Heap_Size = 0x200
                0x0000000000000400                _Min_Stack_Size = 0x400

.isr_vector     0x0000000008000000      0x10c
                0x0000000008000000                . = ALIGN (0x4)
 *(.isr_vector)
 .isr_vector    0x0000000008000000      0x10c CMakeFiles/Pusher_Motor.dir/startup_stm32f103xb.s.obj
                0x0000000008000000                g_pfnVectors
                0x000000000800010c                . = ALIGN (0x4)

.text           0x000000000800010c     0x590c
                0x000000000800010c                . = ALIGN (0x4)
 *(.text)
 .text          0x000000000800010c       0x88 /usr/lib/gcc/arm-none-eabi/10.3.1/thumb/v7-m/nofp/crtbegin.o
 .text          0x0000000008000194      0x21c /usr/lib/gcc/arm-none-eabi/10.3.1/thumb/v7-m/nofp/libgcc.a(_arm_addsubsf3.o)
                0x0000000008000194                __aeabi_frsub
                0x000000000800019c                __subsf3
                0x000000000800019c                __aeabi_fsub
                0x00000000080001a0                __aeabi_fadd
                0x00000000080001a0                __addsf3
                0x0000000008000300                __aeabi_ui2f
                0x0000000008000300                __floatunsisf
                0x0000000008000308                __aeabi_i2f
                0x0000000008000308                __floatsisf
                0x0000000008000324                __floatundisf
                0x0000000008000324                __aeabi_ul2f
                0x0000000008000334                __floatdisf
                0x0000000008000334                __aeabi_l2f
 .text          0x00000000080003b0      0x2a0 /usr/lib/gcc/arm-none-eabi/10.3.1/thumb/v7-m/nofp/libgcc.a(_arm_muldivsf3.o)
                0x00000000080003b0                __mulsf3
                0x00000000080003b0                __aeabi_fmul
                0x0000000008000518                __divsf3
                0x0000000008000518                __aeabi_fdiv
 .text          0x0000000008000650       0xec /usr/lib/gcc/arm-none-eabi/10.3.1/thumb/v7-m/nofp/libgcc.a(_arm_cmpsf2.o)
                0x0000000008000650                __gtsf2
                0x0000000008000650                __gesf2
                0x0000000008000658                __lesf2
                0x0000000008000658                __ltsf2
                0x0000000008000660                __nesf2
                0x0000000008000660                __eqsf2
                0x0000000008000660                __cmpsf2
                0x00000000080006c0                __aeabi_cfrcmple
                0x00000000080006c8                __aeabi_cfcmple
                0x00000000080006c8                __aeabi_cfcmpeq
                0x00000000080006d8                __aeabi_fcmpeq
                0x00000000080006ec                __aeabi_fcmplt
                0x0000000008000700                __aeabi_fcmple
                0x0000000008000714                __aeabi_fcmpge
                0x0000000008000728                __aeabi_fcmpgt
 .text          0x000000000800073c       0x40 /usr/lib/gcc/arm-none-eabi/10.3.1/thumb/v7-m/nofp/libgcc.a(_arm_fixunssfsi.o)
                0x000000000800073c                __aeabi_f2uiz
                0x000000000800073c                __fixunssfsi
 .text          0x000000000800077c       0x10 /usr/lib/gcc/arm-none-eabi/10.3.1/../../../arm-none-eabi/lib/thumb/v7-m/nofp/libg_nano.a(lib_a-atoi.o)
                0x000000000800077c                atoi
                0x0000000008000784                _atoi_r
 .text          0x000000000800078c        0xc /usr/lib/gcc/arm-none-eabi/10.3.1/../../../arm-none-eabi/lib/thumb/v7-m/nofp/libg_nano.a(lib_a-errno.o)
                0x000000000800078c                __errno
 .text          0x0000000008000798       0x48 /usr/lib/gcc/arm-none-eabi/10.3.1/../../../arm-none-eabi/lib/thumb/v7-m/nofp/libg_nano.a(lib_a-init.o)
                0x0000000008000798                __libc_init_array
 .text          0x00000000080007e0       0xf8 /usr/lib/gcc/arm-none-eabi/10.3.1/../../../arm-none-eabi/lib/thumb/v7-m/nofp/libg_nano.a(lib_a-memmove.o)
                0x00000000080007e0                memmove
 .text          0x00000000080008d8       0xa4 /usr/lib/gcc/arm-none-eabi/10.3.1/../../../arm-none-eabi/lib/thumb/v7-m/nofp/libg_nano.a(lib_a-memset.o)
                0x00000000080008d8                memset
 .text          0x000000000800097c      0x100 /usr/lib/gcc/arm-none-eabi/10.3.1/../../../arm-none-eabi/lib/thumb/v7-m/nofp/libg_nano.a(lib_a-snprintf.o)
                0x000000000800097c                _sniprintf_r
                0x000000000800097c                _snprintf_r
                0x00000000080009f8                snprintf
                0x00000000080009f8                sniprintf
 .text          0x0000000008000a7c       0xcc /usr/lib/gcc/arm-none-eabi/10.3.1/../../../arm-none-eabi/lib/thumb/v7-m/nofp/libg_nano.a(lib_a-strchr.o)
                0x0000000008000a7c                strchr
 .text          0x0000000008000b48      0x1bc /usr/lib/gcc/arm-none-eabi/10.3.1/../../../arm-none-eabi/lib/thumb/v7-m/nofp/libg_nano.a(lib_a-strcmp.o)
                0x0000000008000b48                strcmp
 .text          0x0000000008000d04       0x5c /usr/lib/gcc/arm-none-eabi/10.3.1/../../../arm-none-eabi/lib/thumb/v7-m/nofp/libg_nano.a(lib_a-strlen-stub.o)
                0x0000000008000d04                strlen
 .text          0x0000000008000d60       0x68 /usr/lib/gcc/arm-none-eabi/10.3.1/../../../arm-none-eabi/lib/thumb/v7-m/nofp/libg_nano.a(lib_a-strncpy.o)
                0x0000000008000d60                strncpy
 .text          0x0000000008000dc8      0x190 /usr/lib/gcc/arm-none-eabi/10.3.1/../../../arm-none-eabi/lib/thumb/v7-m/nofp/libg_nano.a(lib_a-strtol.o)
                0x0000000008000ee8                _strtol_r
                0x0000000008000f00                strtol_l
                0x0000000008000f2c                strtol
 .text          0x0000000008000f58      0x3f4 /usr/lib/gcc/arm-none-eabi/10.3.1/../../../arm-none-eabi/lib/thumb/v7-m/nofp/libg_nano.a(lib_a-nano-svfprintf.o)
                0x0000000008000f58                __ssputs_r
                0x000000000800101c                __ssprint_r
                0x0000000008001118                _svfprintf_r
                0x0000000008001118                _svfiprintf_r
 .text          0x000000000800134c      0x3d8 /usr/lib/gcc/arm-none-eabi/10.3.1/../../../arm-none-eabi/lib/thumb/v7-m/nofp/libg_nano.a(lib_a-nano-vfprintf_i.o)
                0x000000000800134c                _printf_common
                0x0000000008001478                _printf_i
 .text          0x0000000008001724       0x90 /usr/lib/gcc/arm-none-eabi/10.3.1/../../../arm-none-eabi/lib/thumb/v7-m/nofp/libg_nano.a(lib_a-memchr-stub.o)
                0x0000000008001724                memchr
 .text          0x00000000080017b4       0xec /usr/lib/gcc/arm-none-eabi/10.3.1/../../../arm-none-eabi/lib/thumb/v7-m/nofp/libg_nano.a(lib_a-memcpy.o)
                0x00000000080017b4                memcpy
 .text          0x00000000080018a0       0xcc /usr/lib/gcc/arm-none-eabi/10.3.1/../../../arm-none-eabi/lib/thumb/v7-m/nofp/libg_nano.a(lib_a-nano-freer.o)
                0x00000000080018a0                _free_r
 .text          0x000000000800196c       0xb8 /usr/lib/gcc/arm-none-eabi/10.3.1/../../../arm-none-eabi/lib/thumb/v7-m/nofp/libg_nano.a(lib_a-nano-mallocr.o)
                0x000000000800196c                _malloc_r
 .text          0x0000000008001a24       0x50 /usr/lib/gcc/arm-none-eabi/10.3.1/../../../arm-none-eabi/lib/thumb/v7-m/nofp/libg_nano.a(lib_a-nano-reallocr.o)
                0x0000000008001a24                _realloc_r
 .text          0x0000000008001a74       0x24 /usr/lib/gcc/arm-none-eabi/10.3.1/../../../arm-none-eabi/lib/thumb/v7-m/nofp/libg_nano.a(lib_a-sbrkr.o)
                0x0000000008001a74                _sbrk_r
 .text          0x0000000008001a98        0x8 /usr/lib/gcc/arm-none-eabi/10.3.1/../../../arm-none-eabi/lib/thumb/v7-m/nofp/libg_nano.a(lib_a-mlock.o)
                0x0000000008001a98                __malloc_lock
                0x0000000008001a9c                __malloc_unlock
 .text          0x0000000008001aa0       0x14 /usr/lib/gcc/arm-none-eabi/10.3.1/../../../arm-none-eabi/lib/thumb/v7-m/nofp/libg_nano.a(lib_a-nano-msizer.o)
                0x0000000008001aa0                _malloc_usable_size_r
 *(.text*)
 .text.main     0x0000000008001ab4       0x30 CMakeFiles/Pusher_Motor.dir/Core/Src/main.c.obj
                0x0000000008001ab4                main
 .text.SystemClock_Config
                0x0000000008001ae4       0x8a CMakeFiles/Pusher_Motor.dir/Core/Src/main.c.obj
                0x0000000008001ae4                SystemClock_Config
 .text.Error_Handler
                0x0000000008001b6e        0xa CMakeFiles/Pusher_Motor.dir/Core/Src/main.c.obj
                0x0000000008001b6e                Error_Handler
 .text.MX_GPIO_Init
                0x0000000008001b78       0xe4 CMakeFiles/Pusher_Motor.dir/Core/Src/gpio.c.obj
                0x0000000008001b78                MX_GPIO_Init
 .text.MX_TIM4_Init
                0x0000000008001c5c       0xb4 CMakeFiles/Pusher_Motor.dir/Core/Src/tim.c.obj
                0x0000000008001c5c                MX_TIM4_Init
 .text.HAL_TIM_PWM_MspInit
                0x0000000008001d10       0x3c CMakeFiles/Pusher_Motor.dir/Core/Src/tim.c.obj
                0x0000000008001d10                HAL_TIM_PWM_MspInit
 .text.HAL_TIM_MspPostInit
                0x0000000008001d4c       0x68 CMakeFiles/Pusher_Motor.dir/Core/Src/tim.c.obj
                0x0000000008001d4c                HAL_TIM_MspPostInit
 .text.MX_USART1_UART_Init
                0x0000000008001db4       0x54 CMakeFiles/Pusher_Motor.dir/Core/Src/usart.c.obj
                0x0000000008001db4                MX_USART1_UART_Init
 .text.HAL_UART_MspInit
                0x0000000008001e08       0x98 CMakeFiles/Pusher_Motor.dir/Core/Src/usart.c.obj
                0x0000000008001e08                HAL_UART_MspInit
 .text.NMI_Handler
                0x0000000008001ea0        0x6 CMakeFiles/Pusher_Motor.dir/Core/Src/stm32f1xx_it.c.obj
                0x0000000008001ea0                NMI_Handler
 .text.HardFault_Handler
                0x0000000008001ea6        0x6 CMakeFiles/Pusher_Motor.dir/Core/Src/stm32f1xx_it.c.obj
                0x0000000008001ea6                HardFault_Handler
 .text.MemManage_Handler
                0x0000000008001eac        0x6 CMakeFiles/Pusher_Motor.dir/Core/Src/stm32f1xx_it.c.obj
                0x0000000008001eac                MemManage_Handler
 .text.BusFault_Handler
                0x0000000008001eb2        0x6 CMakeFiles/Pusher_Motor.dir/Core/Src/stm32f1xx_it.c.obj
                0x0000000008001eb2                BusFault_Handler
 .text.UsageFault_Handler
                0x0000000008001eb8        0x6 CMakeFiles/Pusher_Motor.dir/Core/Src/stm32f1xx_it.c.obj
                0x0000000008001eb8                UsageFault_Handler
 .text.SVC_Handler
                0x0000000008001ebe        0xc CMakeFiles/Pusher_Motor.dir/Core/Src/stm32f1xx_it.c.obj
                0x0000000008001ebe                SVC_Handler
 .text.DebugMon_Handler
                0x0000000008001eca        0xc CMakeFiles/Pusher_Motor.dir/Core/Src/stm32f1xx_it.c.obj
                0x0000000008001eca                DebugMon_Handler
 .text.PendSV_Handler
                0x0000000008001ed6        0xc CMakeFiles/Pusher_Motor.dir/Core/Src/stm32f1xx_it.c.obj
                0x0000000008001ed6                PendSV_Handler
 .text.SysTick_Handler
                0x0000000008001ee2        0xc CMakeFiles/Pusher_Motor.dir/Core/Src/stm32f1xx_it.c.obj
                0x0000000008001ee2                SysTick_Handler
 *fill*         0x0000000008001eee        0x2 
 .text.EXTI9_5_IRQHandler
                0x0000000008001ef0       0x24 CMakeFiles/Pusher_Motor.dir/Core/Src/stm32f1xx_it.c.obj
                0x0000000008001ef0                EXTI9_5_IRQHandler
 .text.HAL_MspInit
                0x0000000008001f14       0x64 CMakeFiles/Pusher_Motor.dir/Core/Src/stm32f1xx_hal_msp.c.obj
                0x0000000008001f14                HAL_MspInit
 .text._sbrk    0x0000000008001f78       0x6c CMakeFiles/Pusher_Motor.dir/Core/Src/sysmem.c.obj
                0x0000000008001f78                _sbrk
 .text.pusher_motor_init
                0x0000000008001fe4       0x58 CMakeFiles/Pusher_Motor.dir/Core/Src/pusher_motor.c.obj
                0x0000000008001fe4                pusher_motor_init
 .text.pusher_motor_start
                0x000000000800203c       0x18 CMakeFiles/Pusher_Motor.dir/Core/Src/pusher_motor.c.obj
                0x000000000800203c                pusher_motor_start
 .text.pusher_motor_loop
                0x0000000008002054       0xdc CMakeFiles/Pusher_Motor.dir/Core/Src/pusher_motor.c.obj
                0x0000000008002054                pusher_motor_loop
 .text.pusher_motor_calculate_duty_from_speed
                0x0000000008002130       0xbc CMakeFiles/Pusher_Motor.dir/Core/Src/pusher_motor.c.obj
                0x0000000008002130                pusher_motor_calculate_duty_from_speed
 .text.pusher_motor_set_max_speed
                0x00000000080021ec       0x26 CMakeFiles/Pusher_Motor.dir/Core/Src/pusher_motor.c.obj
                0x00000000080021ec                pusher_motor_set_max_speed
 .text.pusher_motor_set_speed
                0x0000000008002212       0x2e CMakeFiles/Pusher_Motor.dir/Core/Src/pusher_motor.c.obj
                0x0000000008002212                pusher_motor_set_speed
 .text.pusher_motor_calculate_speed_from_duty
                0x0000000008002240       0x84 CMakeFiles/Pusher_Motor.dir/Core/Src/pusher_motor.c.obj
                0x0000000008002240                pusher_motor_calculate_speed_from_duty
 .text.pusher_motor_set_direction_time
                0x00000000080022c4       0x26 CMakeFiles/Pusher_Motor.dir/Core/Src/pusher_motor.c.obj
                0x00000000080022c4                pusher_motor_set_direction_time
 .text.pusher_motor_set_wait_time
                0x00000000080022ea       0x26 CMakeFiles/Pusher_Motor.dir/Core/Src/pusher_motor.c.obj
                0x00000000080022ea                pusher_motor_set_wait_time
 .text.pusher_motor_set_pwm_duty
                0x0000000008002310       0x26 CMakeFiles/Pusher_Motor.dir/Core/Src/pusher_motor.c.obj
                0x0000000008002310                pusher_motor_set_pwm_duty
 *fill*         0x0000000008002336        0x2 
 .text.pusher_motor_set_motor_mp_a_dir
                0x0000000008002338       0x3c CMakeFiles/Pusher_Motor.dir/Core/Src/pusher_motor.c.obj
                0x0000000008002338                pusher_motor_set_motor_mp_a_dir
 .text.pusher_motor_set_motor_mp_b_dir
                0x0000000008002374       0x38 CMakeFiles/Pusher_Motor.dir/Core/Src/pusher_motor.c.obj
                0x0000000008002374                pusher_motor_set_motor_mp_b_dir
 .text.pusher_motor_get_direction_time
                0x00000000080023ac        0xe CMakeFiles/Pusher_Motor.dir/Core/Src/pusher_motor.c.obj
                0x00000000080023ac                pusher_motor_get_direction_time
 .text.pusher_motor_get_wait_time
                0x00000000080023ba        0xe CMakeFiles/Pusher_Motor.dir/Core/Src/pusher_motor.c.obj
                0x00000000080023ba                pusher_motor_get_wait_time
 .text.pusher_motor_get_pwm_duty
                0x00000000080023c8        0xe CMakeFiles/Pusher_Motor.dir/Core/Src/pusher_motor.c.obj
                0x00000000080023c8                pusher_motor_get_pwm_duty
 .text.pusher_motor_get_max_speed
                0x00000000080023d6        0xe CMakeFiles/Pusher_Motor.dir/Core/Src/pusher_motor.c.obj
                0x00000000080023d6                pusher_motor_get_max_speed
 .text.pusher_motor_get_motor_mp_a_dir
                0x00000000080023e4        0xe CMakeFiles/Pusher_Motor.dir/Core/Src/pusher_motor.c.obj
                0x00000000080023e4                pusher_motor_get_motor_mp_a_dir
 .text.pusher_motor_get_motor_mp_b_dir
                0x00000000080023f2        0xe CMakeFiles/Pusher_Motor.dir/Core/Src/pusher_motor.c.obj
                0x00000000080023f2                pusher_motor_get_motor_mp_b_dir
 .text.rx_buf_write
                0x0000000008002400       0x58 CMakeFiles/Pusher_Motor.dir/Core/Src/cli.c.obj
 .text.rx_buf_read
                0x0000000008002458       0x60 CMakeFiles/Pusher_Motor.dir/Core/Src/cli.c.obj
 .text.tx_buf_write
                0x00000000080024b8       0x54 CMakeFiles/Pusher_Motor.dir/Core/Src/cli.c.obj
 .text.tx_buf_read
                0x000000000800250c       0x5c CMakeFiles/Pusher_Motor.dir/Core/Src/cli.c.obj
 .text.cli_putchar
                0x0000000008002568       0x1a CMakeFiles/Pusher_Motor.dir/Core/Src/cli.c.obj
 .text.cli_puts
                0x0000000008002582       0x30 CMakeFiles/Pusher_Motor.dir/Core/Src/cli.c.obj
 *fill*         0x00000000080025b2        0x2 
 .text.cli_process_tx
                0x00000000080025b4       0x48 CMakeFiles/Pusher_Motor.dir/Core/Src/cli.c.obj
 .text.cli_init
                0x00000000080025fc       0xb8 CMakeFiles/Pusher_Motor.dir/Core/Src/cli.c.obj
                0x00000000080025fc                cli_init
 .text.cli_send_string
                0x00000000080026b4       0x40 CMakeFiles/Pusher_Motor.dir/Core/Src/cli.c.obj
                0x00000000080026b4                cli_send_string
 .text.trim_string
                0x00000000080026f4       0xa4 CMakeFiles/Pusher_Motor.dir/Core/Src/cli.c.obj
 .text.parse_command
                0x0000000008002798      0x39c CMakeFiles/Pusher_Motor.dir/Core/Src/cli.c.obj
 .text.cli_execute_command
                0x0000000008002b34      0x710 CMakeFiles/Pusher_Motor.dir/Core/Src/cli.c.obj
                0x0000000008002b34                cli_execute_command
 .text.cli_uart_readable
                0x0000000008003244       0x34 CMakeFiles/Pusher_Motor.dir/Core/Src/cli.c.obj
 .text.cli_uart_read
                0x0000000008003278       0x28 CMakeFiles/Pusher_Motor.dir/Core/Src/cli.c.obj
 .text.cli_receive_data
                0x00000000080032a0       0x2c CMakeFiles/Pusher_Motor.dir/Core/Src/cli.c.obj
 .text.cli_echo
                0x00000000080032cc       0x58 CMakeFiles/Pusher_Motor.dir/Core/Src/cli.c.obj
 .text.handle_backspace
                0x0000000008003324       0x38 CMakeFiles/Pusher_Motor.dir/Core/Src/cli.c.obj
 .text.process_input_line
                0x000000000800335c       0x9c CMakeFiles/Pusher_Motor.dir/Core/Src/cli.c.obj
 .text.cli_process
                0x00000000080033f8       0xd8 CMakeFiles/Pusher_Motor.dir/Core/Src/cli.c.obj
                0x00000000080033f8                cli_process
 .text.CalculateChecksum
                0x00000000080034d0       0x34 CMakeFiles/Pusher_Motor.dir/Core/Src/flash_storage.c.obj
 .text.FlashStorage_Read
                0x0000000008003504       0x68 CMakeFiles/Pusher_Motor.dir/Core/Src/flash_storage.c.obj
                0x0000000008003504                FlashStorage_Read
 .text.FlashStorage_Write
                0x000000000800356c      0x1ac CMakeFiles/Pusher_Motor.dir/Core/Src/flash_storage.c.obj
                0x000000000800356c                FlashStorage_Write
 .text.FlashStorage_IsValid
                0x0000000008003718       0xdc CMakeFiles/Pusher_Motor.dir/Core/Src/flash_storage.c.obj
                0x0000000008003718                FlashStorage_IsValid
 .text.params_manager_init
                0x00000000080037f4        0xe CMakeFiles/Pusher_Motor.dir/Core/Src/params_manager.c.obj
                0x00000000080037f4                params_manager_init
 *fill*         0x0000000008003802        0x2 
 .text.params_manager_set_direction_time
                0x0000000008003804       0x34 CMakeFiles/Pusher_Motor.dir/Core/Src/params_manager.c.obj
                0x0000000008003804                params_manager_set_direction_time
 .text.params_manager_get_direction_time
                0x0000000008003838       0x14 CMakeFiles/Pusher_Motor.dir/Core/Src/params_manager.c.obj
                0x0000000008003838                params_manager_get_direction_time
 .text.params_manager_set_pwm_duty
                0x000000000800384c       0x2c CMakeFiles/Pusher_Motor.dir/Core/Src/params_manager.c.obj
                0x000000000800384c                params_manager_set_pwm_duty
 .text.params_manager_get_pwm_duty
                0x0000000008003878       0x14 CMakeFiles/Pusher_Motor.dir/Core/Src/params_manager.c.obj
                0x0000000008003878                params_manager_get_pwm_duty
 .text.params_manager_set_wait_time
                0x000000000800388c       0x2c CMakeFiles/Pusher_Motor.dir/Core/Src/params_manager.c.obj
                0x000000000800388c                params_manager_set_wait_time
 .text.params_manager_get_wait_time
                0x00000000080038b8       0x14 CMakeFiles/Pusher_Motor.dir/Core/Src/params_manager.c.obj
                0x00000000080038b8                params_manager_get_wait_time
 .text.params_manager_set_max_speed
                0x00000000080038cc       0x34 CMakeFiles/Pusher_Motor.dir/Core/Src/params_manager.c.obj
                0x00000000080038cc                params_manager_set_max_speed
 .text.params_manager_get_max_speed
                0x0000000008003900       0x14 CMakeFiles/Pusher_Motor.dir/Core/Src/params_manager.c.obj
                0x0000000008003900                params_manager_get_max_speed
 .text.params_manager_set_motor_mp_a_dir
                0x0000000008003914       0x30 CMakeFiles/Pusher_Motor.dir/Core/Src/params_manager.c.obj
                0x0000000008003914                params_manager_set_motor_mp_a_dir
 .text.params_manager_get_motor_mp_a_dir
                0x0000000008003944       0x14 CMakeFiles/Pusher_Motor.dir/Core/Src/params_manager.c.obj
                0x0000000008003944                params_manager_get_motor_mp_a_dir
 .text.params_manager_set_motor_mp_b_dir
                0x0000000008003958       0x30 CMakeFiles/Pusher_Motor.dir/Core/Src/params_manager.c.obj
                0x0000000008003958                params_manager_set_motor_mp_b_dir
 .text.params_manager_get_motor_mp_b_dir
                0x0000000008003988       0x14 CMakeFiles/Pusher_Motor.dir/Core/Src/params_manager.c.obj
                0x0000000008003988                params_manager_get_motor_mp_b_dir
 .text.params_manager_save
                0x000000000800399c       0x40 CMakeFiles/Pusher_Motor.dir/Core/Src/params_manager.c.obj
                0x000000000800399c                params_manager_save
 .text.params_manager_load
                0x00000000080039dc       0x84 CMakeFiles/Pusher_Motor.dir/Core/Src/params_manager.c.obj
                0x00000000080039dc                params_manager_load
 .text.Reset_Handler
                0x0000000008003a60       0x48 CMakeFiles/Pusher_Motor.dir/startup_stm32f103xb.s.obj
                0x0000000008003a60                Reset_Handler
 .text.Default_Handler
                0x0000000008003aa8        0x2 CMakeFiles/Pusher_Motor.dir/startup_stm32f103xb.s.obj
                0x0000000008003aa8                RTC_Alarm_IRQHandler
                0x0000000008003aa8                EXTI2_IRQHandler
                0x0000000008003aa8                TIM1_CC_IRQHandler
                0x0000000008003aa8                PVD_IRQHandler
                0x0000000008003aa8                EXTI3_IRQHandler
                0x0000000008003aa8                EXTI0_IRQHandler
                0x0000000008003aa8                I2C2_EV_IRQHandler
                0x0000000008003aa8                ADC1_2_IRQHandler
                0x0000000008003aa8                SPI1_IRQHandler
                0x0000000008003aa8                TAMPER_IRQHandler
                0x0000000008003aa8                DMA1_Channel4_IRQHandler
                0x0000000008003aa8                USART3_IRQHandler
                0x0000000008003aa8                RTC_IRQHandler
                0x0000000008003aa8                DMA1_Channel7_IRQHandler
                0x0000000008003aa8                CAN1_RX1_IRQHandler
                0x0000000008003aa8                TIM4_IRQHandler
                0x0000000008003aa8                I2C1_EV_IRQHandler
                0x0000000008003aa8                DMA1_Channel6_IRQHandler
                0x0000000008003aa8                TIM3_IRQHandler
                0x0000000008003aa8                RCC_IRQHandler
                0x0000000008003aa8                TIM1_TRG_COM_IRQHandler
                0x0000000008003aa8                DMA1_Channel1_IRQHandler
                0x0000000008003aa8                Default_Handler
                0x0000000008003aa8                EXTI15_10_IRQHandler
                0x0000000008003aa8                SPI2_IRQHandler
                0x0000000008003aa8                DMA1_Channel5_IRQHandler
                0x0000000008003aa8                EXTI4_IRQHandler
                0x0000000008003aa8                USB_LP_CAN1_RX0_IRQHandler
                0x0000000008003aa8                USB_HP_CAN1_TX_IRQHandler
                0x0000000008003aa8                DMA1_Channel3_IRQHandler
                0x0000000008003aa8                TIM1_UP_IRQHandler
                0x0000000008003aa8                WWDG_IRQHandler
                0x0000000008003aa8                TIM2_IRQHandler
                0x0000000008003aa8                TIM1_BRK_IRQHandler
                0x0000000008003aa8                EXTI1_IRQHandler
                0x0000000008003aa8                USART2_IRQHandler
                0x0000000008003aa8                I2C2_ER_IRQHandler
                0x0000000008003aa8                DMA1_Channel2_IRQHandler
                0x0000000008003aa8                CAN1_SCE_IRQHandler
                0x0000000008003aa8                FLASH_IRQHandler
                0x0000000008003aa8                USART1_IRQHandler
                0x0000000008003aa8                I2C1_ER_IRQHandler
                0x0000000008003aa8                USBWakeUp_IRQHandler
 .text.SystemInit
                0x0000000008003aaa        0xc cmake/stm32cubemx/CMakeFiles/STM32_Drivers.dir/__/__/Core/Src/system_stm32f1xx.c.obj
                0x0000000008003aaa                SystemInit
 .text.HAL_TIM_PWM_Init
                0x0000000008003ab6       0x9e cmake/stm32cubemx/CMakeFiles/STM32_Drivers.dir/__/__/Drivers/STM32F1xx_HAL_Driver/Src/stm32f1xx_hal_tim.c.obj
                0x0000000008003ab6                HAL_TIM_PWM_Init
 .text.HAL_TIM_PWM_Start
                0x0000000008003b54      0x144 cmake/stm32cubemx/CMakeFiles/STM32_Drivers.dir/__/__/Drivers/STM32F1xx_HAL_Driver/Src/stm32f1xx_hal_tim.c.obj
                0x0000000008003b54                HAL_TIM_PWM_Start
 .text.HAL_TIM_PWM_ConfigChannel
                0x0000000008003c98      0x184 cmake/stm32cubemx/CMakeFiles/STM32_Drivers.dir/__/__/Drivers/STM32F1xx_HAL_Driver/Src/stm32f1xx_hal_tim.c.obj
                0x0000000008003c98                HAL_TIM_PWM_ConfigChannel
 .text.TIM_Base_SetConfig
                0x0000000008003e1c       0xdc cmake/stm32cubemx/CMakeFiles/STM32_Drivers.dir/__/__/Drivers/STM32F1xx_HAL_Driver/Src/stm32f1xx_hal_tim.c.obj
                0x0000000008003e1c                TIM_Base_SetConfig
 .text.TIM_OC1_SetConfig
                0x0000000008003ef8       0xcc cmake/stm32cubemx/CMakeFiles/STM32_Drivers.dir/__/__/Drivers/STM32F1xx_HAL_Driver/Src/stm32f1xx_hal_tim.c.obj
 .text.TIM_OC2_SetConfig
                0x0000000008003fc4       0xd4 cmake/stm32cubemx/CMakeFiles/STM32_Drivers.dir/__/__/Drivers/STM32F1xx_HAL_Driver/Src/stm32f1xx_hal_tim.c.obj
                0x0000000008003fc4                TIM_OC2_SetConfig
 .text.TIM_OC3_SetConfig
                0x0000000008004098       0xd4 cmake/stm32cubemx/CMakeFiles/STM32_Drivers.dir/__/__/Drivers/STM32F1xx_HAL_Driver/Src/stm32f1xx_hal_tim.c.obj
 .text.TIM_OC4_SetConfig
                0x000000000800416c       0x9c cmake/stm32cubemx/CMakeFiles/STM32_Drivers.dir/__/__/Drivers/STM32F1xx_HAL_Driver/Src/stm32f1xx_hal_tim.c.obj
 .text.TIM_CCxChannelCmd
                0x0000000008004208       0x48 cmake/stm32cubemx/CMakeFiles/STM32_Drivers.dir/__/__/Drivers/STM32F1xx_HAL_Driver/Src/stm32f1xx_hal_tim.c.obj
                0x0000000008004208                TIM_CCxChannelCmd
 .text.HAL_TIMEx_MasterConfigSynchronization
                0x0000000008004250       0xbc cmake/stm32cubemx/CMakeFiles/STM32_Drivers.dir/__/__/Drivers/STM32F1xx_HAL_Driver/Src/stm32f1xx_hal_tim_ex.c.obj
                0x0000000008004250                HAL_TIMEx_MasterConfigSynchronization
 .text.HAL_Init
                0x000000000800430c       0x2c cmake/stm32cubemx/CMakeFiles/STM32_Drivers.dir/__/__/Drivers/STM32F1xx_HAL_Driver/Src/stm32f1xx_hal.c.obj
                0x000000000800430c                HAL_Init
 .text.HAL_InitTick
                0x0000000008004338       0x60 cmake/stm32cubemx/CMakeFiles/STM32_Drivers.dir/__/__/Drivers/STM32F1xx_HAL_Driver/Src/stm32f1xx_hal.c.obj
                0x0000000008004338                HAL_InitTick
 .text.HAL_IncTick
                0x0000000008004398       0x24 cmake/stm32cubemx/CMakeFiles/STM32_Drivers.dir/__/__/Drivers/STM32F1xx_HAL_Driver/Src/stm32f1xx_hal.c.obj
                0x0000000008004398                HAL_IncTick
 .text.HAL_GetTick
                0x00000000080043bc       0x14 cmake/stm32cubemx/CMakeFiles/STM32_Drivers.dir/__/__/Drivers/STM32F1xx_HAL_Driver/Src/stm32f1xx_hal.c.obj
                0x00000000080043bc                HAL_GetTick
 .text.HAL_RCC_OscConfig
                0x00000000080043d0      0x504 cmake/stm32cubemx/CMakeFiles/STM32_Drivers.dir/__/__/Drivers/STM32F1xx_HAL_Driver/Src/stm32f1xx_hal_rcc.c.obj
                0x00000000080043d0                HAL_RCC_OscConfig
 .text.HAL_RCC_ClockConfig
                0x00000000080048d4      0x1d4 cmake/stm32cubemx/CMakeFiles/STM32_Drivers.dir/__/__/Drivers/STM32F1xx_HAL_Driver/Src/stm32f1xx_hal_rcc.c.obj
                0x00000000080048d4                HAL_RCC_ClockConfig
 .text.HAL_RCC_GetSysClockFreq
                0x0000000008004aa8       0xa8 cmake/stm32cubemx/CMakeFiles/STM32_Drivers.dir/__/__/Drivers/STM32F1xx_HAL_Driver/Src/stm32f1xx_hal_rcc.c.obj
                0x0000000008004aa8                HAL_RCC_GetSysClockFreq
 .text.HAL_RCC_GetHCLKFreq
                0x0000000008004b50       0x14 cmake/stm32cubemx/CMakeFiles/STM32_Drivers.dir/__/__/Drivers/STM32F1xx_HAL_Driver/Src/stm32f1xx_hal_rcc.c.obj
                0x0000000008004b50                HAL_RCC_GetHCLKFreq
 .text.HAL_RCC_GetPCLK1Freq
                0x0000000008004b64       0x28 cmake/stm32cubemx/CMakeFiles/STM32_Drivers.dir/__/__/Drivers/STM32F1xx_HAL_Driver/Src/stm32f1xx_hal_rcc.c.obj
                0x0000000008004b64                HAL_RCC_GetPCLK1Freq
 .text.HAL_RCC_GetPCLK2Freq
                0x0000000008004b8c       0x28 cmake/stm32cubemx/CMakeFiles/STM32_Drivers.dir/__/__/Drivers/STM32F1xx_HAL_Driver/Src/stm32f1xx_hal_rcc.c.obj
                0x0000000008004b8c                HAL_RCC_GetPCLK2Freq
 .text.RCC_Delay
                0x0000000008004bb4       0x3c cmake/stm32cubemx/CMakeFiles/STM32_Drivers.dir/__/__/Drivers/STM32F1xx_HAL_Driver/Src/stm32f1xx_hal_rcc.c.obj
 .text.HAL_GPIO_Init
                0x0000000008004bf0      0x308 cmake/stm32cubemx/CMakeFiles/STM32_Drivers.dir/__/__/Drivers/STM32F1xx_HAL_Driver/Src/stm32f1xx_hal_gpio.c.obj
                0x0000000008004bf0                HAL_GPIO_Init
 .text.HAL_GPIO_ReadPin
                0x0000000008004ef8       0x2e cmake/stm32cubemx/CMakeFiles/STM32_Drivers.dir/__/__/Drivers/STM32F1xx_HAL_Driver/Src/stm32f1xx_hal_gpio.c.obj
                0x0000000008004ef8                HAL_GPIO_ReadPin
 .text.HAL_GPIO_WritePin
                0x0000000008004f26       0x30 cmake/stm32cubemx/CMakeFiles/STM32_Drivers.dir/__/__/Drivers/STM32F1xx_HAL_Driver/Src/stm32f1xx_hal_gpio.c.obj
                0x0000000008004f26                HAL_GPIO_WritePin
 *fill*         0x0000000008004f56        0x2 
 .text.HAL_GPIO_EXTI_IRQHandler
                0x0000000008004f58       0x30 cmake/stm32cubemx/CMakeFiles/STM32_Drivers.dir/__/__/Drivers/STM32F1xx_HAL_Driver/Src/stm32f1xx_hal_gpio.c.obj
                0x0000000008004f58                HAL_GPIO_EXTI_IRQHandler
 .text.HAL_GPIO_EXTI_Callback
                0x0000000008004f88       0x14 cmake/stm32cubemx/CMakeFiles/STM32_Drivers.dir/__/__/Drivers/STM32F1xx_HAL_Driver/Src/stm32f1xx_hal_gpio.c.obj
                0x0000000008004f88                HAL_GPIO_EXTI_Callback
 .text.__NVIC_SetPriorityGrouping
                0x0000000008004f9c       0x48 cmake/stm32cubemx/CMakeFiles/STM32_Drivers.dir/__/__/Drivers/STM32F1xx_HAL_Driver/Src/stm32f1xx_hal_cortex.c.obj
 .text.__NVIC_GetPriorityGrouping
                0x0000000008004fe4       0x1c cmake/stm32cubemx/CMakeFiles/STM32_Drivers.dir/__/__/Drivers/STM32F1xx_HAL_Driver/Src/stm32f1xx_hal_cortex.c.obj
 .text.__NVIC_EnableIRQ
                0x0000000008005000       0x38 cmake/stm32cubemx/CMakeFiles/STM32_Drivers.dir/__/__/Drivers/STM32F1xx_HAL_Driver/Src/stm32f1xx_hal_cortex.c.obj
 .text.__NVIC_SetPriority
                0x0000000008005038       0x54 cmake/stm32cubemx/CMakeFiles/STM32_Drivers.dir/__/__/Drivers/STM32F1xx_HAL_Driver/Src/stm32f1xx_hal_cortex.c.obj
 .text.NVIC_EncodePriority
                0x000000000800508c       0x64 cmake/stm32cubemx/CMakeFiles/STM32_Drivers.dir/__/__/Drivers/STM32F1xx_HAL_Driver/Src/stm32f1xx_hal_cortex.c.obj
 .text.SysTick_Config
                0x00000000080050f0       0x44 cmake/stm32cubemx/CMakeFiles/STM32_Drivers.dir/__/__/Drivers/STM32F1xx_HAL_Driver/Src/stm32f1xx_hal_cortex.c.obj
 .text.HAL_NVIC_SetPriorityGrouping
                0x0000000008005134       0x16 cmake/stm32cubemx/CMakeFiles/STM32_Drivers.dir/__/__/Drivers/STM32F1xx_HAL_Driver/Src/stm32f1xx_hal_cortex.c.obj
                0x0000000008005134                HAL_NVIC_SetPriorityGrouping
 .text.HAL_NVIC_SetPriority
                0x000000000800514a       0x38 cmake/stm32cubemx/CMakeFiles/STM32_Drivers.dir/__/__/Drivers/STM32F1xx_HAL_Driver/Src/stm32f1xx_hal_cortex.c.obj
                0x000000000800514a                HAL_NVIC_SetPriority
 .text.HAL_NVIC_EnableIRQ
                0x0000000008005182       0x1c cmake/stm32cubemx/CMakeFiles/STM32_Drivers.dir/__/__/Drivers/STM32F1xx_HAL_Driver/Src/stm32f1xx_hal_cortex.c.obj
                0x0000000008005182                HAL_NVIC_EnableIRQ
 .text.HAL_SYSTICK_Config
                0x000000000800519e       0x18 cmake/stm32cubemx/CMakeFiles/STM32_Drivers.dir/__/__/Drivers/STM32F1xx_HAL_Driver/Src/stm32f1xx_hal_cortex.c.obj
                0x000000000800519e                HAL_SYSTICK_Config
 *fill*         0x00000000080051b6        0x2 
 .text.HAL_FLASH_Program
                0x00000000080051b8       0xe0 cmake/stm32cubemx/CMakeFiles/STM32_Drivers.dir/__/__/Drivers/STM32F1xx_HAL_Driver/Src/stm32f1xx_hal_flash.c.obj
                0x00000000080051b8                HAL_FLASH_Program
 .text.HAL_FLASH_Unlock
                0x0000000008005298       0x4c cmake/stm32cubemx/CMakeFiles/STM32_Drivers.dir/__/__/Drivers/STM32F1xx_HAL_Driver/Src/stm32f1xx_hal_flash.c.obj
                0x0000000008005298                HAL_FLASH_Unlock
 .text.HAL_FLASH_Lock
                0x00000000080052e4       0x20 cmake/stm32cubemx/CMakeFiles/STM32_Drivers.dir/__/__/Drivers/STM32F1xx_HAL_Driver/Src/stm32f1xx_hal_flash.c.obj
                0x00000000080052e4                HAL_FLASH_Lock
 .text.FLASH_Program_HalfWord
                0x0000000008005304       0x38 cmake/stm32cubemx/CMakeFiles/STM32_Drivers.dir/__/__/Drivers/STM32F1xx_HAL_Driver/Src/stm32f1xx_hal_flash.c.obj
 .text.FLASH_WaitForLastOperation
                0x000000000800533c       0x8c cmake/stm32cubemx/CMakeFiles/STM32_Drivers.dir/__/__/Drivers/STM32F1xx_HAL_Driver/Src/stm32f1xx_hal_flash.c.obj
                0x000000000800533c                FLASH_WaitForLastOperation
 .text.FLASH_SetErrorCode
                0x00000000080053c8       0xa0 cmake/stm32cubemx/CMakeFiles/STM32_Drivers.dir/__/__/Drivers/STM32F1xx_HAL_Driver/Src/stm32f1xx_hal_flash.c.obj
 .text.HAL_FLASHEx_Erase
                0x0000000008005468       0xd8 cmake/stm32cubemx/CMakeFiles/STM32_Drivers.dir/__/__/Drivers/STM32F1xx_HAL_Driver/Src/stm32f1xx_hal_flash_ex.c.obj
                0x0000000008005468                HAL_FLASHEx_Erase
 .text.FLASH_MassErase
                0x0000000008005540       0x38 cmake/stm32cubemx/CMakeFiles/STM32_Drivers.dir/__/__/Drivers/STM32F1xx_HAL_Driver/Src/stm32f1xx_hal_flash_ex.c.obj
 .text.FLASH_PageErase
                0x0000000008005578       0x40 cmake/stm32cubemx/CMakeFiles/STM32_Drivers.dir/__/__/Drivers/STM32F1xx_HAL_Driver/Src/stm32f1xx_hal_flash_ex.c.obj
                0x0000000008005578                FLASH_PageErase
 .text.HAL_UART_Init
                0x00000000080055b8       0xa0 cmake/stm32cubemx/CMakeFiles/STM32_Drivers.dir/__/__/Drivers/STM32F1xx_HAL_Driver/Src/stm32f1xx_hal_uart.c.obj
                0x00000000080055b8                HAL_UART_Init
 .text.HAL_UART_Transmit
                0x0000000008005658      0x116 cmake/stm32cubemx/CMakeFiles/STM32_Drivers.dir/__/__/Drivers/STM32F1xx_HAL_Driver/Src/stm32f1xx_hal_uart.c.obj
                0x0000000008005658                HAL_UART_Transmit
 .text.UART_WaitOnFlagUntilTimeout
                0x000000000800576e       0xb2 cmake/stm32cubemx/CMakeFiles/STM32_Drivers.dir/__/__/Drivers/STM32F1xx_HAL_Driver/Src/stm32f1xx_hal_uart.c.obj
 .text.UART_EndRxTransfer
                0x0000000008005820       0xc4 cmake/stm32cubemx/CMakeFiles/STM32_Drivers.dir/__/__/Drivers/STM32F1xx_HAL_Driver/Src/stm32f1xx_hal_uart.c.obj
 .text.UART_SetConfig
                0x00000000080058e4      0x11c cmake/stm32cubemx/CMakeFiles/STM32_Drivers.dir/__/__/Drivers/STM32F1xx_HAL_Driver/Src/stm32f1xx_hal_uart.c.obj
 *(.glue_7)
 .glue_7        0x0000000008005a00        0x0 linker stubs
 *(.glue_7t)
 .glue_7t       0x0000000008005a00        0x0 linker stubs
 *(.eh_frame)
 .eh_frame      0x0000000008005a00        0x0 /usr/lib/gcc/arm-none-eabi/10.3.1/thumb/v7-m/nofp/crtbegin.o
 *(.init)
 .init          0x0000000008005a00        0x4 /usr/lib/gcc/arm-none-eabi/10.3.1/thumb/v7-m/nofp/crti.o
                0x0000000008005a00                _init
 .init          0x0000000008005a04        0x8 /usr/lib/gcc/arm-none-eabi/10.3.1/thumb/v7-m/nofp/crtn.o
 *(.fini)
 .fini          0x0000000008005a0c        0x4 /usr/lib/gcc/arm-none-eabi/10.3.1/thumb/v7-m/nofp/crti.o
                0x0000000008005a0c                _fini
 .fini          0x0000000008005a10        0x8 /usr/lib/gcc/arm-none-eabi/10.3.1/thumb/v7-m/nofp/crtn.o
                0x0000000008005a18                . = ALIGN (0x4)
                0x0000000008005a18                _etext = .

.vfp11_veneer   0x0000000008005a18        0x0
 .vfp11_veneer  0x0000000008005a18        0x0 linker stubs

.v4_bx          0x0000000008005a18        0x0
 .v4_bx         0x0000000008005a18        0x0 linker stubs

.iplt           0x0000000008005a18        0x0
 .iplt          0x0000000008005a18        0x0 /usr/lib/gcc/arm-none-eabi/10.3.1/thumb/v7-m/nofp/crtbegin.o

.rodata         0x0000000008005a18      0xe54
                0x0000000008005a18                . = ALIGN (0x4)
 *(.rodata)
 .rodata        0x0000000008005a18      0xce8 CMakeFiles/Pusher_Motor.dir/Core/Src/cli.c.obj
 .rodata        0x0000000008006700      0x101 /usr/lib/gcc/arm-none-eabi/10.3.1/../../../arm-none-eabi/lib/thumb/v7-m/nofp/libg_nano.a(lib_a-ctype_.o)
                0x0000000008006700                _ctype_
 *(.rodata*)
 *fill*         0x0000000008006801        0x3 
 .rodata.AHBPrescTable
                0x0000000008006804       0x10 cmake/stm32cubemx/CMakeFiles/STM32_Drivers.dir/__/__/Core/Src/system_stm32f1xx.c.obj
                0x0000000008006804                AHBPrescTable
 .rodata.APBPrescTable
                0x0000000008006814        0x8 cmake/stm32cubemx/CMakeFiles/STM32_Drivers.dir/__/__/Core/Src/system_stm32f1xx.c.obj
                0x0000000008006814                APBPrescTable
 .rodata.aPLLMULFactorTable.1
                0x000000000800681c       0x10 cmake/stm32cubemx/CMakeFiles/STM32_Drivers.dir/__/__/Drivers/STM32F1xx_HAL_Driver/Src/stm32f1xx_hal_rcc.c.obj
 .rodata.aPredivFactorTable.0
                0x000000000800682c        0x2 cmake/stm32cubemx/CMakeFiles/STM32_Drivers.dir/__/__/Drivers/STM32F1xx_HAL_Driver/Src/stm32f1xx_hal_rcc.c.obj
 *fill*         0x000000000800682e        0x2 
 .rodata.str1.4
                0x0000000008006830       0x13 /usr/lib/gcc/arm-none-eabi/10.3.1/../../../arm-none-eabi/lib/thumb/v7-m/nofp/libg_nano.a(lib_a-nano-svfprintf.o)
 *fill*         0x0000000008006843        0x1 
 .rodata.str1.4
                0x0000000008006844       0x25 /usr/lib/gcc/arm-none-eabi/10.3.1/../../../arm-none-eabi/lib/thumb/v7-m/nofp/libg_nano.a(lib_a-nano-vfprintf_i.o)
                0x000000000800686c                . = ALIGN (0x4)
 *fill*         0x0000000008006869        0x3 

.ARM.extab      0x000000000800686c        0x0
                0x000000000800686c                . = ALIGN (0x4)
 *(.ARM.extab* .gnu.linkonce.armextab.*)
                0x000000000800686c                . = ALIGN (0x4)

.ARM            0x000000000800686c        0x0
                0x000000000800686c                . = ALIGN (0x4)
                0x000000000800686c                __exidx_start = .
 *(.ARM.exidx*)
                0x000000000800686c                __exidx_end = .
                0x000000000800686c                . = ALIGN (0x4)

.preinit_array  0x000000000800686c        0x0
                0x000000000800686c                . = ALIGN (0x4)
                0x000000000800686c                PROVIDE (__preinit_array_start = .)
 *(.preinit_array*)
                0x000000000800686c                PROVIDE (__preinit_array_end = .)
                0x000000000800686c                . = ALIGN (0x4)

.init_array     0x000000000800686c        0x4
                0x000000000800686c                . = ALIGN (0x4)
                0x000000000800686c                PROVIDE (__init_array_start = .)
 *(SORT_BY_NAME(.init_array.*))
 *(.init_array*)
 .init_array    0x000000000800686c        0x4 /usr/lib/gcc/arm-none-eabi/10.3.1/thumb/v7-m/nofp/crtbegin.o
                0x0000000008006870                PROVIDE (__init_array_end = .)
                0x0000000008006870                . = ALIGN (0x4)

.fini_array     0x0000000008006870        0x4
                0x0000000008006870                . = ALIGN (0x4)
                0x0000000008006870                PROVIDE (__fini_array_start = .)
 *(SORT_BY_NAME(.fini_array.*))
 *(.fini_array*)
 .fini_array    0x0000000008006870        0x4 /usr/lib/gcc/arm-none-eabi/10.3.1/thumb/v7-m/nofp/crtbegin.o
                0x0000000008006874                PROVIDE (__fini_array_end = .)
                0x0000000008006874                . = ALIGN (0x4)
                0x0000000008006874                _sidata = LOADADDR (.data)

.rel.dyn        0x0000000008006874        0x0
 .rel.iplt      0x0000000008006874        0x0 /usr/lib/gcc/arm-none-eabi/10.3.1/thumb/v7-m/nofp/crtbegin.o

.data           0x0000000020000000       0x8c load address 0x0000000008006874
                0x0000000020000000                . = ALIGN (0x4)
                0x0000000020000000                _sdata = .
 *(.data)
 .data          0x0000000020000000       0x64 /usr/lib/gcc/arm-none-eabi/10.3.1/../../../arm-none-eabi/lib/thumb/v7-m/nofp/libg_nano.a(lib_a-impure.o)
                0x0000000020000000                _impure_ptr
 *(.data*)
 .data.motor_params
                0x0000000020000064       0x1c CMakeFiles/Pusher_Motor.dir/Core/Src/params_manager.c.obj
 .data.SystemCoreClock
                0x0000000020000080        0x4 cmake/stm32cubemx/CMakeFiles/STM32_Drivers.dir/__/__/Core/Src/system_stm32f1xx.c.obj
                0x0000000020000080                SystemCoreClock
 .data.uwTickPrio
                0x0000000020000084        0x4 cmake/stm32cubemx/CMakeFiles/STM32_Drivers.dir/__/__/Drivers/STM32F1xx_HAL_Driver/Src/stm32f1xx_hal.c.obj
                0x0000000020000084                uwTickPrio
 .data.uwTickFreq
                0x0000000020000088        0x1 cmake/stm32cubemx/CMakeFiles/STM32_Drivers.dir/__/__/Drivers/STM32F1xx_HAL_Driver/Src/stm32f1xx_hal.c.obj
                0x0000000020000088                uwTickFreq
 *(.RamFunc)
 *(.RamFunc*)
                0x000000002000008c                . = ALIGN (0x4)
 *fill*         0x0000000020000089        0x3 

.tm_clone_table
                0x000000002000008c        0x0 load address 0x0000000008006900
 .tm_clone_table
                0x000000002000008c        0x0 /usr/lib/gcc/arm-none-eabi/10.3.1/thumb/v7-m/nofp/crtbegin.o
 .tm_clone_table
                0x000000002000008c        0x0 /usr/lib/gcc/arm-none-eabi/10.3.1/thumb/v7-m/nofp/crtend.o

.igot.plt       0x000000002000008c        0x0 load address 0x0000000008006900
 .igot.plt      0x000000002000008c        0x0 /usr/lib/gcc/arm-none-eabi/10.3.1/thumb/v7-m/nofp/crtbegin.o

.tdata          0x000000002000008c        0x0 load address 0x0000000008006900
 *(.tdata .tdata.* .gnu.linkonce.td.*)
                0x000000002000008c                . = ALIGN (0x4)
                0x000000002000008c                _edata = .
                [!provide]                        PROVIDE (__data_end = .)
                [!provide]                        PROVIDE (__tdata_end = .)
                [!provide]                        PROVIDE (__tdata_start = ADDR (.tdata))
                [!provide]                        PROVIDE (__tdata_size = (__tdata_end - __tdata_start))
                [!provide]                        PROVIDE (__data_start = ADDR (.data))
                [!provide]                        PROVIDE (__data_size = (__data_end - __data_start))
                [!provide]                        PROVIDE (__tdata_source = LOADADDR (.tdata))
                [!provide]                        PROVIDE (__tdata_source_end = (LOADADDR (.tdata) + SIZEOF (.tdata)))
                [!provide]                        PROVIDE (__tdata_source_size = (__tdata_source_end - __tdata_source))
                [!provide]                        PROVIDE (__data_source = LOADADDR (.data))
                [!provide]                        PROVIDE (__data_source_end = __tdata_source_end)
                [!provide]                        PROVIDE (__data_source_size = (__data_source_end - __data_source))

.tbss           0x000000002000008c        0x0 load address 0x0000000008006900
                0x000000002000008c                _sbss = .
                0x000000002000008c                __bss_start__ = _sbss
 *(.tbss .tbss.*)
                0x000000002000008c                . = ALIGN (0x4)
                [!provide]                        PROVIDE (__tbss_end = .)
                [!provide]                        PROVIDE (__tbss_start = ADDR (.tbss))
                [!provide]                        PROVIDE (__tbss_size = (__tbss_end - __tbss_start))
                [!provide]                        PROVIDE (__tbss_offset = (ADDR (.tbss) - ADDR (.tdata)))
                [!provide]                        PROVIDE (__tls_base = __tdata_start)
                [!provide]                        PROVIDE (__tls_end = __tbss_end)
                [!provide]                        PROVIDE (__tls_size = (__tls_end - __tls_base))
                [!provide]                        PROVIDE (__tls_align = MAX (ALIGNOF (.tdata), ALIGNOF (.tbss)))
                [!provide]                        PROVIDE (__tls_size_align = (((__tls_size + __tls_align) - 0x1) & ~ ((__tls_align - 0x1))))
                [!provide]                        PROVIDE (__arm32_tls_tcb_offset = MAX (0x8, __tls_align))
                [!provide]                        PROVIDE (__arm64_tls_tcb_offset = MAX (0x10, __tls_align))

.bss            0x0000000020000090      0x700 load address 0x0000000008006900
 *(.bss)
 .bss           0x0000000020000090       0x1c /usr/lib/gcc/arm-none-eabi/10.3.1/thumb/v7-m/nofp/crtbegin.o
 .bss           0x00000000200000ac        0x8 /usr/lib/gcc/arm-none-eabi/10.3.1/../../../arm-none-eabi/lib/thumb/v7-m/nofp/libg_nano.a(lib_a-nano-mallocr.o)
                0x00000000200000ac                __malloc_free_list
                0x00000000200000b0                __malloc_sbrk_start
 .bss           0x00000000200000b4        0x4 /usr/lib/gcc/arm-none-eabi/10.3.1/../../../arm-none-eabi/lib/thumb/v7-m/nofp/libg_nano.a(lib_a-reent.o)
                0x00000000200000b4                errno
 *(.bss*)
 .bss.htim4     0x00000000200000b8       0x48 CMakeFiles/Pusher_Motor.dir/Core/Src/tim.c.obj
                0x00000000200000b8                htim4
 .bss.huart1    0x0000000020000100       0x48 CMakeFiles/Pusher_Motor.dir/Core/Src/usart.c.obj
                0x0000000020000100                huart1
 .bss.__sbrk_heap_end
                0x0000000020000148        0x4 CMakeFiles/Pusher_Motor.dir/Core/Src/sysmem.c.obj
 .bss.motor_state
                0x000000002000014c        0x1 CMakeFiles/Pusher_Motor.dir/Core/Src/pusher_motor.c.obj
                0x000000002000014c                motor_state
 *fill*         0x000000002000014d        0x3 
 .bss.motor_start_time
                0x0000000020000150        0x4 CMakeFiles/Pusher_Motor.dir/Core/Src/pusher_motor.c.obj
                0x0000000020000150                motor_start_time
 .bss.pusher_motor_start_flag
                0x0000000020000154        0x1 CMakeFiles/Pusher_Motor.dir/Core/Src/pusher_motor.c.obj
                0x0000000020000154                pusher_motor_start_flag
 .bss.pusher_motor_work_flag
                0x0000000020000155        0x1 CMakeFiles/Pusher_Motor.dir/Core/Src/pusher_motor.c.obj
                0x0000000020000155                pusher_motor_work_flag
 *fill*         0x0000000020000156        0x2 
 .bss.cli_config
                0x0000000020000158      0x108 CMakeFiles/Pusher_Motor.dir/Core/Src/cli.c.obj
                0x0000000020000158                cli_config
 .bss.rx_ring_buf
                0x0000000020000260      0x200 CMakeFiles/Pusher_Motor.dir/Core/Src/cli.c.obj
 .bss.rx_head   0x0000000020000460        0x2 CMakeFiles/Pusher_Motor.dir/Core/Src/cli.c.obj
 .bss.rx_tail   0x0000000020000462        0x2 CMakeFiles/Pusher_Motor.dir/Core/Src/cli.c.obj
 .bss.tx_buf    0x0000000020000464      0x100 CMakeFiles/Pusher_Motor.dir/Core/Src/cli.c.obj
 .bss.tx_head   0x0000000020000564        0x2 CMakeFiles/Pusher_Motor.dir/Core/Src/cli.c.obj
 .bss.tx_tail   0x0000000020000566        0x2 CMakeFiles/Pusher_Motor.dir/Core/Src/cli.c.obj
 .bss.cmd_buf   0x0000000020000568      0x200 CMakeFiles/Pusher_Motor.dir/Core/Src/cli.c.obj
 .bss.cmd_len   0x0000000020000768        0x2 CMakeFiles/Pusher_Motor.dir/Core/Src/cli.c.obj
 *fill*         0x000000002000076a        0x2 
 .bss.uwTick    0x000000002000076c        0x4 cmake/stm32cubemx/CMakeFiles/STM32_Drivers.dir/__/__/Drivers/STM32F1xx_HAL_Driver/Src/stm32f1xx_hal.c.obj
                0x000000002000076c                uwTick
 .bss.pFlash    0x0000000020000770       0x20 cmake/stm32cubemx/CMakeFiles/STM32_Drivers.dir/__/__/Drivers/STM32F1xx_HAL_Driver/Src/stm32f1xx_hal_flash.c.obj
                0x0000000020000770                pFlash
 *(COMMON)
                0x0000000020000790                . = ALIGN (0x4)
                0x0000000020000790                _ebss = .
                0x0000000020000790                __bss_end__ = _ebss
                [!provide]                        PROVIDE (__bss_end = .)
                [!provide]                        PROVIDE (__non_tls_bss_start = ADDR (.bss))
                [!provide]                        PROVIDE (__bss_start = __tbss_start)
                [!provide]                        PROVIDE (__bss_size = (__bss_end - __bss_start))

._user_heap_stack
                0x0000000020000790      0x600 load address 0x0000000008006900
                0x0000000020000790                . = ALIGN (0x8)
                [!provide]                        PROVIDE (end = .)
                0x0000000020000790                PROVIDE (_end = .)
                0x0000000020000990                . = (. + _Min_Heap_Size)
 *fill*         0x0000000020000790      0x200 
                0x0000000020000d90                . = (. + _Min_Stack_Size)
 *fill*         0x0000000020000990      0x400 
                0x0000000020000d90                . = ALIGN (0x8)

/DISCARD/
 libc.a:*(*)
 libm.a:*(*)
 libgcc.a:*(*)
OUTPUT(Pusher_Motor.elf elf32-littlearm)
LOAD linker stubs

.ARM.attributes
                0x0000000000000000       0x29
 .ARM.attributes
                0x0000000000000000       0x1d /usr/lib/gcc/arm-none-eabi/10.3.1/thumb/v7-m/nofp/crti.o
 .ARM.attributes
                0x000000000000001d       0x2d /usr/lib/gcc/arm-none-eabi/10.3.1/thumb/v7-m/nofp/crtbegin.o
 .ARM.attributes
                0x000000000000004a       0x2d CMakeFiles/Pusher_Motor.dir/Core/Src/main.c.obj
 .ARM.attributes
                0x0000000000000077       0x2d CMakeFiles/Pusher_Motor.dir/Core/Src/gpio.c.obj
 .ARM.attributes
                0x00000000000000a4       0x2d CMakeFiles/Pusher_Motor.dir/Core/Src/tim.c.obj
 .ARM.attributes
                0x00000000000000d1       0x2d CMakeFiles/Pusher_Motor.dir/Core/Src/usart.c.obj
 .ARM.attributes
                0x00000000000000fe       0x2d CMakeFiles/Pusher_Motor.dir/Core/Src/stm32f1xx_it.c.obj
 .ARM.attributes
                0x000000000000012b       0x2d CMakeFiles/Pusher_Motor.dir/Core/Src/stm32f1xx_hal_msp.c.obj
 .ARM.attributes
                0x0000000000000158       0x2d CMakeFiles/Pusher_Motor.dir/Core/Src/sysmem.c.obj
 .ARM.attributes
                0x0000000000000185       0x2d CMakeFiles/Pusher_Motor.dir/Core/Src/pusher_motor.c.obj
 .ARM.attributes
                0x00000000000001b2       0x2d CMakeFiles/Pusher_Motor.dir/Core/Src/cli.c.obj
 .ARM.attributes
                0x00000000000001df       0x2d CMakeFiles/Pusher_Motor.dir/Core/Src/flash_storage.c.obj
 .ARM.attributes
                0x000000000000020c       0x2d CMakeFiles/Pusher_Motor.dir/Core/Src/params_manager.c.obj
 .ARM.attributes
                0x0000000000000239       0x21 CMakeFiles/Pusher_Motor.dir/startup_stm32f103xb.s.obj
 .ARM.attributes
                0x000000000000025a       0x2d cmake/stm32cubemx/CMakeFiles/STM32_Drivers.dir/__/__/Core/Src/system_stm32f1xx.c.obj
 .ARM.attributes
                0x0000000000000287       0x2d cmake/stm32cubemx/CMakeFiles/STM32_Drivers.dir/__/__/Drivers/STM32F1xx_HAL_Driver/Src/stm32f1xx_hal_tim.c.obj
 .ARM.attributes
                0x00000000000002b4       0x2d cmake/stm32cubemx/CMakeFiles/STM32_Drivers.dir/__/__/Drivers/STM32F1xx_HAL_Driver/Src/stm32f1xx_hal_tim_ex.c.obj
 .ARM.attributes
                0x00000000000002e1       0x2d cmake/stm32cubemx/CMakeFiles/STM32_Drivers.dir/__/__/Drivers/STM32F1xx_HAL_Driver/Src/stm32f1xx_hal.c.obj
 .ARM.attributes
                0x000000000000030e       0x2d cmake/stm32cubemx/CMakeFiles/STM32_Drivers.dir/__/__/Drivers/STM32F1xx_HAL_Driver/Src/stm32f1xx_hal_rcc.c.obj
 .ARM.attributes
                0x000000000000033b       0x2d cmake/stm32cubemx/CMakeFiles/STM32_Drivers.dir/__/__/Drivers/STM32F1xx_HAL_Driver/Src/stm32f1xx_hal_gpio.c.obj
 .ARM.attributes
                0x0000000000000368       0x2d cmake/stm32cubemx/CMakeFiles/STM32_Drivers.dir/__/__/Drivers/STM32F1xx_HAL_Driver/Src/stm32f1xx_hal_cortex.c.obj
 .ARM.attributes
                0x0000000000000395       0x2d cmake/stm32cubemx/CMakeFiles/STM32_Drivers.dir/__/__/Drivers/STM32F1xx_HAL_Driver/Src/stm32f1xx_hal_flash.c.obj
 .ARM.attributes
                0x00000000000003c2       0x2d cmake/stm32cubemx/CMakeFiles/STM32_Drivers.dir/__/__/Drivers/STM32F1xx_HAL_Driver/Src/stm32f1xx_hal_flash_ex.c.obj
 .ARM.attributes
                0x00000000000003ef       0x2d cmake/stm32cubemx/CMakeFiles/STM32_Drivers.dir/__/__/Drivers/STM32F1xx_HAL_Driver/Src/stm32f1xx_hal_uart.c.obj
 .ARM.attributes
                0x000000000000041c       0x1d /usr/lib/gcc/arm-none-eabi/10.3.1/thumb/v7-m/nofp/libgcc.a(_arm_addsubsf3.o)
 .ARM.attributes
                0x0000000000000439       0x1d /usr/lib/gcc/arm-none-eabi/10.3.1/thumb/v7-m/nofp/libgcc.a(_arm_muldivsf3.o)
 .ARM.attributes
                0x0000000000000456       0x1d /usr/lib/gcc/arm-none-eabi/10.3.1/thumb/v7-m/nofp/libgcc.a(_arm_cmpsf2.o)
 .ARM.attributes
                0x0000000000000473       0x1d /usr/lib/gcc/arm-none-eabi/10.3.1/thumb/v7-m/nofp/libgcc.a(_arm_fixunssfsi.o)
 .ARM.attributes
                0x0000000000000490       0x2d /usr/lib/gcc/arm-none-eabi/10.3.1/../../../arm-none-eabi/lib/thumb/v7-m/nofp/libg_nano.a(lib_a-atoi.o)
 .ARM.attributes
                0x00000000000004bd       0x2d /usr/lib/gcc/arm-none-eabi/10.3.1/../../../arm-none-eabi/lib/thumb/v7-m/nofp/libg_nano.a(lib_a-ctype_.o)
 .ARM.attributes
                0x00000000000004ea       0x2d /usr/lib/gcc/arm-none-eabi/10.3.1/../../../arm-none-eabi/lib/thumb/v7-m/nofp/libg_nano.a(lib_a-errno.o)
 .ARM.attributes
                0x0000000000000517       0x2d /usr/lib/gcc/arm-none-eabi/10.3.1/../../../arm-none-eabi/lib/thumb/v7-m/nofp/libg_nano.a(lib_a-impure.o)
 .ARM.attributes
                0x0000000000000544       0x2d /usr/lib/gcc/arm-none-eabi/10.3.1/../../../arm-none-eabi/lib/thumb/v7-m/nofp/libg_nano.a(lib_a-init.o)
 .ARM.attributes
                0x0000000000000571       0x2d /usr/lib/gcc/arm-none-eabi/10.3.1/../../../arm-none-eabi/lib/thumb/v7-m/nofp/libg_nano.a(lib_a-memmove.o)
 .ARM.attributes
                0x000000000000059e       0x2d /usr/lib/gcc/arm-none-eabi/10.3.1/../../../arm-none-eabi/lib/thumb/v7-m/nofp/libg_nano.a(lib_a-memset.o)
 .ARM.attributes
                0x00000000000005cb       0x2d /usr/lib/gcc/arm-none-eabi/10.3.1/../../../arm-none-eabi/lib/thumb/v7-m/nofp/libg_nano.a(lib_a-snprintf.o)
 .ARM.attributes
                0x00000000000005f8       0x2d /usr/lib/gcc/arm-none-eabi/10.3.1/../../../arm-none-eabi/lib/thumb/v7-m/nofp/libg_nano.a(lib_a-strchr.o)
 .ARM.attributes
                0x0000000000000625       0x1b /usr/lib/gcc/arm-none-eabi/10.3.1/../../../arm-none-eabi/lib/thumb/v7-m/nofp/libg_nano.a(lib_a-strcmp.o)
 .ARM.attributes
                0x0000000000000640       0x2d /usr/lib/gcc/arm-none-eabi/10.3.1/../../../arm-none-eabi/lib/thumb/v7-m/nofp/libg_nano.a(lib_a-strlen-stub.o)
 .ARM.attributes
                0x000000000000066d       0x2d /usr/lib/gcc/arm-none-eabi/10.3.1/../../../arm-none-eabi/lib/thumb/v7-m/nofp/libg_nano.a(lib_a-strncpy.o)
 .ARM.attributes
                0x000000000000069a       0x2d /usr/lib/gcc/arm-none-eabi/10.3.1/../../../arm-none-eabi/lib/thumb/v7-m/nofp/libg_nano.a(lib_a-strtol.o)
 .ARM.attributes
                0x00000000000006c7       0x2d /usr/lib/gcc/arm-none-eabi/10.3.1/../../../arm-none-eabi/lib/thumb/v7-m/nofp/libg_nano.a(lib_a-nano-svfprintf.o)
 .ARM.attributes
                0x00000000000006f4       0x2d /usr/lib/gcc/arm-none-eabi/10.3.1/../../../arm-none-eabi/lib/thumb/v7-m/nofp/libg_nano.a(lib_a-nano-vfprintf_i.o)
 .ARM.attributes
                0x0000000000000721       0x2d /usr/lib/gcc/arm-none-eabi/10.3.1/../../../arm-none-eabi/lib/thumb/v7-m/nofp/libg_nano.a(lib_a-memchr-stub.o)
 .ARM.attributes
                0x000000000000074e       0x1b /usr/lib/gcc/arm-none-eabi/10.3.1/../../../arm-none-eabi/lib/thumb/v7-m/nofp/libg_nano.a(lib_a-memcpy.o)
 .ARM.attributes
                0x0000000000000769       0x2d /usr/lib/gcc/arm-none-eabi/10.3.1/../../../arm-none-eabi/lib/thumb/v7-m/nofp/libg_nano.a(lib_a-nano-freer.o)
 .ARM.attributes
                0x0000000000000796       0x2d /usr/lib/gcc/arm-none-eabi/10.3.1/../../../arm-none-eabi/lib/thumb/v7-m/nofp/libg_nano.a(lib_a-nano-mallocr.o)
 .ARM.attributes
                0x00000000000007c3       0x2d /usr/lib/gcc/arm-none-eabi/10.3.1/../../../arm-none-eabi/lib/thumb/v7-m/nofp/libg_nano.a(lib_a-nano-reallocr.o)
 .ARM.attributes
                0x00000000000007f0       0x2d /usr/lib/gcc/arm-none-eabi/10.3.1/../../../arm-none-eabi/lib/thumb/v7-m/nofp/libg_nano.a(lib_a-sbrkr.o)
 .ARM.attributes
                0x000000000000081d       0x2d /usr/lib/gcc/arm-none-eabi/10.3.1/../../../arm-none-eabi/lib/thumb/v7-m/nofp/libg_nano.a(lib_a-mlock.o)
 .ARM.attributes
                0x000000000000084a       0x2d /usr/lib/gcc/arm-none-eabi/10.3.1/../../../arm-none-eabi/lib/thumb/v7-m/nofp/libg_nano.a(lib_a-nano-msizer.o)
 .ARM.attributes
                0x0000000000000877       0x2d /usr/lib/gcc/arm-none-eabi/10.3.1/../../../arm-none-eabi/lib/thumb/v7-m/nofp/libg_nano.a(lib_a-reent.o)
 .ARM.attributes
                0x00000000000008a4       0x2d /usr/lib/gcc/arm-none-eabi/10.3.1/thumb/v7-m/nofp/crtend.o
 .ARM.attributes
                0x00000000000008d1       0x1d /usr/lib/gcc/arm-none-eabi/10.3.1/thumb/v7-m/nofp/crtn.o

.comment        0x0000000000000000       0x33
 .comment       0x0000000000000000       0x33 /usr/lib/gcc/arm-none-eabi/10.3.1/thumb/v7-m/nofp/crtbegin.o
                                         0x34 (size before relaxing)
 .comment       0x0000000000000033       0x34 CMakeFiles/Pusher_Motor.dir/Core/Src/main.c.obj
 .comment       0x0000000000000033       0x34 CMakeFiles/Pusher_Motor.dir/Core/Src/gpio.c.obj
 .comment       0x0000000000000033       0x34 CMakeFiles/Pusher_Motor.dir/Core/Src/tim.c.obj
 .comment       0x0000000000000033       0x34 CMakeFiles/Pusher_Motor.dir/Core/Src/usart.c.obj
 .comment       0x0000000000000033       0x34 CMakeFiles/Pusher_Motor.dir/Core/Src/stm32f1xx_it.c.obj
 .comment       0x0000000000000033       0x34 CMakeFiles/Pusher_Motor.dir/Core/Src/stm32f1xx_hal_msp.c.obj
 .comment       0x0000000000000033       0x34 CMakeFiles/Pusher_Motor.dir/Core/Src/sysmem.c.obj
 .comment       0x0000000000000033       0x34 CMakeFiles/Pusher_Motor.dir/Core/Src/pusher_motor.c.obj
 .comment       0x0000000000000033       0x34 CMakeFiles/Pusher_Motor.dir/Core/Src/cli.c.obj
 .comment       0x0000000000000033       0x34 CMakeFiles/Pusher_Motor.dir/Core/Src/flash_storage.c.obj
 .comment       0x0000000000000033       0x34 CMakeFiles/Pusher_Motor.dir/Core/Src/params_manager.c.obj
 .comment       0x0000000000000033       0x34 cmake/stm32cubemx/CMakeFiles/STM32_Drivers.dir/__/__/Core/Src/system_stm32f1xx.c.obj
 .comment       0x0000000000000033       0x34 cmake/stm32cubemx/CMakeFiles/STM32_Drivers.dir/__/__/Drivers/STM32F1xx_HAL_Driver/Src/stm32f1xx_hal_tim.c.obj
 .comment       0x0000000000000033       0x34 cmake/stm32cubemx/CMakeFiles/STM32_Drivers.dir/__/__/Drivers/STM32F1xx_HAL_Driver/Src/stm32f1xx_hal_tim_ex.c.obj
 .comment       0x0000000000000033       0x34 cmake/stm32cubemx/CMakeFiles/STM32_Drivers.dir/__/__/Drivers/STM32F1xx_HAL_Driver/Src/stm32f1xx_hal.c.obj
 .comment       0x0000000000000033       0x34 cmake/stm32cubemx/CMakeFiles/STM32_Drivers.dir/__/__/Drivers/STM32F1xx_HAL_Driver/Src/stm32f1xx_hal_rcc.c.obj
 .comment       0x0000000000000033       0x34 cmake/stm32cubemx/CMakeFiles/STM32_Drivers.dir/__/__/Drivers/STM32F1xx_HAL_Driver/Src/stm32f1xx_hal_gpio.c.obj
 .comment       0x0000000000000033       0x34 cmake/stm32cubemx/CMakeFiles/STM32_Drivers.dir/__/__/Drivers/STM32F1xx_HAL_Driver/Src/stm32f1xx_hal_cortex.c.obj
 .comment       0x0000000000000033       0x34 cmake/stm32cubemx/CMakeFiles/STM32_Drivers.dir/__/__/Drivers/STM32F1xx_HAL_Driver/Src/stm32f1xx_hal_flash.c.obj
 .comment       0x0000000000000033       0x34 cmake/stm32cubemx/CMakeFiles/STM32_Drivers.dir/__/__/Drivers/STM32F1xx_HAL_Driver/Src/stm32f1xx_hal_flash_ex.c.obj
 .comment       0x0000000000000033       0x34 cmake/stm32cubemx/CMakeFiles/STM32_Drivers.dir/__/__/Drivers/STM32F1xx_HAL_Driver/Src/stm32f1xx_hal_uart.c.obj
 .comment       0x0000000000000033       0x34 /usr/lib/gcc/arm-none-eabi/10.3.1/../../../arm-none-eabi/lib/thumb/v7-m/nofp/libg_nano.a(lib_a-atoi.o)
 .comment       0x0000000000000033       0x34 /usr/lib/gcc/arm-none-eabi/10.3.1/../../../arm-none-eabi/lib/thumb/v7-m/nofp/libg_nano.a(lib_a-ctype_.o)
 .comment       0x0000000000000033       0x34 /usr/lib/gcc/arm-none-eabi/10.3.1/../../../arm-none-eabi/lib/thumb/v7-m/nofp/libg_nano.a(lib_a-errno.o)
 .comment       0x0000000000000033       0x34 /usr/lib/gcc/arm-none-eabi/10.3.1/../../../arm-none-eabi/lib/thumb/v7-m/nofp/libg_nano.a(lib_a-impure.o)
 .comment       0x0000000000000033       0x34 /usr/lib/gcc/arm-none-eabi/10.3.1/../../../arm-none-eabi/lib/thumb/v7-m/nofp/libg_nano.a(lib_a-init.o)
 .comment       0x0000000000000033       0x34 /usr/lib/gcc/arm-none-eabi/10.3.1/../../../arm-none-eabi/lib/thumb/v7-m/nofp/libg_nano.a(lib_a-memmove.o)
 .comment       0x0000000000000033       0x34 /usr/lib/gcc/arm-none-eabi/10.3.1/../../../arm-none-eabi/lib/thumb/v7-m/nofp/libg_nano.a(lib_a-memset.o)
 .comment       0x0000000000000033       0x34 /usr/lib/gcc/arm-none-eabi/10.3.1/../../../arm-none-eabi/lib/thumb/v7-m/nofp/libg_nano.a(lib_a-snprintf.o)
 .comment       0x0000000000000033       0x34 /usr/lib/gcc/arm-none-eabi/10.3.1/../../../arm-none-eabi/lib/thumb/v7-m/nofp/libg_nano.a(lib_a-strchr.o)
 .comment       0x0000000000000033       0x34 /usr/lib/gcc/arm-none-eabi/10.3.1/../../../arm-none-eabi/lib/thumb/v7-m/nofp/libg_nano.a(lib_a-strlen-stub.o)
 .comment       0x0000000000000033       0x34 /usr/lib/gcc/arm-none-eabi/10.3.1/../../../arm-none-eabi/lib/thumb/v7-m/nofp/libg_nano.a(lib_a-strncpy.o)
 .comment       0x0000000000000033       0x34 /usr/lib/gcc/arm-none-eabi/10.3.1/../../../arm-none-eabi/lib/thumb/v7-m/nofp/libg_nano.a(lib_a-strtol.o)
 .comment       0x0000000000000033       0x34 /usr/lib/gcc/arm-none-eabi/10.3.1/../../../arm-none-eabi/lib/thumb/v7-m/nofp/libg_nano.a(lib_a-nano-svfprintf.o)
 .comment       0x0000000000000033       0x34 /usr/lib/gcc/arm-none-eabi/10.3.1/../../../arm-none-eabi/lib/thumb/v7-m/nofp/libg_nano.a(lib_a-nano-vfprintf_i.o)
 .comment       0x0000000000000033       0x34 /usr/lib/gcc/arm-none-eabi/10.3.1/../../../arm-none-eabi/lib/thumb/v7-m/nofp/libg_nano.a(lib_a-memchr-stub.o)
 .comment       0x0000000000000033       0x34 /usr/lib/gcc/arm-none-eabi/10.3.1/../../../arm-none-eabi/lib/thumb/v7-m/nofp/libg_nano.a(lib_a-nano-freer.o)
 .comment       0x0000000000000033       0x34 /usr/lib/gcc/arm-none-eabi/10.3.1/../../../arm-none-eabi/lib/thumb/v7-m/nofp/libg_nano.a(lib_a-nano-mallocr.o)
 .comment       0x0000000000000033       0x34 /usr/lib/gcc/arm-none-eabi/10.3.1/../../../arm-none-eabi/lib/thumb/v7-m/nofp/libg_nano.a(lib_a-nano-reallocr.o)
 .comment       0x0000000000000033       0x34 /usr/lib/gcc/arm-none-eabi/10.3.1/../../../arm-none-eabi/lib/thumb/v7-m/nofp/libg_nano.a(lib_a-sbrkr.o)
 .comment       0x0000000000000033       0x34 /usr/lib/gcc/arm-none-eabi/10.3.1/../../../arm-none-eabi/lib/thumb/v7-m/nofp/libg_nano.a(lib_a-mlock.o)
 .comment       0x0000000000000033       0x34 /usr/lib/gcc/arm-none-eabi/10.3.1/../../../arm-none-eabi/lib/thumb/v7-m/nofp/libg_nano.a(lib_a-nano-msizer.o)
 .comment       0x0000000000000033       0x34 /usr/lib/gcc/arm-none-eabi/10.3.1/../../../arm-none-eabi/lib/thumb/v7-m/nofp/libg_nano.a(lib_a-reent.o)
 .comment       0x0000000000000033       0x34 /usr/lib/gcc/arm-none-eabi/10.3.1/thumb/v7-m/nofp/crtend.o

.debug_info     0x0000000000000000    0x17a0b
 .debug_info    0x0000000000000000      0x6f8 CMakeFiles/Pusher_Motor.dir/Core/Src/main.c.obj
 .debug_info    0x00000000000006f8      0x3ef CMakeFiles/Pusher_Motor.dir/Core/Src/gpio.c.obj
 .debug_info    0x0000000000000ae7      0x940 CMakeFiles/Pusher_Motor.dir/Core/Src/tim.c.obj
 .debug_info    0x0000000000001427      0x787 CMakeFiles/Pusher_Motor.dir/Core/Src/usart.c.obj
 .debug_info    0x0000000000001bae      0x1dd CMakeFiles/Pusher_Motor.dir/Core/Src/stm32f1xx_it.c.obj
 .debug_info    0x0000000000001d8b      0x204 CMakeFiles/Pusher_Motor.dir/Core/Src/stm32f1xx_hal_msp.c.obj
 .debug_info    0x0000000000001f8f      0x147 CMakeFiles/Pusher_Motor.dir/Core/Src/sysmem.c.obj
 .debug_info    0x00000000000020d6      0xa54 CMakeFiles/Pusher_Motor.dir/Core/Src/pusher_motor.c.obj
 .debug_info    0x0000000000002b2a     0x107c CMakeFiles/Pusher_Motor.dir/Core/Src/cli.c.obj
 .debug_info    0x0000000000003ba6      0x2ba CMakeFiles/Pusher_Motor.dir/Core/Src/flash_storage.c.obj
 .debug_info    0x0000000000003e60      0x3b4 CMakeFiles/Pusher_Motor.dir/Core/Src/params_manager.c.obj
 .debug_info    0x0000000000004214       0x22 CMakeFiles/Pusher_Motor.dir/startup_stm32f103xb.s.obj
 .debug_info    0x0000000000004236      0x225 cmake/stm32cubemx/CMakeFiles/STM32_Drivers.dir/__/__/Core/Src/system_stm32f1xx.c.obj
 .debug_info    0x000000000000445b     0x2b2e cmake/stm32cubemx/CMakeFiles/STM32_Drivers.dir/__/__/Drivers/STM32F1xx_HAL_Driver/Src/stm32f1xx_hal_tim.c.obj
 .debug_info    0x0000000000006f89     0x147b cmake/stm32cubemx/CMakeFiles/STM32_Drivers.dir/__/__/Drivers/STM32F1xx_HAL_Driver/Src/stm32f1xx_hal_tim_ex.c.obj
 .debug_info    0x0000000000008404      0x6d5 cmake/stm32cubemx/CMakeFiles/STM32_Drivers.dir/__/__/Drivers/STM32F1xx_HAL_Driver/Src/stm32f1xx_hal.c.obj
 .debug_info    0x0000000000008ad9      0x7fa cmake/stm32cubemx/CMakeFiles/STM32_Drivers.dir/__/__/Drivers/STM32F1xx_HAL_Driver/Src/stm32f1xx_hal_rcc.c.obj
 .debug_info    0x00000000000092d3      0x5fd cmake/stm32cubemx/CMakeFiles/STM32_Drivers.dir/__/__/Drivers/STM32F1xx_HAL_Driver/Src/stm32f1xx_hal_gpio.c.obj
 .debug_info    0x00000000000098d0      0xafc cmake/stm32cubemx/CMakeFiles/STM32_Drivers.dir/__/__/Drivers/STM32F1xx_HAL_Driver/Src/stm32f1xx_hal_cortex.c.obj
 .debug_info    0x000000000000a3cc      0x4ef cmake/stm32cubemx/CMakeFiles/STM32_Drivers.dir/__/__/Drivers/STM32F1xx_HAL_Driver/Src/stm32f1xx_hal_flash.c.obj
 .debug_info    0x000000000000a8bb      0x79e cmake/stm32cubemx/CMakeFiles/STM32_Drivers.dir/__/__/Drivers/STM32F1xx_HAL_Driver/Src/stm32f1xx_hal_flash_ex.c.obj
 .debug_info    0x000000000000b059     0x303c cmake/stm32cubemx/CMakeFiles/STM32_Drivers.dir/__/__/Drivers/STM32F1xx_HAL_Driver/Src/stm32f1xx_hal_uart.c.obj
 .debug_info    0x000000000000e095       0x26 /usr/lib/gcc/arm-none-eabi/10.3.1/thumb/v7-m/nofp/libgcc.a(_arm_addsubsf3.o)
 .debug_info    0x000000000000e0bb       0x26 /usr/lib/gcc/arm-none-eabi/10.3.1/thumb/v7-m/nofp/libgcc.a(_arm_muldivsf3.o)
 .debug_info    0x000000000000e0e1       0x26 /usr/lib/gcc/arm-none-eabi/10.3.1/thumb/v7-m/nofp/libgcc.a(_arm_cmpsf2.o)
 .debug_info    0x000000000000e107       0x26 /usr/lib/gcc/arm-none-eabi/10.3.1/thumb/v7-m/nofp/libgcc.a(_arm_fixunssfsi.o)
 .debug_info    0x000000000000e12d      0x848 /usr/lib/gcc/arm-none-eabi/10.3.1/../../../arm-none-eabi/lib/thumb/v7-m/nofp/libg_nano.a(lib_a-atoi.o)
 .debug_info    0x000000000000e975       0xb8 /usr/lib/gcc/arm-none-eabi/10.3.1/../../../arm-none-eabi/lib/thumb/v7-m/nofp/libg_nano.a(lib_a-ctype_.o)
 .debug_info    0x000000000000ea2d      0x7ae /usr/lib/gcc/arm-none-eabi/10.3.1/../../../arm-none-eabi/lib/thumb/v7-m/nofp/libg_nano.a(lib_a-errno.o)
 .debug_info    0x000000000000f1db      0x863 /usr/lib/gcc/arm-none-eabi/10.3.1/../../../arm-none-eabi/lib/thumb/v7-m/nofp/libg_nano.a(lib_a-impure.o)
 .debug_info    0x000000000000fa3e      0x11a /usr/lib/gcc/arm-none-eabi/10.3.1/../../../arm-none-eabi/lib/thumb/v7-m/nofp/libg_nano.a(lib_a-init.o)
 .debug_info    0x000000000000fb58      0x152 /usr/lib/gcc/arm-none-eabi/10.3.1/../../../arm-none-eabi/lib/thumb/v7-m/nofp/libg_nano.a(lib_a-memmove.o)
 .debug_info    0x000000000000fcaa      0x137 /usr/lib/gcc/arm-none-eabi/10.3.1/../../../arm-none-eabi/lib/thumb/v7-m/nofp/libg_nano.a(lib_a-memset.o)
 .debug_info    0x000000000000fde1      0x9b5 /usr/lib/gcc/arm-none-eabi/10.3.1/../../../arm-none-eabi/lib/thumb/v7-m/nofp/libg_nano.a(lib_a-snprintf.o)
 .debug_info    0x0000000000010796      0x13a /usr/lib/gcc/arm-none-eabi/10.3.1/../../../arm-none-eabi/lib/thumb/v7-m/nofp/libg_nano.a(lib_a-strchr.o)
 .debug_info    0x00000000000108d0       0x26 /usr/lib/gcc/arm-none-eabi/10.3.1/../../../arm-none-eabi/lib/thumb/v7-m/nofp/libg_nano.a(lib_a-strcmp.o)
 .debug_info    0x00000000000108f6       0xbc /usr/lib/gcc/arm-none-eabi/10.3.1/../../../arm-none-eabi/lib/thumb/v7-m/nofp/libg_nano.a(lib_a-strlen-stub.o)
 .debug_info    0x00000000000109b2      0x153 /usr/lib/gcc/arm-none-eabi/10.3.1/../../../arm-none-eabi/lib/thumb/v7-m/nofp/libg_nano.a(lib_a-strncpy.o)
 .debug_info    0x0000000000010b05      0xf00 /usr/lib/gcc/arm-none-eabi/10.3.1/../../../arm-none-eabi/lib/thumb/v7-m/nofp/libg_nano.a(lib_a-strtol.o)
 .debug_info    0x0000000000011a05     0x10d5 /usr/lib/gcc/arm-none-eabi/10.3.1/../../../arm-none-eabi/lib/thumb/v7-m/nofp/libg_nano.a(lib_a-nano-svfprintf.o)
 .debug_info    0x0000000000012ada      0xe9e /usr/lib/gcc/arm-none-eabi/10.3.1/../../../arm-none-eabi/lib/thumb/v7-m/nofp/libg_nano.a(lib_a-nano-vfprintf_i.o)
 .debug_info    0x0000000000013978      0x14e /usr/lib/gcc/arm-none-eabi/10.3.1/../../../arm-none-eabi/lib/thumb/v7-m/nofp/libg_nano.a(lib_a-memchr-stub.o)
 .debug_info    0x0000000000013ac6       0x26 /usr/lib/gcc/arm-none-eabi/10.3.1/../../../arm-none-eabi/lib/thumb/v7-m/nofp/libg_nano.a(lib_a-memcpy.o)
 .debug_info    0x0000000000013aec      0x940 /usr/lib/gcc/arm-none-eabi/10.3.1/../../../arm-none-eabi/lib/thumb/v7-m/nofp/libg_nano.a(lib_a-nano-freer.o)
 .debug_info    0x000000000001442c      0xa0c /usr/lib/gcc/arm-none-eabi/10.3.1/../../../arm-none-eabi/lib/thumb/v7-m/nofp/libg_nano.a(lib_a-nano-mallocr.o)
 .debug_info    0x0000000000014e38      0x911 /usr/lib/gcc/arm-none-eabi/10.3.1/../../../arm-none-eabi/lib/thumb/v7-m/nofp/libg_nano.a(lib_a-nano-reallocr.o)
 .debug_info    0x0000000000015749      0x828 /usr/lib/gcc/arm-none-eabi/10.3.1/../../../arm-none-eabi/lib/thumb/v7-m/nofp/libg_nano.a(lib_a-sbrkr.o)
 .debug_info    0x0000000000015f71      0x7dc /usr/lib/gcc/arm-none-eabi/10.3.1/../../../arm-none-eabi/lib/thumb/v7-m/nofp/libg_nano.a(lib_a-mlock.o)
 .debug_info    0x000000000001674d      0x840 /usr/lib/gcc/arm-none-eabi/10.3.1/../../../arm-none-eabi/lib/thumb/v7-m/nofp/libg_nano.a(lib_a-nano-msizer.o)
 .debug_info    0x0000000000016f8d      0xa7e /usr/lib/gcc/arm-none-eabi/10.3.1/../../../arm-none-eabi/lib/thumb/v7-m/nofp/libg_nano.a(lib_a-reent.o)

.debug_abbrev   0x0000000000000000     0x47aa
 .debug_abbrev  0x0000000000000000      0x1a2 CMakeFiles/Pusher_Motor.dir/Core/Src/main.c.obj
 .debug_abbrev  0x00000000000001a2      0x118 CMakeFiles/Pusher_Motor.dir/Core/Src/gpio.c.obj
 .debug_abbrev  0x00000000000002ba      0x1c5 CMakeFiles/Pusher_Motor.dir/Core/Src/tim.c.obj
 .debug_abbrev  0x000000000000047f      0x196 CMakeFiles/Pusher_Motor.dir/Core/Src/usart.c.obj
 .debug_abbrev  0x0000000000000615       0xd3 CMakeFiles/Pusher_Motor.dir/Core/Src/stm32f1xx_it.c.obj
 .debug_abbrev  0x00000000000006e8       0xd4 CMakeFiles/Pusher_Motor.dir/Core/Src/stm32f1xx_hal_msp.c.obj
 .debug_abbrev  0x00000000000007bc       0xa6 CMakeFiles/Pusher_Motor.dir/Core/Src/sysmem.c.obj
 .debug_abbrev  0x0000000000000862      0x261 CMakeFiles/Pusher_Motor.dir/Core/Src/pusher_motor.c.obj
 .debug_abbrev  0x0000000000000ac3      0x356 CMakeFiles/Pusher_Motor.dir/Core/Src/cli.c.obj
 .debug_abbrev  0x0000000000000e19       0xf9 CMakeFiles/Pusher_Motor.dir/Core/Src/flash_storage.c.obj
 .debug_abbrev  0x0000000000000f12      0x144 CMakeFiles/Pusher_Motor.dir/Core/Src/params_manager.c.obj
 .debug_abbrev  0x0000000000001056       0x12 CMakeFiles/Pusher_Motor.dir/startup_stm32f103xb.s.obj
 .debug_abbrev  0x0000000000001068      0x13b cmake/stm32cubemx/CMakeFiles/STM32_Drivers.dir/__/__/Core/Src/system_stm32f1xx.c.obj
 .debug_abbrev  0x00000000000011a3      0x238 cmake/stm32cubemx/CMakeFiles/STM32_Drivers.dir/__/__/Drivers/STM32F1xx_HAL_Driver/Src/stm32f1xx_hal_tim.c.obj
 .debug_abbrev  0x00000000000013db      0x240 cmake/stm32cubemx/CMakeFiles/STM32_Drivers.dir/__/__/Drivers/STM32F1xx_HAL_Driver/Src/stm32f1xx_hal_tim_ex.c.obj
 .debug_abbrev  0x000000000000161b      0x1c8 cmake/stm32cubemx/CMakeFiles/STM32_Drivers.dir/__/__/Drivers/STM32F1xx_HAL_Driver/Src/stm32f1xx_hal.c.obj
 .debug_abbrev  0x00000000000017e3      0x260 cmake/stm32cubemx/CMakeFiles/STM32_Drivers.dir/__/__/Drivers/STM32F1xx_HAL_Driver/Src/stm32f1xx_hal_rcc.c.obj
 .debug_abbrev  0x0000000000001a43      0x1bb cmake/stm32cubemx/CMakeFiles/STM32_Drivers.dir/__/__/Drivers/STM32F1xx_HAL_Driver/Src/stm32f1xx_hal_gpio.c.obj
 .debug_abbrev  0x0000000000001bfe      0x2ed cmake/stm32cubemx/CMakeFiles/STM32_Drivers.dir/__/__/Drivers/STM32F1xx_HAL_Driver/Src/stm32f1xx_hal_cortex.c.obj
 .debug_abbrev  0x0000000000001eeb      0x1ff cmake/stm32cubemx/CMakeFiles/STM32_Drivers.dir/__/__/Drivers/STM32F1xx_HAL_Driver/Src/stm32f1xx_hal_flash.c.obj
 .debug_abbrev  0x00000000000020ea      0x21d cmake/stm32cubemx/CMakeFiles/STM32_Drivers.dir/__/__/Drivers/STM32F1xx_HAL_Driver/Src/stm32f1xx_hal_flash_ex.c.obj
 .debug_abbrev  0x0000000000002307      0x2b3 cmake/stm32cubemx/CMakeFiles/STM32_Drivers.dir/__/__/Drivers/STM32F1xx_HAL_Driver/Src/stm32f1xx_hal_uart.c.obj
 .debug_abbrev  0x00000000000025ba       0x14 /usr/lib/gcc/arm-none-eabi/10.3.1/thumb/v7-m/nofp/libgcc.a(_arm_addsubsf3.o)
 .debug_abbrev  0x00000000000025ce       0x14 /usr/lib/gcc/arm-none-eabi/10.3.1/thumb/v7-m/nofp/libgcc.a(_arm_muldivsf3.o)
 .debug_abbrev  0x00000000000025e2       0x14 /usr/lib/gcc/arm-none-eabi/10.3.1/thumb/v7-m/nofp/libgcc.a(_arm_cmpsf2.o)
 .debug_abbrev  0x00000000000025f6       0x14 /usr/lib/gcc/arm-none-eabi/10.3.1/thumb/v7-m/nofp/libgcc.a(_arm_fixunssfsi.o)
 .debug_abbrev  0x000000000000260a      0x187 /usr/lib/gcc/arm-none-eabi/10.3.1/../../../arm-none-eabi/lib/thumb/v7-m/nofp/libg_nano.a(lib_a-atoi.o)
 .debug_abbrev  0x0000000000002791       0x62 /usr/lib/gcc/arm-none-eabi/10.3.1/../../../arm-none-eabi/lib/thumb/v7-m/nofp/libg_nano.a(lib_a-ctype_.o)
 .debug_abbrev  0x00000000000027f3      0x157 /usr/lib/gcc/arm-none-eabi/10.3.1/../../../arm-none-eabi/lib/thumb/v7-m/nofp/libg_nano.a(lib_a-errno.o)
 .debug_abbrev  0x000000000000294a      0x151 /usr/lib/gcc/arm-none-eabi/10.3.1/../../../arm-none-eabi/lib/thumb/v7-m/nofp/libg_nano.a(lib_a-impure.o)
 .debug_abbrev  0x0000000000002a9b       0xcc /usr/lib/gcc/arm-none-eabi/10.3.1/../../../arm-none-eabi/lib/thumb/v7-m/nofp/libg_nano.a(lib_a-init.o)
 .debug_abbrev  0x0000000000002b67       0xc0 /usr/lib/gcc/arm-none-eabi/10.3.1/../../../arm-none-eabi/lib/thumb/v7-m/nofp/libg_nano.a(lib_a-memmove.o)
 .debug_abbrev  0x0000000000002c27       0xb4 /usr/lib/gcc/arm-none-eabi/10.3.1/../../../arm-none-eabi/lib/thumb/v7-m/nofp/libg_nano.a(lib_a-memset.o)
 .debug_abbrev  0x0000000000002cdb      0x216 /usr/lib/gcc/arm-none-eabi/10.3.1/../../../arm-none-eabi/lib/thumb/v7-m/nofp/libg_nano.a(lib_a-snprintf.o)
 .debug_abbrev  0x0000000000002ef1       0x94 /usr/lib/gcc/arm-none-eabi/10.3.1/../../../arm-none-eabi/lib/thumb/v7-m/nofp/libg_nano.a(lib_a-strchr.o)
 .debug_abbrev  0x0000000000002f85       0x14 /usr/lib/gcc/arm-none-eabi/10.3.1/../../../arm-none-eabi/lib/thumb/v7-m/nofp/libg_nano.a(lib_a-strcmp.o)
 .debug_abbrev  0x0000000000002f99       0x79 /usr/lib/gcc/arm-none-eabi/10.3.1/../../../arm-none-eabi/lib/thumb/v7-m/nofp/libg_nano.a(lib_a-strlen-stub.o)
 .debug_abbrev  0x0000000000003012       0xbb /usr/lib/gcc/arm-none-eabi/10.3.1/../../../arm-none-eabi/lib/thumb/v7-m/nofp/libg_nano.a(lib_a-strncpy.o)
 .debug_abbrev  0x00000000000030cd      0x2cf /usr/lib/gcc/arm-none-eabi/10.3.1/../../../arm-none-eabi/lib/thumb/v7-m/nofp/libg_nano.a(lib_a-strtol.o)
 .debug_abbrev  0x000000000000339c      0x2ca /usr/lib/gcc/arm-none-eabi/10.3.1/../../../arm-none-eabi/lib/thumb/v7-m/nofp/libg_nano.a(lib_a-nano-svfprintf.o)
 .debug_abbrev  0x0000000000003666      0x25c /usr/lib/gcc/arm-none-eabi/10.3.1/../../../arm-none-eabi/lib/thumb/v7-m/nofp/libg_nano.a(lib_a-nano-vfprintf_i.o)
 .debug_abbrev  0x00000000000038c2       0xd4 /usr/lib/gcc/arm-none-eabi/10.3.1/../../../arm-none-eabi/lib/thumb/v7-m/nofp/libg_nano.a(lib_a-memchr-stub.o)
 .debug_abbrev  0x0000000000003996       0x14 /usr/lib/gcc/arm-none-eabi/10.3.1/../../../arm-none-eabi/lib/thumb/v7-m/nofp/libg_nano.a(lib_a-memcpy.o)
 .debug_abbrev  0x00000000000039aa      0x245 /usr/lib/gcc/arm-none-eabi/10.3.1/../../../arm-none-eabi/lib/thumb/v7-m/nofp/libg_nano.a(lib_a-nano-freer.o)
 .debug_abbrev  0x0000000000003bef      0x290 /usr/lib/gcc/arm-none-eabi/10.3.1/../../../arm-none-eabi/lib/thumb/v7-m/nofp/libg_nano.a(lib_a-nano-mallocr.o)
 .debug_abbrev  0x0000000000003e7f      0x1d6 /usr/lib/gcc/arm-none-eabi/10.3.1/../../../arm-none-eabi/lib/thumb/v7-m/nofp/libg_nano.a(lib_a-nano-reallocr.o)
 .debug_abbrev  0x0000000000004055      0x1d6 /usr/lib/gcc/arm-none-eabi/10.3.1/../../../arm-none-eabi/lib/thumb/v7-m/nofp/libg_nano.a(lib_a-sbrkr.o)
 .debug_abbrev  0x000000000000422b      0x189 /usr/lib/gcc/arm-none-eabi/10.3.1/../../../arm-none-eabi/lib/thumb/v7-m/nofp/libg_nano.a(lib_a-mlock.o)
 .debug_abbrev  0x00000000000043b4      0x191 /usr/lib/gcc/arm-none-eabi/10.3.1/../../../arm-none-eabi/lib/thumb/v7-m/nofp/libg_nano.a(lib_a-nano-msizer.o)
 .debug_abbrev  0x0000000000004545      0x265 /usr/lib/gcc/arm-none-eabi/10.3.1/../../../arm-none-eabi/lib/thumb/v7-m/nofp/libg_nano.a(lib_a-reent.o)

.debug_aranges  0x0000000000000000     0x12a0
 .debug_aranges
                0x0000000000000000       0x30 CMakeFiles/Pusher_Motor.dir/Core/Src/main.c.obj
 .debug_aranges
                0x0000000000000030       0x20 CMakeFiles/Pusher_Motor.dir/Core/Src/gpio.c.obj
 .debug_aranges
                0x0000000000000050       0x38 CMakeFiles/Pusher_Motor.dir/Core/Src/tim.c.obj
 .debug_aranges
                0x0000000000000088       0x30 CMakeFiles/Pusher_Motor.dir/Core/Src/usart.c.obj
 .debug_aranges
                0x00000000000000b8       0x68 CMakeFiles/Pusher_Motor.dir/Core/Src/stm32f1xx_it.c.obj
 .debug_aranges
                0x0000000000000120       0x20 CMakeFiles/Pusher_Motor.dir/Core/Src/stm32f1xx_hal_msp.c.obj
 .debug_aranges
                0x0000000000000140       0x20 CMakeFiles/Pusher_Motor.dir/Core/Src/sysmem.c.obj
 .debug_aranges
                0x0000000000000160       0xc0 CMakeFiles/Pusher_Motor.dir/Core/Src/pusher_motor.c.obj
 .debug_aranges
                0x0000000000000220       0xb8 CMakeFiles/Pusher_Motor.dir/Core/Src/cli.c.obj
 .debug_aranges
                0x00000000000002d8       0x48 CMakeFiles/Pusher_Motor.dir/Core/Src/flash_storage.c.obj
 .debug_aranges
                0x0000000000000320       0x98 CMakeFiles/Pusher_Motor.dir/Core/Src/params_manager.c.obj
 .debug_aranges
                0x00000000000003b8       0x28 CMakeFiles/Pusher_Motor.dir/startup_stm32f103xb.s.obj
 .debug_aranges
                0x00000000000003e0       0x28 cmake/stm32cubemx/CMakeFiles/STM32_Drivers.dir/__/__/Core/Src/system_stm32f1xx.c.obj
 .debug_aranges
                0x0000000000000408      0x3d0 cmake/stm32cubemx/CMakeFiles/STM32_Drivers.dir/__/__/Drivers/STM32F1xx_HAL_Driver/Src/stm32f1xx_hal_tim.c.obj
 .debug_aranges
                0x00000000000007d8      0x168 cmake/stm32cubemx/CMakeFiles/STM32_Drivers.dir/__/__/Drivers/STM32F1xx_HAL_Driver/Src/stm32f1xx_hal_tim_ex.c.obj
 .debug_aranges
                0x0000000000000940       0xe0 cmake/stm32cubemx/CMakeFiles/STM32_Drivers.dir/__/__/Drivers/STM32F1xx_HAL_Driver/Src/stm32f1xx_hal.c.obj
 .debug_aranges
                0x0000000000000a20       0x90 cmake/stm32cubemx/CMakeFiles/STM32_Drivers.dir/__/__/Drivers/STM32F1xx_HAL_Driver/Src/stm32f1xx_hal_rcc.c.obj
 .debug_aranges
                0x0000000000000ab0       0x58 cmake/stm32cubemx/CMakeFiles/STM32_Drivers.dir/__/__/Drivers/STM32F1xx_HAL_Driver/Src/stm32f1xx_hal_gpio.c.obj
 .debug_aranges
                0x0000000000000b08      0x100 cmake/stm32cubemx/CMakeFiles/STM32_Drivers.dir/__/__/Drivers/STM32F1xx_HAL_Driver/Src/stm32f1xx_hal_cortex.c.obj
 .debug_aranges
                0x0000000000000c08       0x88 cmake/stm32cubemx/CMakeFiles/STM32_Drivers.dir/__/__/Drivers/STM32F1xx_HAL_Driver/Src/stm32f1xx_hal_flash.c.obj
 .debug_aranges
                0x0000000000000c90       0x98 cmake/stm32cubemx/CMakeFiles/STM32_Drivers.dir/__/__/Drivers/STM32F1xx_HAL_Driver/Src/stm32f1xx_hal_flash_ex.c.obj
 .debug_aranges
                0x0000000000000d28      0x208 cmake/stm32cubemx/CMakeFiles/STM32_Drivers.dir/__/__/Drivers/STM32F1xx_HAL_Driver/Src/stm32f1xx_hal_uart.c.obj
 .debug_aranges
                0x0000000000000f30       0x20 /usr/lib/gcc/arm-none-eabi/10.3.1/thumb/v7-m/nofp/libgcc.a(_arm_addsubsf3.o)
 .debug_aranges
                0x0000000000000f50       0x20 /usr/lib/gcc/arm-none-eabi/10.3.1/thumb/v7-m/nofp/libgcc.a(_arm_muldivsf3.o)
 .debug_aranges
                0x0000000000000f70       0x20 /usr/lib/gcc/arm-none-eabi/10.3.1/thumb/v7-m/nofp/libgcc.a(_arm_cmpsf2.o)
 .debug_aranges
                0x0000000000000f90       0x20 /usr/lib/gcc/arm-none-eabi/10.3.1/thumb/v7-m/nofp/libgcc.a(_arm_fixunssfsi.o)
 .debug_aranges
                0x0000000000000fb0       0x20 /usr/lib/gcc/arm-none-eabi/10.3.1/../../../arm-none-eabi/lib/thumb/v7-m/nofp/libg_nano.a(lib_a-atoi.o)
 .debug_aranges
                0x0000000000000fd0       0x18 /usr/lib/gcc/arm-none-eabi/10.3.1/../../../arm-none-eabi/lib/thumb/v7-m/nofp/libg_nano.a(lib_a-ctype_.o)
 .debug_aranges
                0x0000000000000fe8       0x20 /usr/lib/gcc/arm-none-eabi/10.3.1/../../../arm-none-eabi/lib/thumb/v7-m/nofp/libg_nano.a(lib_a-errno.o)
 .debug_aranges
                0x0000000000001008       0x18 /usr/lib/gcc/arm-none-eabi/10.3.1/../../../arm-none-eabi/lib/thumb/v7-m/nofp/libg_nano.a(lib_a-impure.o)
 .debug_aranges
                0x0000000000001020       0x20 /usr/lib/gcc/arm-none-eabi/10.3.1/../../../arm-none-eabi/lib/thumb/v7-m/nofp/libg_nano.a(lib_a-init.o)
 .debug_aranges
                0x0000000000001040       0x20 /usr/lib/gcc/arm-none-eabi/10.3.1/../../../arm-none-eabi/lib/thumb/v7-m/nofp/libg_nano.a(lib_a-memmove.o)
 .debug_aranges
                0x0000000000001060       0x20 /usr/lib/gcc/arm-none-eabi/10.3.1/../../../arm-none-eabi/lib/thumb/v7-m/nofp/libg_nano.a(lib_a-memset.o)
 .debug_aranges
                0x0000000000001080       0x20 /usr/lib/gcc/arm-none-eabi/10.3.1/../../../arm-none-eabi/lib/thumb/v7-m/nofp/libg_nano.a(lib_a-snprintf.o)
 .debug_aranges
                0x00000000000010a0       0x20 /usr/lib/gcc/arm-none-eabi/10.3.1/../../../arm-none-eabi/lib/thumb/v7-m/nofp/libg_nano.a(lib_a-strchr.o)
 .debug_aranges
                0x00000000000010c0       0x20 /usr/lib/gcc/arm-none-eabi/10.3.1/../../../arm-none-eabi/lib/thumb/v7-m/nofp/libg_nano.a(lib_a-strcmp.o)
 .debug_aranges
                0x00000000000010e0       0x20 /usr/lib/gcc/arm-none-eabi/10.3.1/../../../arm-none-eabi/lib/thumb/v7-m/nofp/libg_nano.a(lib_a-strlen-stub.o)
 .debug_aranges
                0x0000000000001100       0x20 /usr/lib/gcc/arm-none-eabi/10.3.1/../../../arm-none-eabi/lib/thumb/v7-m/nofp/libg_nano.a(lib_a-strncpy.o)
 .debug_aranges
                0x0000000000001120       0x20 /usr/lib/gcc/arm-none-eabi/10.3.1/../../../arm-none-eabi/lib/thumb/v7-m/nofp/libg_nano.a(lib_a-strtol.o)
 .debug_aranges
                0x0000000000001140       0x20 /usr/lib/gcc/arm-none-eabi/10.3.1/../../../arm-none-eabi/lib/thumb/v7-m/nofp/libg_nano.a(lib_a-nano-svfprintf.o)
 .debug_aranges
                0x0000000000001160       0x20 /usr/lib/gcc/arm-none-eabi/10.3.1/../../../arm-none-eabi/lib/thumb/v7-m/nofp/libg_nano.a(lib_a-nano-vfprintf_i.o)
 .debug_aranges
                0x0000000000001180       0x20 /usr/lib/gcc/arm-none-eabi/10.3.1/../../../arm-none-eabi/lib/thumb/v7-m/nofp/libg_nano.a(lib_a-memchr-stub.o)
 .debug_aranges
                0x00000000000011a0       0x20 /usr/lib/gcc/arm-none-eabi/10.3.1/../../../arm-none-eabi/lib/thumb/v7-m/nofp/libg_nano.a(lib_a-memcpy.o)
 .debug_aranges
                0x00000000000011c0       0x20 /usr/lib/gcc/arm-none-eabi/10.3.1/../../../arm-none-eabi/lib/thumb/v7-m/nofp/libg_nano.a(lib_a-nano-freer.o)
 .debug_aranges
                0x00000000000011e0       0x20 /usr/lib/gcc/arm-none-eabi/10.3.1/../../../arm-none-eabi/lib/thumb/v7-m/nofp/libg_nano.a(lib_a-nano-mallocr.o)
 .debug_aranges
                0x0000000000001200       0x20 /usr/lib/gcc/arm-none-eabi/10.3.1/../../../arm-none-eabi/lib/thumb/v7-m/nofp/libg_nano.a(lib_a-nano-reallocr.o)
 .debug_aranges
                0x0000000000001220       0x20 /usr/lib/gcc/arm-none-eabi/10.3.1/../../../arm-none-eabi/lib/thumb/v7-m/nofp/libg_nano.a(lib_a-sbrkr.o)
 .debug_aranges
                0x0000000000001240       0x20 /usr/lib/gcc/arm-none-eabi/10.3.1/../../../arm-none-eabi/lib/thumb/v7-m/nofp/libg_nano.a(lib_a-mlock.o)
 .debug_aranges
                0x0000000000001260       0x20 /usr/lib/gcc/arm-none-eabi/10.3.1/../../../arm-none-eabi/lib/thumb/v7-m/nofp/libg_nano.a(lib_a-nano-msizer.o)
 .debug_aranges
                0x0000000000001280       0x20 /usr/lib/gcc/arm-none-eabi/10.3.1/../../../arm-none-eabi/lib/thumb/v7-m/nofp/libg_nano.a(lib_a-reent.o)

.debug_ranges   0x0000000000000000      0xff8
 .debug_ranges  0x0000000000000000       0x20 CMakeFiles/Pusher_Motor.dir/Core/Src/main.c.obj
 .debug_ranges  0x0000000000000020       0x10 CMakeFiles/Pusher_Motor.dir/Core/Src/gpio.c.obj
 .debug_ranges  0x0000000000000030       0x28 CMakeFiles/Pusher_Motor.dir/Core/Src/tim.c.obj
 .debug_ranges  0x0000000000000058       0x20 CMakeFiles/Pusher_Motor.dir/Core/Src/usart.c.obj
 .debug_ranges  0x0000000000000078       0x58 CMakeFiles/Pusher_Motor.dir/Core/Src/stm32f1xx_it.c.obj
 .debug_ranges  0x00000000000000d0       0x10 CMakeFiles/Pusher_Motor.dir/Core/Src/stm32f1xx_hal_msp.c.obj
 .debug_ranges  0x00000000000000e0       0x10 CMakeFiles/Pusher_Motor.dir/Core/Src/sysmem.c.obj
 .debug_ranges  0x00000000000000f0       0xb0 CMakeFiles/Pusher_Motor.dir/Core/Src/pusher_motor.c.obj
 .debug_ranges  0x00000000000001a0       0xd8 CMakeFiles/Pusher_Motor.dir/Core/Src/cli.c.obj
 .debug_ranges  0x0000000000000278       0x38 CMakeFiles/Pusher_Motor.dir/Core/Src/flash_storage.c.obj
 .debug_ranges  0x00000000000002b0       0x88 CMakeFiles/Pusher_Motor.dir/Core/Src/params_manager.c.obj
 .debug_ranges  0x0000000000000338       0x20 CMakeFiles/Pusher_Motor.dir/startup_stm32f103xb.s.obj
 .debug_ranges  0x0000000000000358       0x18 cmake/stm32cubemx/CMakeFiles/STM32_Drivers.dir/__/__/Core/Src/system_stm32f1xx.c.obj
 .debug_ranges  0x0000000000000370      0x3c0 cmake/stm32cubemx/CMakeFiles/STM32_Drivers.dir/__/__/Drivers/STM32F1xx_HAL_Driver/Src/stm32f1xx_hal_tim.c.obj
 .debug_ranges  0x0000000000000730      0x158 cmake/stm32cubemx/CMakeFiles/STM32_Drivers.dir/__/__/Drivers/STM32F1xx_HAL_Driver/Src/stm32f1xx_hal_tim_ex.c.obj
 .debug_ranges  0x0000000000000888       0xd0 cmake/stm32cubemx/CMakeFiles/STM32_Drivers.dir/__/__/Drivers/STM32F1xx_HAL_Driver/Src/stm32f1xx_hal.c.obj
 .debug_ranges  0x0000000000000958       0x80 cmake/stm32cubemx/CMakeFiles/STM32_Drivers.dir/__/__/Drivers/STM32F1xx_HAL_Driver/Src/stm32f1xx_hal_rcc.c.obj
 .debug_ranges  0x00000000000009d8       0x48 cmake/stm32cubemx/CMakeFiles/STM32_Drivers.dir/__/__/Drivers/STM32F1xx_HAL_Driver/Src/stm32f1xx_hal_gpio.c.obj
 .debug_ranges  0x0000000000000a20       0xf0 cmake/stm32cubemx/CMakeFiles/STM32_Drivers.dir/__/__/Drivers/STM32F1xx_HAL_Driver/Src/stm32f1xx_hal_cortex.c.obj